ri-quality report
Input: ./peng.mp4
Frames processed: 60 (limit: 60), resolution: 1920x1280 @ 25 fps
Settings: intra=85 inter=80 search=12 skip=12 y-only=true per-frame=true
Encoded size: 2.7 MiB (2795143 bytes, 46585.72 bytes/frame, 0.152 bpp)
File skip rate: 26.96% blocks (155292 / 576000) — these motion-predicted blocks quantized to zero residual, so no residual bytes were stored for them

=== Quality Metrics ===
  PSNR-Y mean: 40.36 dB
  PSNR-RGB mean: n/a dB
  DSSIM mean: 0.00501

=== Performance ===
  Encode: total 32082.2 ms (I 111.8 ms / P 31970.4 ms) | 1.87 fps
  Decode: total 4826.9 ms (I 28.4 ms / P 4798.5 ms) | 12.43 fps

=== Efficiency Metrics ===
  Bytes × DSSIM: 14004
  Bytes per PSNR-Y dB: 69248.60
  Bytes per PSNR-RGB dB: n/a
  Encode quality throughput (dB·fps): 75.49
  Decode quality throughput (dB·fps): 501.73

=== Data Breakdown ===
  Motion vectors: raw 1.9 MiB -> compressed 793.2 KiB (ratio 2.48:1), 29.1% of file
  Residuals total: 1.9 MiB (70.9% of file)
    I-frame JPEG: 451.6 KiB (16.5% of file)
    P-frame residual: 1.4 MiB (54.4% of file)
    Residual raw 294.1 MiB -> compressed 1.4 MiB (ratio 202.97:1)

=== Block Stats ===
  Skip rate: 26.96% (155292 / 576000)
  MV zero-delta: 18.48% (106440 / 576000)

=== Motion-Vector Diagnostics ===
  Mode split: Zero 1.0% (5681 blocks) | Nearest 10.5% (58737 blocks) | Near 7.5% (42022 blocks) | New 80.9% (450360 blocks)
  Predictor richness: avg 4.39 unique/block (min 1 max 5)
  NEW zero share: pre 0.0% → post 0.0% | axis-zero X 12.7% Y 10.8% | NEAR ref 46.0%
  NEW delta magnitude: mean 5.26px, stddev 4.78px (450360 blocks)
  Magnitude classes (per-axis): C0:23.5% | C1:26.6% | C2:20.7% | C3:16.5% | C4:10.9% | C5:1.7%
  Bias (Δx, Δy): avg (0.0, 0.0) | dx range 0..0 | dy range 0..0

=== Per-frame breakdown ===
#0000 [I] psnrY=48.66 psnrRGB=n/a dssim=0.00042 enc=58.04 ms dec=13.84 ms size=220.3 KiB mv=0 B (raw 0 B) res=220.3 KiB (raw -) skip=0.0% mv0=0.0% cand=- new0=- bias=(0,0) modes=-
#0001 [P] psnrY=41.90 psnrRGB=n/a dssim=0.00277 enc=527.16 ms dec=64.47 ms size=34.3 KiB mv=12.5 KiB (raw 31.8 KiB) res=21.8 KiB (raw 3.4 MiB) skip=51.3% mv0=30.1% cand=3.29 new0=0.0%→0.0% bias=(0,0) modes=Z2%/Nr17%/Na12%/Nw70%
#0002 [P] psnrY=41.44 psnrRGB=n/a dssim=0.00338 enc=534.28 ms dec=70.91 ms size=28.6 KiB mv=12.9 KiB (raw 32.2 KiB) res=15.7 KiB (raw 4.0 MiB) skip=43.7% mv0=28.4% cand=4.24 new0=0.0%→0.0% bias=(0,0) modes=Z2%/Nr16%/Na11%/Nw72%
#0003 [P] psnrY=40.98 psnrRGB=n/a dssim=0.00359 enc=534.42 ms dec=73.47 ms size=29.3 KiB mv=13.2 KiB (raw 32.6 KiB) res=16.1 KiB (raw 4.3 MiB) skip=39.5% mv0=26.1% cand=4.26 new0=0.0%→0.0% bias=(0,0) modes=Z2%/Nr14%/Na10%/Nw74%
#0004 [P] psnrY=40.89 psnrRGB=n/a dssim=0.00384 enc=542.33 ms dec=76.43 ms size=30.3 KiB mv=13.4 KiB (raw 33.2 KiB) res=16.9 KiB (raw 4.5 MiB) skip=36.6% mv0=23.0% cand=4.37 new0=0.0%→0.0% bias=(0,0) modes=Z1%/Nr12%/Na10%/Nw77%
#0005 [P] psnrY=40.48 psnrRGB=n/a dssim=0.00405 enc=559.66 ms dec=82.93 ms size=35.2 KiB mv=13.8 KiB (raw 34.2 KiB) res=21.3 KiB (raw 4.8 MiB) skip=32.4% mv0=17.6% cand=4.48 new0=0.0%→0.0% bias=(0,0) modes=Z1%/Nr9%/Na7%/Nw82%
#0006 [P] psnrY=39.55 psnrRGB=n/a dssim=0.00523 enc=565.74 ms dec=94.00 ms size=58.1 KiB mv=13.8 KiB (raw 33.6 KiB) res=44.3 KiB (raw 6.2 MiB) skip=11.5% mv0=20.8% cand=4.43 new0=0.0%→0.0% bias=(0,0) modes=Z1%/Nr12%/Na8%/Nw79%
#0007 [P] psnrY=39.69 psnrRGB=n/a dssim=0.00528 enc=549.17 ms dec=86.06 ms size=42.5 KiB mv=13.7 KiB (raw 34.3 KiB) res=28.8 KiB (raw 5.5 MiB) skip=21.7% mv0=17.0% cand=4.48 new0=0.0%→0.0% bias=(0,0) modes=Z1%/Nr9%/Na7%/Nw83%
#0008 [P] psnrY=39.69 psnrRGB=n/a dssim=0.00553 enc=553.10 ms dec=88.71 ms size=45.4 KiB mv=13.5 KiB (raw 33.7 KiB) res=31.8 KiB (raw 5.8 MiB) skip=17.8% mv0=20.1% cand=4.37 new0=0.0%→0.0% bias=(0,0) modes=Z1%/Nr11%/Na8%/Nw80%
#0009 [P] psnrY=39.78 psnrRGB=n/a dssim=0.00567 enc=558.15 ms dec=89.48 ms size=43.3 KiB mv=13.7 KiB (raw 34.1 KiB) res=29.6 KiB (raw 5.7 MiB) skip=18.3% mv0=18.0% cand=4.41 new0=0.0%→0.0% bias=(0,0) modes=Z1%/Nr10%/Na7%/Nw82%
#0010 [P] psnrY=39.65 psnrRGB=n/a dssim=0.00554 enc=554.87 ms dec=87.30 ms size=43.4 KiB mv=13.7 KiB (raw 34.2 KiB) res=29.7 KiB (raw 5.7 MiB) skip=19.2% mv0=17.8% cand=4.41 new0=0.0%→0.0% bias=(0,0) modes=Z1%/Nr10%/Na7%/Nw82%
#0011 [P] psnrY=39.33 psnrRGB=n/a dssim=0.00605 enc=570.03 ms dec=90.45 ms size=54.7 KiB mv=14.0 KiB (raw 34.1 KiB) res=40.7 KiB (raw 5.9 MiB) skip=15.8% mv0=18.1% cand=4.44 new0=0.0%→0.0% bias=(0,0) modes=Z1%/Nr11%/Na7%/Nw82%
#0012 [P] psnrY=39.56 psnrRGB=n/a dssim=0.00562 enc=564.00 ms dec=83.87 ms size=38.4 KiB mv=13.6 KiB (raw 33.9 KiB) res=24.8 KiB (raw 5.4 MiB) skip=23.1% mv0=19.3% cand=4.43 new0=0.0%→0.0% bias=(0,0) modes=Z1%/Nr10%/Na8%/Nw81%
#0013 [P] psnrY=39.76 psnrRGB=n/a dssim=0.00519 enc=560.89 ms dec=84.73 ms size=35.5 KiB mv=13.6 KiB (raw 33.9 KiB) res=21.9 KiB (raw 5.3 MiB) skip=24.9% mv0=19.3% cand=4.39 new0=0.0%→0.0% bias=(0,0) modes=Z1%/Nr10%/Na8%/Nw81%
#0014 [P] psnrY=39.93 psnrRGB=n/a dssim=0.00505 enc=562.08 ms dec=80.50 ms size=34.5 KiB mv=13.6 KiB (raw 33.9 KiB) res=20.8 KiB (raw 5.1 MiB) skip=28.0% mv0=19.2% cand=4.43 new0=0.0%→0.0% bias=(0,0) modes=Z1%/Nr10%/Na8%/Nw81%
#0015 [P] psnrY=39.96 psnrRGB=n/a dssim=0.00493 enc=554.06 ms dec=82.01 ms size=37.0 KiB mv=13.8 KiB (raw 34.4 KiB) res=23.2 KiB (raw 5.2 MiB) skip=26.1% mv0=16.4% cand=4.50 new0=0.0%→0.0% bias=(0,0) modes=Z1%/Nr9%/Na7%/Nw84%
#0016 [P] psnrY=39.43 psnrRGB=n/a dssim=0.00560 enc=560.84 ms dec=89.76 ms size=53.1 KiB mv=14.1 KiB (raw 34.7 KiB) res=38.9 KiB (raw 6.0 MiB) skip=15.3% mv0=15.1% cand=4.56 new0=0.0%→0.0% bias=(0,0) modes=Z1%/Nr8%/Na6%/Nw85%
#0017 [P] psnrY=39.67 psnrRGB=n/a dssim=0.00537 enc=547.06 ms dec=83.82 ms size=37.1 KiB mv=13.6 KiB (raw 34.4 KiB) res=23.4 KiB (raw 5.3 MiB) skip=25.3% mv0=16.4% cand=4.52 new0=0.0%→0.0% bias=(0,0) modes=Z1%/Nr9%/Na7%/Nw84%
#0018 [P] psnrY=39.79 psnrRGB=n/a dssim=0.00524 enc=560.55 ms dec=82.73 ms size=39.2 KiB mv=13.6 KiB (raw 34.6 KiB) res=25.5 KiB (raw 5.3 MiB) skip=24.1% mv0=15.2% cand=4.52 new0=0.0%→0.0% bias=(0,0) modes=Z1%/Nr8%/Na7%/Nw85%
#0019 [P] psnrY=39.85 psnrRGB=n/a dssim=0.00527 enc=568.50 ms dec=89.43 ms size=39.5 KiB mv=13.7 KiB (raw 34.7 KiB) res=25.8 KiB (raw 5.6 MiB) skip=20.4% mv0=14.9% cand=4.54 new0=0.0%→0.0% bias=(0,0) modes=Z1%/Nr8%/Na6%/Nw85%
#0020 [P] psnrY=39.66 psnrRGB=n/a dssim=0.00520 enc=548.32 ms dec=87.63 ms size=39.7 KiB mv=13.6 KiB (raw 34.7 KiB) res=26.1 KiB (raw 5.6 MiB) skip=19.7% mv0=15.0% cand=4.51 new0=0.0%→0.0% bias=(0,0) modes=Z1%/Nr8%/Na6%/Nw85%
#0021 [P] psnrY=39.35 psnrRGB=n/a dssim=0.00618 enc=567.56 ms dec=93.09 ms size=60.2 KiB mv=14.1 KiB (raw 34.2 KiB) res=46.2 KiB (raw 6.2 MiB) skip=11.6% mv0=17.8% cand=4.49 new0=0.0%→0.0% bias=(0,0) modes=Z1%/Nr10%/Na7%/Nw82%
#0022 [P] psnrY=39.72 psnrRGB=n/a dssim=0.00585 enc=548.08 ms dec=86.11 ms size=39.3 KiB mv=13.5 KiB (raw 34.0 KiB) res=25.8 KiB (raw 5.6 MiB) skip=21.0% mv0=18.8% cand=4.44 new0=0.0%→0.0% bias=(0,0) modes=Z1%/Nr11%/Na7%/Nw81%
#0023 [P] psnrY=39.70 psnrRGB=n/a dssim=0.00550 enc=546.53 ms dec=85.96 ms size=39.3 KiB mv=13.0 KiB (raw 33.8 KiB) res=26.3 KiB (raw 5.5 MiB) skip=22.2% mv0=19.9% cand=4.37 new0=0.0%→0.0% bias=(0,0) modes=Z1%/Nr12%/Na8%/Nw80%
#0024 [P] psnrY=39.89 psnrRGB=n/a dssim=0.00538 enc=544.30 ms dec=85.58 ms size=38.5 KiB mv=13.2 KiB (raw 34.1 KiB) res=25.3 KiB (raw 5.5 MiB) skip=22.4% mv0=18.4% cand=4.40 new0=0.0%→0.0% bias=(0,0) modes=Z1%/Nr11%/Na7%/Nw82%
#0025 [P] psnrY=39.73 psnrRGB=n/a dssim=0.00519 enc=545.02 ms dec=85.89 ms size=39.6 KiB mv=13.4 KiB (raw 34.5 KiB) res=26.2 KiB (raw 5.5 MiB) skip=22.3% mv0=15.9% cand=4.46 new0=0.0%→0.0% bias=(0,0) modes=Z1%/Nr8%/Na7%/Nw84%
#0026 [P] psnrY=39.35 psnrRGB=n/a dssim=0.00546 enc=555.85 ms dec=88.81 ms size=51.9 KiB mv=13.6 KiB (raw 34.1 KiB) res=38.3 KiB (raw 5.8 MiB) skip=17.2% mv0=18.0% cand=4.47 new0=0.0%→0.0% bias=(0,0) modes=Z1%/Nr10%/Na7%/Nw82%
#0027 [P] psnrY=39.59 psnrRGB=n/a dssim=0.00532 enc=550.14 ms dec=84.37 ms size=37.3 KiB mv=13.5 KiB (raw 34.7 KiB) res=23.7 KiB (raw 5.4 MiB) skip=23.0% mv0=14.9% cand=4.57 new0=0.0%→0.0% bias=(0,0) modes=Z1%/Nr8%/Na7%/Nw85%
#0028 [P] psnrY=39.62 psnrRGB=n/a dssim=0.00529 enc=547.58 ms dec=84.20 ms size=38.6 KiB mv=13.4 KiB (raw 34.5 KiB) res=25.2 KiB (raw 5.4 MiB) skip=23.1% mv0=16.0% cand=4.52 new0=0.0%→0.0% bias=(0,0) modes=Z1%/Nr9%/Na7%/Nw84%
#0029 [P] psnrY=39.64 psnrRGB=n/a dssim=0.00541 enc=547.72 ms dec=86.31 ms size=38.9 KiB mv=13.2 KiB (raw 34.0 KiB) res=25.7 KiB (raw 5.6 MiB) skip=20.5% mv0=18.8% cand=4.45 new0=0.0%→0.0% bias=(0,0) modes=Z1%/Nr10%/Na8%/Nw81%
#0030 [I] psnrY=48.17 psnrRGB=n/a dssim=0.00046 enc=53.77 ms dec=14.58 ms size=231.3 KiB mv=0 B (raw 0 B) res=231.3 KiB (raw -) skip=0.0% mv0=0.0% cand=- new0=- bias=(0,0) modes=-
#0031 [P] psnrY=40.14 psnrRGB=n/a dssim=0.00451 enc=552.99 ms dec=90.29 ms size=58.9 KiB mv=13.9 KiB (raw 33.2 KiB) res=45.0 KiB (raw 6.1 MiB) skip=13.9% mv0=22.7% cand=3.42 new0=0.0%→0.0% bias=(0,0) modes=Z1%/Nr14%/Na8%/Nw77%
#0032 [P] psnrY=40.15 psnrRGB=n/a dssim=0.00451 enc=540.14 ms dec=82.33 ms size=38.8 KiB mv=14.0 KiB (raw 34.6 KiB) res=24.8 KiB (raw 4.9 MiB) skip=30.4% mv0=15.4% cand=4.55 new0=0.0%→0.0% bias=(0,0) modes=Z1%/Nr8%/Na6%/Nw85%
#0033 [P] psnrY=39.78 psnrRGB=n/a dssim=0.00462 enc=540.18 ms dec=83.83 ms size=41.4 KiB mv=13.9 KiB (raw 34.5 KiB) res=27.4 KiB (raw 5.2 MiB) skip=25.9% mv0=16.0% cand=4.50 new0=0.0%→0.0% bias=(0,0) modes=Z1%/Nr9%/Na7%/Nw84%
#0034 [P] psnrY=39.97 psnrRGB=n/a dssim=0.00481 enc=537.60 ms dec=81.60 ms size=37.6 KiB mv=13.4 KiB (raw 33.6 KiB) res=24.1 KiB (raw 4.9 MiB) skip=29.6% mv0=20.9% cand=4.36 new0=0.0%→0.0% bias=(0,0) modes=Z1%/Nr12%/Na8%/Nw79%
#0035 [P] psnrY=39.87 psnrRGB=n/a dssim=0.00511 enc=565.98 ms dec=85.50 ms size=41.2 KiB mv=13.4 KiB (raw 33.3 KiB) res=27.8 KiB (raw 5.4 MiB) skip=23.6% mv0=22.2% cand=4.30 new0=0.0%→0.0% bias=(0,0) modes=Z1%/Nr13%/Na8%/Nw78%
#0036 [P] psnrY=39.39 psnrRGB=n/a dssim=0.00586 enc=577.06 ms dec=114.54 ms size=59.9 KiB mv=13.9 KiB (raw 33.9 KiB) res=46.0 KiB (raw 6.4 MiB) skip=9.3% mv0=19.2% cand=4.43 new0=0.0%→0.0% bias=(0,0) modes=Z1%/Nr11%/Na8%/Nw81%
#0037 [P] psnrY=39.59 psnrRGB=n/a dssim=0.00568 enc=549.26 ms dec=85.49 ms size=41.7 KiB mv=13.7 KiB (raw 34.4 KiB) res=28.0 KiB (raw 5.5 MiB) skip=22.2% mv0=16.4% cand=4.50 new0=0.0%→0.0% bias=(0,0) modes=Z1%/Nr9%/Na7%/Nw84%
#0038 [P] psnrY=39.72 psnrRGB=n/a dssim=0.00540 enc=553.32 ms dec=87.68 ms size=42.2 KiB mv=13.6 KiB (raw 34.2 KiB) res=28.6 KiB (raw 5.5 MiB) skip=21.2% mv0=17.7% cand=4.42 new0=0.0%→0.0% bias=(0,0) modes=Z1%/Nr10%/Na7%/Nw82%
#0039 [P] psnrY=39.63 psnrRGB=n/a dssim=0.00556 enc=552.97 ms dec=87.05 ms size=42.3 KiB mv=13.5 KiB (raw 34.2 KiB) res=28.7 KiB (raw 5.6 MiB) skip=20.9% mv0=17.5% cand=4.43 new0=0.0%→0.0% bias=(0,0) modes=Z1%/Nr10%/Na7%/Nw82%
#0040 [P] psnrY=39.67 psnrRGB=n/a dssim=0.00532 enc=545.79 ms dec=83.64 ms size=40.7 KiB mv=13.4 KiB (raw 34.1 KiB) res=27.3 KiB (raw 5.4 MiB) skip=22.7% mv0=18.1% cand=4.42 new0=0.0%→0.0% bias=(0,0) modes=Z1%/Nr9%/Na8%/Nw82%
#0041 [P] psnrY=39.19 psnrRGB=n/a dssim=0.00643 enc=555.42 ms dec=91.67 ms size=59.4 KiB mv=13.4 KiB (raw 33.3 KiB) res=45.9 KiB (raw 6.2 MiB) skip=11.9% mv0=22.3% cand=4.36 new0=0.0%→0.0% bias=(0,0) modes=Z1%/Nr13%/Na8%/Nw78%
#0042 [P] psnrY=39.59 psnrRGB=n/a dssim=0.00595 enc=552.74 ms dec=84.64 ms size=37.8 KiB mv=13.5 KiB (raw 34.5 KiB) res=24.2 KiB (raw 5.4 MiB) skip=22.8% mv0=16.0% cand=4.54 new0=0.0%→0.0% bias=(0,0) modes=Z1%/Nr8%/Na7%/Nw84%
#0043 [P] psnrY=39.77 psnrRGB=n/a dssim=0.00546 enc=547.52 ms dec=81.58 ms size=35.3 KiB mv=13.3 KiB (raw 33.9 KiB) res=22.0 KiB (raw 5.2 MiB) skip=25.5% mv0=19.0% cand=4.42 new0=0.0%→0.0% bias=(0,0) modes=Z1%/Nr10%/Na8%/Nw81%
#0044 [P] psnrY=39.92 psnrRGB=n/a dssim=0.00532 enc=543.20 ms dec=80.27 ms size=33.6 KiB mv=13.0 KiB (raw 33.8 KiB) res=20.6 KiB (raw 5.1 MiB) skip=27.1% mv0=20.0% cand=4.41 new0=0.0%→0.0% bias=(0,0) modes=Z1%/Nr11%/Na9%/Nw80%
#0045 [P] psnrY=39.92 psnrRGB=n/a dssim=0.00503 enc=546.70 ms dec=82.29 ms size=34.8 KiB mv=13.1 KiB (raw 33.9 KiB) res=21.7 KiB (raw 5.1 MiB) skip=26.9% mv0=19.3% cand=4.42 new0=0.0%→0.0% bias=(0,0) modes=Z1%/Nr10%/Na8%/Nw81%
#0046 [P] psnrY=38.39 psnrRGB=n/a dssim=0.00888 enc=594.81 ms dec=105.28 ms size=102.5 KiB mv=13.7 KiB (raw 33.1 KiB) res=88.9 KiB (raw 7.0 MiB) skip=0.0% mv0=23.6% cand=4.37 new0=0.0%→0.0% bias=(0,0) modes=Z1%/Nr15%/Na8%/Nw76%
#0047 [P] psnrY=39.74 psnrRGB=n/a dssim=0.00648 enc=543.82 ms dec=68.55 ms size=25.2 KiB mv=14.3 KiB (raw 34.2 KiB) res=10.8 KiB (raw 3.7 MiB) skip=47.5% mv0=17.7% cand=4.51 new0=0.0%→0.0% bias=(0,0) modes=Z1%/Nr10%/Na7%/Nw82%
#0048 [P] psnrY=40.48 psnrRGB=n/a dssim=0.00533 enc=540.78 ms dec=68.80 ms size=24.8 KiB mv=14.3 KiB (raw 34.1 KiB) res=10.5 KiB (raw 3.6 MiB) skip=48.6% mv0=18.4% cand=4.36 new0=0.0%→0.0% bias=(0,0) modes=Z1%/Nr10%/Na7%/Nw82%
#0049 [P] psnrY=40.71 psnrRGB=n/a dssim=0.00500 enc=543.56 ms dec=72.67 ms size=28.2 KiB mv=14.3 KiB (raw 34.4 KiB) res=13.9 KiB (raw 3.8 MiB) skip=45.6% mv0=16.6% cand=4.52 new0=0.0%→0.0% bias=(0,0) modes=Z1%/Nr9%/Na6%/Nw83%
#0050 [P] psnrY=40.99 psnrRGB=n/a dssim=0.00476 enc=550.52 ms dec=70.40 ms size=25.2 KiB mv=14.1 KiB (raw 33.9 KiB) res=11.0 KiB (raw 3.8 MiB) skip=45.5% mv0=19.1% cand=4.44 new0=0.0%→0.0% bias=(0,0) modes=Z1%/Nr11%/Na7%/Nw81%
#0051 [P] psnrY=41.13 psnrRGB=n/a dssim=0.00461 enc=547.24 ms dec=71.60 ms size=25.8 KiB mv=14.1 KiB (raw 33.9 KiB) res=11.6 KiB (raw 3.9 MiB) skip=44.9% mv0=19.3% cand=4.29 new0=0.0%→0.0% bias=(0,0) modes=Z1%/Nr11%/Na7%/Nw81%
#0052 [P] psnrY=41.07 psnrRGB=n/a dssim=0.00466 enc=547.25 ms dec=71.95 ms size=26.8 KiB mv=14.2 KiB (raw 33.9 KiB) res=12.6 KiB (raw 4.0 MiB) skip=42.8% mv0=19.5% cand=4.29 new0=0.0%→0.0% bias=(0,0) modes=Z1%/Nr11%/Na8%/Nw81%
#0053 [P] psnrY=41.24 psnrRGB=n/a dssim=0.00453 enc=542.59 ms dec=68.80 ms size=25.5 KiB mv=14.1 KiB (raw 33.6 KiB) res=11.4 KiB (raw 3.7 MiB) skip=47.6% mv0=20.8% cand=4.27 new0=0.0%→0.0% bias=(0,0) modes=Z2%/Nr11%/Na8%/Nw79%
#0054 [P] psnrY=41.16 psnrRGB=n/a dssim=0.00459 enc=555.64 ms dec=71.15 ms size=29.8 KiB mv=14.3 KiB (raw 33.9 KiB) res=15.5 KiB (raw 4.1 MiB) skip=42.2% mv0=19.2% cand=4.45 new0=0.0%→0.0% bias=(0,0) modes=Z1%/Nr10%/Na8%/Nw81%
#0055 [P] psnrY=41.17 psnrRGB=n/a dssim=0.00462 enc=547.18 ms dec=76.37 ms size=26.8 KiB mv=14.2 KiB (raw 33.8 KiB) res=12.6 KiB (raw 3.9 MiB) skip=45.2% mv0=19.9% cand=4.42 new0=0.0%→0.0% bias=(0,0) modes=Z2%/Nr11%/Na7%/Nw80%
#0056 [P] psnrY=41.27 psnrRGB=n/a dssim=0.00462 enc=546.66 ms dec=85.17 ms size=26.6 KiB mv=14.1 KiB (raw 33.5 KiB) res=12.4 KiB (raw 3.9 MiB) skip=44.5% mv0=21.4% cand=4.27 new0=0.0%→0.0% bias=(0,0) modes=Z2%/Nr12%/Na8%/Nw79%
#0057 [P] psnrY=41.31 psnrRGB=n/a dssim=0.00468 enc=541.94 ms dec=70.76 ms size=26.4 KiB mv=14.1 KiB (raw 33.6 KiB) res=12.2 KiB (raw 3.9 MiB) skip=44.3% mv0=21.0% cand=4.32 new0=0.0%→0.0% bias=(0,0) modes=Z2%/Nr11%/Na8%/Nw79%
#0058 [P] psnrY=41.25 psnrRGB=n/a dssim=0.00459 enc=540.96 ms dec=71.32 ms size=26.6 KiB mv=14.1 KiB (raw 33.4 KiB) res=12.5 KiB (raw 3.9 MiB) skip=44.8% mv0=22.0% cand=4.25 new0=0.0%→0.0% bias=(0,0) modes=Z2%/Nr12%/Na8%/Nw78%
#0059 [P] psnrY=41.22 psnrRGB=n/a dssim=0.00486 enc=538.63 ms dec=74.30 ms size=29.6 KiB mv=14.1 KiB (raw 33.6 KiB) res=15.5 KiB (raw 4.0 MiB) skip=42.5% mv0=21.0% cand=4.40 new0=0.0%→0.0% bias=(0,0) modes=Z2%/Nr11%/Na8%/Nw79%
