ri-quality report
Input: ./peng.mp4
Frames processed: 60 (limit: 60), resolution: 1920x1280 @ 25 fps
Settings: intra=85 inter=80 search=12 skip=12 y-only=true per-frame=true
Encoded size: 2.7 MiB (2793537 bytes, 46558.95 bytes/frame, 0.152 bpp)
File skip rate: 28.59% blocks (164652 / 576000) — these motion-predicted blocks quantized to zero residual, so no residual bytes were stored for them

=== Quality Metrics ===
  PSNR-Y mean: 40.35 dB
  PSNR-RGB mean: n/a dB
  DSSIM mean: 0.00507

=== Performance ===
  Encode: total 20750.6 ms (I 108.9 ms / P 20641.7 ms) | 2.89 fps
  Decode: total 4579.7 ms (I 27.8 ms / P 4551.9 ms) | 13.10 fps

=== Efficiency Metrics ===
  Bytes × DSSIM: 14154
  Bytes per PSNR-Y dB: 69239.85
  Bytes per PSNR-RGB dB: n/a
  Encode quality throughput (dB·fps): 116.66
  Decode quality throughput (dB·fps): 528.58

=== Data Breakdown ===
  Motion vectors: raw 1.9 MiB -> compressed 800.7 KiB (ratio 2.45:1), 29.4% of file
  Residuals total: 1.9 MiB (70.6% of file)
    I-frame JPEG: 451.6 KiB (16.6% of file)
    P-frame residual: 1.4 MiB (54.0% of file)
    Residual raw 287.2 MiB -> compressed 1.4 MiB (ratio 199.46:1)

=== Block Stats ===
  Skip rate: 28.59% (164652 / 576000)
  MV zero-delta: 19.15% (110287 / 576000)

=== Motion-Vector Diagnostics ===
  Mode split: Zero 1.2% (6514 blocks) | Nearest 10.9% (60736 blocks) | Near 7.7% (43037 blocks) | New 80.2% (446513 blocks)
  Predictor richness: avg 4.37 unique/block (min 1 max 5)
  NEW zero share: pre 0.0% → post 0.0% | axis-zero X 13.1% Y 10.9% | NEAR ref 46.0%
  NEW delta magnitude: mean 5.31px, stddev 4.83px (446513 blocks)
  Magnitude classes (per-axis): C0:24.0% | C1:26.1% | C2:20.6% | C3:16.5% | C4:11.1% | C5:1.8%
  Bias (Δx, Δy): avg (0.0, 0.0) | dx range 0..0 | dy range 0..0

=== Per-frame breakdown ===
#0000 [I] psnrY=48.66 psnrRGB=n/a dssim=0.00042 enc=54.76 ms dec=13.55 ms size=220.3 KiB mv=0 B (raw 0 B) res=220.3 KiB (raw -) skip=0.0% mv0=0.0% cand=- new0=- bias=(0,0) modes=-
#0001 [P] psnrY=41.90 psnrRGB=n/a dssim=0.00280 enc=342.25 ms dec=63.98 ms size=34.6 KiB mv=12.6 KiB (raw 31.9 KiB) res=22.0 KiB (raw 3.5 MiB) skip=50.0% mv0=29.7% cand=3.30 new0=0.0%→0.0% bias=(0,0) modes=Z2%/Nr16%/Na12%/Nw70%
#0002 [P] psnrY=41.42 psnrRGB=n/a dssim=0.00342 enc=338.67 ms dec=66.60 ms size=28.6 KiB mv=12.9 KiB (raw 32.1 KiB) res=15.7 KiB (raw 3.9 MiB) skip=44.7% mv0=29.1% cand=4.24 new0=0.0%→0.0% bias=(0,0) modes=Z2%/Nr16%/Na11%/Nw71%
#0003 [P] psnrY=40.96 psnrRGB=n/a dssim=0.00366 enc=339.18 ms dec=69.54 ms size=29.4 KiB mv=13.3 KiB (raw 32.5 KiB) res=16.1 KiB (raw 4.2 MiB) skip=40.4% mv0=26.5% cand=4.25 new0=0.0%→0.0% bias=(0,0) modes=Z2%/Nr14%/Na10%/Nw74%
#0004 [P] psnrY=40.86 psnrRGB=n/a dssim=0.00386 enc=352.71 ms dec=70.67 ms size=30.4 KiB mv=13.6 KiB (raw 33.3 KiB) res=16.8 KiB (raw 4.3 MiB) skip=39.0% mv0=22.2% cand=4.39 new0=0.0%→0.0% bias=(0,0) modes=Z2%/Nr11%/Na9%/Nw78%
#0005 [P] psnrY=40.45 psnrRGB=n/a dssim=0.00409 enc=351.51 ms dec=77.66 ms size=35.3 KiB mv=13.9 KiB (raw 34.1 KiB) res=21.3 KiB (raw 4.6 MiB) skip=33.9% mv0=18.2% cand=4.48 new0=0.0%→0.0% bias=(0,0) modes=Z1%/Nr9%/Na7%/Nw82%
#0006 [P] psnrY=39.54 psnrRGB=n/a dssim=0.00522 enc=361.94 ms dec=91.41 ms size=58.3 KiB mv=13.8 KiB (raw 33.5 KiB) res=44.4 KiB (raw 6.2 MiB) skip=12.2% mv0=21.5% cand=4.42 new0=0.0%→0.0% bias=(0,0) modes=Z1%/Nr12%/Na8%/Nw79%
#0007 [P] psnrY=39.66 psnrRGB=n/a dssim=0.00533 enc=352.37 ms dec=81.75 ms size=42.3 KiB mv=13.8 KiB (raw 34.2 KiB) res=28.4 KiB (raw 5.4 MiB) skip=23.0% mv0=17.4% cand=4.47 new0=0.0%→0.0% bias=(0,0) modes=Z1%/Nr9%/Na7%/Nw83%
#0008 [P] psnrY=39.65 psnrRGB=n/a dssim=0.00554 enc=356.30 ms dec=85.76 ms size=45.5 KiB mv=13.6 KiB (raw 33.7 KiB) res=31.8 KiB (raw 5.7 MiB) skip=18.7% mv0=20.5% cand=4.35 new0=0.0%→0.0% bias=(0,0) modes=Z1%/Nr12%/Na8%/Nw79%
#0009 [P] psnrY=39.74 psnrRGB=n/a dssim=0.00574 enc=362.23 ms dec=91.13 ms size=43.3 KiB mv=13.8 KiB (raw 34.0 KiB) res=29.5 KiB (raw 5.7 MiB) skip=19.6% mv0=18.8% cand=4.40 new0=0.0%→0.0% bias=(0,0) modes=Z1%/Nr10%/Na7%/Nw81%
#0010 [P] psnrY=39.61 psnrRGB=n/a dssim=0.00559 enc=357.82 ms dec=88.88 ms size=43.1 KiB mv=13.7 KiB (raw 34.0 KiB) res=29.4 KiB (raw 5.5 MiB) skip=21.1% mv0=18.4% cand=4.41 new0=0.0%→0.0% bias=(0,0) modes=Z1%/Nr10%/Na7%/Nw82%
#0011 [P] psnrY=39.29 psnrRGB=n/a dssim=0.00606 enc=370.89 ms dec=89.77 ms size=54.7 KiB mv=14.0 KiB (raw 34.0 KiB) res=40.7 KiB (raw 5.9 MiB) skip=15.8% mv0=18.8% cand=4.43 new0=0.0%→0.0% bias=(0,0) modes=Z1%/Nr11%/Na7%/Nw81%
#0012 [P] psnrY=39.51 psnrRGB=n/a dssim=0.00569 enc=357.23 ms dec=86.71 ms size=38.3 KiB mv=13.7 KiB (raw 33.7 KiB) res=24.6 KiB (raw 5.3 MiB) skip=25.2% mv0=20.1% cand=4.42 new0=0.0%→0.0% bias=(0,0) modes=Z1%/Nr11%/Na8%/Nw80%
#0013 [P] psnrY=39.73 psnrRGB=n/a dssim=0.00517 enc=358.10 ms dec=79.08 ms size=35.5 KiB mv=13.7 KiB (raw 33.8 KiB) res=21.8 KiB (raw 5.1 MiB) skip=27.5% mv0=19.6% cand=4.39 new0=0.0%→0.0% bias=(0,0) modes=Z1%/Nr10%/Na8%/Nw80%
#0014 [P] psnrY=39.91 psnrRGB=n/a dssim=0.00506 enc=354.11 ms dec=75.53 ms size=34.0 KiB mv=13.7 KiB (raw 33.9 KiB) res=20.3 KiB (raw 4.8 MiB) skip=31.7% mv0=19.4% cand=4.42 new0=0.0%→0.0% bias=(0,0) modes=Z1%/Nr10%/Na8%/Nw81%
#0015 [P] psnrY=39.94 psnrRGB=n/a dssim=0.00498 enc=356.01 ms dec=77.55 ms size=36.7 KiB mv=13.9 KiB (raw 34.3 KiB) res=22.8 KiB (raw 4.9 MiB) skip=29.9% mv0=17.2% cand=4.49 new0=0.0%→0.0% bias=(0,0) modes=Z1%/Nr9%/Na7%/Nw83%
#0016 [P] psnrY=39.40 psnrRGB=n/a dssim=0.00569 enc=364.82 ms dec=87.38 ms size=53.0 KiB mv=14.3 KiB (raw 34.5 KiB) res=38.8 KiB (raw 5.9 MiB) skip=16.5% mv0=16.2% cand=4.54 new0=0.0%→0.0% bias=(0,0) modes=Z1%/Nr9%/Na6%/Nw84%
#0017 [P] psnrY=39.65 psnrRGB=n/a dssim=0.00543 enc=359.26 ms dec=77.95 ms size=36.9 KiB mv=13.7 KiB (raw 34.2 KiB) res=23.2 KiB (raw 5.1 MiB) skip=27.9% mv0=17.6% cand=4.49 new0=0.0%→0.0% bias=(0,0) modes=Z1%/Nr9%/Na7%/Nw82%
#0018 [P] psnrY=39.74 psnrRGB=n/a dssim=0.00528 enc=356.39 ms dec=80.94 ms size=38.9 KiB mv=13.8 KiB (raw 34.5 KiB) res=25.0 KiB (raw 5.1 MiB) skip=27.6% mv0=15.8% cand=4.51 new0=0.0%→0.0% bias=(0,0) modes=Z1%/Nr8%/Na7%/Nw84%
#0019 [P] psnrY=39.82 psnrRGB=n/a dssim=0.00532 enc=361.31 ms dec=83.96 ms size=39.5 KiB mv=13.9 KiB (raw 34.6 KiB) res=25.6 KiB (raw 5.4 MiB) skip=22.9% mv0=15.5% cand=4.53 new0=0.0%→0.0% bias=(0,0) modes=Z1%/Nr8%/Na6%/Nw85%
#0020 [P] psnrY=39.62 psnrRGB=n/a dssim=0.00529 enc=354.63 ms dec=81.53 ms size=39.9 KiB mv=13.8 KiB (raw 34.6 KiB) res=26.0 KiB (raw 5.5 MiB) skip=21.7% mv0=15.7% cand=4.51 new0=0.0%→0.0% bias=(0,0) modes=Z1%/Nr8%/Na7%/Nw84%
#0021 [P] psnrY=39.32 psnrRGB=n/a dssim=0.00624 enc=371.51 ms dec=89.80 ms size=60.5 KiB mv=14.1 KiB (raw 34.1 KiB) res=46.4 KiB (raw 6.2 MiB) skip=11.4% mv0=18.2% cand=4.47 new0=0.0%→0.0% bias=(0,0) modes=Z1%/Nr10%/Na7%/Nw82%
#0022 [P] psnrY=39.70 psnrRGB=n/a dssim=0.00591 enc=361.48 ms dec=80.84 ms size=39.3 KiB mv=13.7 KiB (raw 33.9 KiB) res=25.6 KiB (raw 5.4 MiB) skip=23.8% mv0=19.4% cand=4.43 new0=0.0%→0.0% bias=(0,0) modes=Z1%/Nr11%/Na8%/Nw81%
#0023 [P] psnrY=39.66 psnrRGB=n/a dssim=0.00558 enc=355.12 ms dec=83.22 ms size=39.4 KiB mv=13.2 KiB (raw 33.7 KiB) res=26.2 KiB (raw 5.4 MiB) skip=23.6% mv0=20.1% cand=4.37 new0=0.0%→0.0% bias=(0,0) modes=Z1%/Nr11%/Na8%/Nw80%
#0024 [P] psnrY=39.86 psnrRGB=n/a dssim=0.00548 enc=352.99 ms dec=80.38 ms size=38.3 KiB mv=13.3 KiB (raw 33.9 KiB) res=24.9 KiB (raw 5.3 MiB) skip=24.4% mv0=19.1% cand=4.38 new0=0.0%→0.0% bias=(0,0) modes=Z1%/Nr11%/Na8%/Nw81%
#0025 [P] psnrY=39.70 psnrRGB=n/a dssim=0.00529 enc=357.95 ms dec=80.82 ms size=39.5 KiB mv=13.5 KiB (raw 34.5 KiB) res=26.0 KiB (raw 5.3 MiB) skip=24.1% mv0=16.2% cand=4.45 new0=0.0%→0.0% bias=(0,0) modes=Z1%/Nr8%/Na7%/Nw84%
#0026 [P] psnrY=39.31 psnrRGB=n/a dssim=0.00552 enc=359.87 ms dec=85.33 ms size=51.8 KiB mv=13.8 KiB (raw 34.0 KiB) res=38.0 KiB (raw 5.7 MiB) skip=19.1% mv0=18.7% cand=4.45 new0=0.0%→0.0% bias=(0,0) modes=Z1%/Nr11%/Na7%/Nw81%
#0027 [P] psnrY=39.57 psnrRGB=n/a dssim=0.00538 enc=361.06 ms dec=78.80 ms size=37.0 KiB mv=13.6 KiB (raw 34.7 KiB) res=23.3 KiB (raw 5.2 MiB) skip=26.5% mv0=15.2% cand=4.56 new0=0.0%→0.0% bias=(0,0) modes=Z1%/Nr8%/Na7%/Nw85%
#0028 [P] psnrY=39.61 psnrRGB=n/a dssim=0.00534 enc=354.26 ms dec=79.25 ms size=38.4 KiB mv=13.5 KiB (raw 34.2 KiB) res=24.9 KiB (raw 5.2 MiB) skip=25.9% mv0=17.4% cand=4.51 new0=0.0%→0.0% bias=(0,0) modes=Z1%/Nr9%/Na8%/Nw83%
#0029 [P] psnrY=39.60 psnrRGB=n/a dssim=0.00551 enc=356.15 ms dec=81.31 ms size=38.9 KiB mv=13.5 KiB (raw 34.0 KiB) res=25.4 KiB (raw 5.3 MiB) skip=24.1% mv0=18.9% cand=4.45 new0=0.0%→0.0% bias=(0,0) modes=Z1%/Nr11%/Na7%/Nw81%
#0030 [I] psnrY=48.17 psnrRGB=n/a dssim=0.00046 enc=54.13 ms dec=14.27 ms size=231.3 KiB mv=0 B (raw 0 B) res=231.3 KiB (raw -) skip=0.0% mv0=0.0% cand=- new0=- bias=(0,0) modes=-
#0031 [P] psnrY=40.13 psnrRGB=n/a dssim=0.00453 enc=360.77 ms dec=90.57 ms size=59.1 KiB mv=13.9 KiB (raw 33.2 KiB) res=45.2 KiB (raw 6.1 MiB) skip=13.6% mv0=22.7% cand=3.42 new0=0.0%→0.0% bias=(0,0) modes=Z1%/Nr14%/Na8%/Nw77%
#0032 [P] psnrY=40.15 psnrRGB=n/a dssim=0.00452 enc=348.96 ms dec=76.59 ms size=39.2 KiB mv=14.1 KiB (raw 34.6 KiB) res=25.0 KiB (raw 4.9 MiB) skip=30.6% mv0=15.7% cand=4.54 new0=0.0%→0.0% bias=(0,0) modes=Z1%/Nr8%/Na7%/Nw84%
#0033 [P] psnrY=39.75 psnrRGB=n/a dssim=0.00469 enc=356.17 ms dec=78.50 ms size=41.6 KiB mv=14.1 KiB (raw 34.4 KiB) res=27.4 KiB (raw 5.1 MiB) skip=26.9% mv0=16.8% cand=4.50 new0=0.0%→0.0% bias=(0,0) modes=Z1%/Nr8%/Na7%/Nw83%
#0034 [P] psnrY=39.96 psnrRGB=n/a dssim=0.00486 enc=353.02 ms dec=76.57 ms size=37.6 KiB mv=13.6 KiB (raw 33.5 KiB) res=24.0 KiB (raw 4.8 MiB) skip=31.1% mv0=21.1% cand=4.36 new0=0.0%→0.0% bias=(0,0) modes=Z1%/Nr12%/Na8%/Nw79%
#0035 [P] psnrY=39.88 psnrRGB=n/a dssim=0.00514 enc=355.94 ms dec=91.44 ms size=41.1 KiB mv=13.5 KiB (raw 33.2 KiB) res=27.6 KiB (raw 5.3 MiB) skip=24.8% mv0=22.8% cand=4.29 new0=0.0%→0.0% bias=(0,0) modes=Z1%/Nr14%/Na8%/Nw77%
#0036 [P] psnrY=39.37 psnrRGB=n/a dssim=0.00590 enc=366.53 ms dec=89.98 ms size=60.0 KiB mv=13.9 KiB (raw 33.9 KiB) res=46.1 KiB (raw 6.3 MiB) skip=10.3% mv0=19.5% cand=4.42 new0=0.0%→0.0% bias=(0,0) modes=Z1%/Nr11%/Na7%/Nw81%
#0037 [P] psnrY=39.59 psnrRGB=n/a dssim=0.00573 enc=358.37 ms dec=81.00 ms size=41.6 KiB mv=13.8 KiB (raw 34.4 KiB) res=27.7 KiB (raw 5.3 MiB) skip=23.9% mv0=16.6% cand=4.49 new0=0.0%→0.0% bias=(0,0) modes=Z1%/Nr9%/Na6%/Nw83%
#0038 [P] psnrY=39.70 psnrRGB=n/a dssim=0.00545 enc=356.72 ms dec=82.58 ms size=42.3 KiB mv=13.7 KiB (raw 34.1 KiB) res=28.5 KiB (raw 5.5 MiB) skip=22.2% mv0=18.1% cand=4.41 new0=0.0%→0.0% bias=(0,0) modes=Z1%/Nr10%/Na7%/Nw82%
#0039 [P] psnrY=39.61 psnrRGB=n/a dssim=0.00567 enc=358.44 ms dec=83.67 ms size=42.3 KiB mv=13.6 KiB (raw 34.0 KiB) res=28.6 KiB (raw 5.4 MiB) skip=23.1% mv0=18.6% cand=4.39 new0=0.0%→0.0% bias=(0,0) modes=Z1%/Nr10%/Na8%/Nw81%
#0040 [P] psnrY=39.64 psnrRGB=n/a dssim=0.00543 enc=352.03 ms dec=81.88 ms size=40.7 KiB mv=13.5 KiB (raw 34.1 KiB) res=27.2 KiB (raw 5.3 MiB) skip=24.3% mv0=18.3% cand=4.40 new0=0.0%→0.0% bias=(0,0) modes=Z1%/Nr10%/Na8%/Nw82%
#0041 [P] psnrY=39.20 psnrRGB=n/a dssim=0.00649 enc=363.08 ms dec=90.78 ms size=59.8 KiB mv=13.5 KiB (raw 33.2 KiB) res=46.2 KiB (raw 6.2 MiB) skip=12.5% mv0=22.7% cand=4.35 new0=0.0%→0.0% bias=(0,0) modes=Z1%/Nr13%/Na9%/Nw77%
#0042 [P] psnrY=39.59 psnrRGB=n/a dssim=0.00602 enc=356.01 ms dec=81.01 ms size=37.8 KiB mv=13.7 KiB (raw 34.3 KiB) res=24.1 KiB (raw 5.3 MiB) skip=24.4% mv0=17.0% cand=4.52 new0=0.0%→0.0% bias=(0,0) modes=Z1%/Nr9%/Na7%/Nw83%
#0043 [P] psnrY=39.74 psnrRGB=n/a dssim=0.00560 enc=354.19 ms dec=78.08 ms size=35.0 KiB mv=13.4 KiB (raw 33.9 KiB) res=21.5 KiB (raw 5.0 MiB) skip=28.4% mv0=19.2% cand=4.41 new0=0.0%→0.0% bias=(0,0) modes=Z1%/Nr10%/Na8%/Nw81%
#0044 [P] psnrY=39.89 psnrRGB=n/a dssim=0.00536 enc=347.82 ms dec=76.24 ms size=33.7 KiB mv=13.2 KiB (raw 33.6 KiB) res=20.5 KiB (raw 4.9 MiB) skip=30.0% mv0=20.9% cand=4.39 new0=0.0%→0.0% bias=(0,0) modes=Z1%/Nr11%/Na9%/Nw79%
#0045 [P] psnrY=39.90 psnrRGB=n/a dssim=0.00508 enc=359.25 ms dec=77.19 ms size=34.6 KiB mv=13.1 KiB (raw 33.7 KiB) res=21.4 KiB (raw 4.9 MiB) skip=29.7% mv0=20.1% cand=4.41 new0=0.0%→0.0% bias=(0,0) modes=Z1%/Nr11%/Na8%/Nw80%
#0046 [P] psnrY=38.40 psnrRGB=n/a dssim=0.00883 enc=385.68 ms dec=101.09 ms size=102.5 KiB mv=13.5 KiB (raw 32.9 KiB) res=88.9 KiB (raw 7.0 MiB) skip=0.0% mv0=24.4% cand=4.33 new0=0.0%→0.0% bias=(0,0) modes=Z1%/Nr16%/Na8%/Nw76%
#0047 [P] psnrY=39.74 psnrRGB=n/a dssim=0.00648 enc=360.02 ms dec=65.75 ms size=25.0 KiB mv=14.4 KiB (raw 33.9 KiB) res=10.5 KiB (raw 3.6 MiB) skip=48.2% mv0=19.1% cand=4.47 new0=0.0%→0.0% bias=(0,0) modes=Z1%/Nr11%/Na7%/Nw81%
#0048 [P] psnrY=40.48 psnrRGB=n/a dssim=0.00542 enc=353.50 ms dec=64.21 ms size=24.8 KiB mv=14.4 KiB (raw 33.9 KiB) res=10.3 KiB (raw 3.6 MiB) skip=49.5% mv0=19.0% cand=4.34 new0=0.0%→0.0% bias=(0,0) modes=Z1%/Nr11%/Na7%/Nw81%
#0049 [P] psnrY=40.70 psnrRGB=n/a dssim=0.00510 enc=354.64 ms dec=74.02 ms size=28.3 KiB mv=14.5 KiB (raw 34.1 KiB) res=13.7 KiB (raw 3.6 MiB) skip=48.2% mv0=18.0% cand=4.49 new0=0.0%→0.0% bias=(0,0) modes=Z1%/Nr10%/Na7%/Nw82%
#0050 [P] psnrY=40.97 psnrRGB=n/a dssim=0.00485 enc=353.14 ms dec=67.43 ms size=25.4 KiB mv=14.3 KiB (raw 33.8 KiB) res=11.1 KiB (raw 3.8 MiB) skip=46.0% mv0=20.0% cand=4.43 new0=0.0%→0.0% bias=(0,0) modes=Z2%/Nr11%/Na8%/Nw80%
#0051 [P] psnrY=41.12 psnrRGB=n/a dssim=0.00472 enc=354.18 ms dec=66.27 ms size=25.5 KiB mv=14.3 KiB (raw 33.5 KiB) res=11.2 KiB (raw 3.7 MiB) skip=47.6% mv0=21.1% cand=4.25 new0=0.0%→0.0% bias=(0,0) modes=Z2%/Nr12%/Na8%/Nw79%
#0052 [P] psnrY=41.07 psnrRGB=n/a dssim=0.00479 enc=350.58 ms dec=67.01 ms size=26.6 KiB mv=14.3 KiB (raw 33.6 KiB) res=12.3 KiB (raw 4.0 MiB) skip=43.8% mv0=21.0% cand=4.25 new0=0.0%→0.0% bias=(0,0) modes=Z2%/Nr12%/Na8%/Nw79%
#0053 [P] psnrY=41.25 psnrRGB=n/a dssim=0.00460 enc=351.35 ms dec=64.03 ms size=25.4 KiB mv=14.2 KiB (raw 33.3 KiB) res=11.2 KiB (raw 3.6 MiB) skip=48.7% mv0=22.3% cand=4.24 new0=0.0%→0.0% bias=(0,0) modes=Z2%/Nr12%/Na8%/Nw78%
#0054 [P] psnrY=41.17 psnrRGB=n/a dssim=0.00467 enc=349.47 ms dec=67.79 ms size=29.6 KiB mv=14.5 KiB (raw 33.6 KiB) res=15.2 KiB (raw 4.0 MiB) skip=43.7% mv0=20.8% cand=4.42 new0=0.0%→0.0% bias=(0,0) modes=Z2%/Nr11%/Na8%/Nw79%
#0055 [P] psnrY=41.17 psnrRGB=n/a dssim=0.00471 enc=352.12 ms dec=65.50 ms size=26.9 KiB mv=14.4 KiB (raw 33.6 KiB) res=12.4 KiB (raw 3.7 MiB) skip=47.0% mv0=20.8% cand=4.41 new0=0.0%→0.0% bias=(0,0) modes=Z2%/Nr11%/Na8%/Nw79%
#0056 [P] psnrY=41.26 psnrRGB=n/a dssim=0.00469 enc=350.99 ms dec=66.05 ms size=26.5 KiB mv=14.3 KiB (raw 33.3 KiB) res=12.2 KiB (raw 3.8 MiB) skip=46.0% mv0=22.1% cand=4.27 new0=0.0%→0.0% bias=(0,0) modes=Z2%/Nr12%/Na8%/Nw78%
#0057 [P] psnrY=41.31 psnrRGB=n/a dssim=0.00475 enc=351.26 ms dec=66.18 ms size=26.3 KiB mv=14.4 KiB (raw 33.3 KiB) res=12.0 KiB (raw 3.8 MiB) skip=46.5% mv0=22.4% cand=4.29 new0=0.0%→0.0% bias=(0,0) modes=Z2%/Nr12%/Na8%/Nw78%
#0058 [P] psnrY=41.25 psnrRGB=n/a dssim=0.00467 enc=343.40 ms dec=65.86 ms size=26.5 KiB mv=14.3 KiB (raw 33.1 KiB) res=12.2 KiB (raw 3.7 MiB) skip=46.8% mv0=23.5% cand=4.20 new0=0.0%→0.0% bias=(0,0) modes=Z3%/Nr12%/Na8%/Nw76%
#0059 [P] psnrY=41.20 psnrRGB=n/a dssim=0.00494 enc=345.90 ms dec=67.13 ms size=29.3 KiB mv=14.2 KiB (raw 33.2 KiB) res=15.1 KiB (raw 3.9 MiB) skip=45.1% mv0=23.1% cand=4.37 new0=0.0%→0.0% bias=(0,0) modes=Z3%/Nr12%/Na9%/Nw77%
