ri-quality report
Input: ./peng.mp4
Frames processed: 60 (limit: 60), resolution: 1920x1280 @ 25 fps
Settings: intra=85 inter=80 search=12 skip=12 y-only=true per-frame=true
Encoded size: 2.7 MiB (2789363 bytes, 46489.38 bytes/frame, 0.151 bpp)
File skip rate: 28.93% blocks (166612 / 576000) — these motion-predicted blocks quantized to zero residual, so no residual bytes were stored for them

=== Quality Metrics ===
  PSNR-Y mean: 40.30 dB
  PSNR-RGB mean: n/a dB
  DSSIM mean: 0.00510

=== Performance ===
  Encode: total 27467.1 ms (I 108.1 ms / P 27359.0 ms) | 2.18 fps
  Decode: total 4745.5 ms (I 27.4 ms / P 4718.1 ms) | 12.64 fps

=== Efficiency Metrics ===
  Bytes × DSSIM: 14217
  Bytes per PSNR-Y dB: 69219.94
  Bytes per PSNR-RGB dB: n/a
  Encode quality throughput (dB·fps): 88.03
  Decode quality throughput (dB·fps): 509.50

=== Data Breakdown ===
  Motion vectors: raw 1.9 MiB -> compressed 796.0 KiB (ratio 2.46:1), 29.2% of file
  Residuals total: 1.9 MiB (70.7% of file)
    I-frame JPEG: 451.6 KiB (16.6% of file)
    P-frame residual: 1.4 MiB (54.2% of file)
    Residual raw 285.8 MiB -> compressed 1.4 MiB (ratio 198.38:1)

=== Block Stats ===
  Skip rate: 28.93% (166612 / 576000)
  MV zero-delta: 19.07% (109870 / 576000)

=== Motion-Vector Diagnostics ===
  Mode split: Zero 1.1% (6253 blocks) | Nearest 10.9% (60723 blocks) | Near 7.7% (42894 blocks) | New 80.3% (446930 blocks)
  Predictor richness: avg 4.37 unique/block (min 1 max 5)
  NEW zero share: pre 0.0% → post 0.0% | axis-zero X 13.1% Y 11.3% | NEAR ref 46.1%
  NEW delta magnitude: mean 5.17px, stddev 4.71px (446930 blocks)
  Magnitude classes (per-axis): C0:24.5% | C1:26.7% | C2:20.5% | C3:16.2% | C4:10.6% | C5:1.6%
  Bias (Δx, Δy): avg (0.0, 0.0) | dx range 0..0 | dy range 0..0

=== Per-frame breakdown ===
#0000 [I] psnrY=48.66 psnrRGB=n/a dssim=0.00042 enc=54.16 ms dec=13.10 ms size=220.3 KiB mv=0 B (raw 0 B) res=220.3 KiB (raw -) skip=0.0% mv0=0.0% cand=- new0=- bias=(0,0) modes=-
#0001 [P] psnrY=41.89 psnrRGB=n/a dssim=0.00281 enc=446.50 ms dec=65.31 ms size=34.7 KiB mv=12.6 KiB (raw 32.1 KiB) res=22.1 KiB (raw 3.5 MiB) skip=50.5% mv0=28.6% cand=3.31 new0=0.0%→0.0% bias=(0,0) modes=Z2%/Nr16%/Na11%/Nw71%
#0002 [P] psnrY=41.39 psnrRGB=n/a dssim=0.00341 enc=458.45 ms dec=69.67 ms size=28.4 KiB mv=12.9 KiB (raw 32.2 KiB) res=15.5 KiB (raw 3.8 MiB) skip=45.7% mv0=28.4% cand=4.26 new0=0.0%→0.0% bias=(0,0) modes=Z2%/Nr16%/Na11%/Nw72%
#0003 [P] psnrY=40.92 psnrRGB=n/a dssim=0.00366 enc=458.13 ms dec=73.30 ms size=29.2 KiB mv=13.3 KiB (raw 32.7 KiB) res=15.9 KiB (raw 4.2 MiB) skip=40.8% mv0=25.5% cand=4.27 new0=0.0%→0.0% bias=(0,0) modes=Z2%/Nr14%/Na10%/Nw74%
#0004 [P] psnrY=40.83 psnrRGB=n/a dssim=0.00384 enc=473.54 ms dec=75.21 ms size=30.1 KiB mv=13.5 KiB (raw 33.4 KiB) res=16.6 KiB (raw 4.3 MiB) skip=39.5% mv0=21.9% cand=4.39 new0=0.0%→0.0% bias=(0,0) modes=Z1%/Nr11%/Na9%/Nw78%
#0005 [P] psnrY=40.42 psnrRGB=n/a dssim=0.00406 enc=469.38 ms dec=78.50 ms size=35.2 KiB mv=13.9 KiB (raw 34.3 KiB) res=21.3 KiB (raw 4.6 MiB) skip=34.3% mv0=16.9% cand=4.50 new0=0.0%→0.0% bias=(0,0) modes=Z1%/Nr8%/Na7%/Nw83%
#0006 [P] psnrY=39.46 psnrRGB=n/a dssim=0.00529 enc=451.16 ms dec=93.88 ms size=58.4 KiB mv=13.7 KiB (raw 33.3 KiB) res=44.6 KiB (raw 6.1 MiB) skip=12.6% mv0=22.5% cand=4.38 new0=0.0%→0.0% bias=(0,0) modes=Z1%/Nr13%/Na8%/Nw78%
#0007 [P] psnrY=39.59 psnrRGB=n/a dssim=0.00536 enc=457.54 ms dec=84.44 ms size=42.3 KiB mv=13.7 KiB (raw 34.1 KiB) res=28.6 KiB (raw 5.3 MiB) skip=24.1% mv0=17.9% cand=4.44 new0=0.0%→0.0% bias=(0,0) modes=Z1%/Nr10%/Na7%/Nw82%
#0008 [P] psnrY=39.59 psnrRGB=n/a dssim=0.00559 enc=452.17 ms dec=87.61 ms size=45.5 KiB mv=13.5 KiB (raw 33.6 KiB) res=31.9 KiB (raw 5.7 MiB) skip=18.7% mv0=20.6% cand=4.33 new0=0.0%→0.0% bias=(0,0) modes=Z1%/Nr12%/Na8%/Nw79%
#0009 [P] psnrY=39.68 psnrRGB=n/a dssim=0.00573 enc=461.67 ms dec=84.47 ms size=43.3 KiB mv=13.7 KiB (raw 33.9 KiB) res=29.5 KiB (raw 5.6 MiB) skip=20.3% mv0=19.1% cand=4.38 new0=0.0%→0.0% bias=(0,0) modes=Z1%/Nr11%/Na7%/Nw81%
#0010 [P] psnrY=39.55 psnrRGB=n/a dssim=0.00563 enc=460.58 ms dec=85.16 ms size=43.2 KiB mv=13.7 KiB (raw 34.0 KiB) res=29.5 KiB (raw 5.5 MiB) skip=21.2% mv0=18.9% cand=4.40 new0=0.0%→0.0% bias=(0,0) modes=Z1%/Nr10%/Na7%/Nw81%
#0011 [P] psnrY=39.24 psnrRGB=n/a dssim=0.00608 enc=458.67 ms dec=86.93 ms size=54.8 KiB mv=14.0 KiB (raw 33.9 KiB) res=40.8 KiB (raw 5.9 MiB) skip=16.8% mv0=19.1% cand=4.41 new0=0.0%→0.0% bias=(0,0) modes=Z1%/Nr11%/Na7%/Nw81%
#0012 [P] psnrY=39.49 psnrRGB=n/a dssim=0.00566 enc=467.28 ms dec=83.43 ms size=38.1 KiB mv=13.6 KiB (raw 33.6 KiB) res=24.5 KiB (raw 5.2 MiB) skip=26.4% mv0=20.6% cand=4.40 new0=0.0%→0.0% bias=(0,0) modes=Z1%/Nr12%/Na8%/Nw79%
#0013 [P] psnrY=39.68 psnrRGB=n/a dssim=0.00520 enc=462.15 ms dec=82.39 ms size=35.0 KiB mv=13.5 KiB (raw 33.7 KiB) res=21.5 KiB (raw 5.0 MiB) skip=28.2% mv0=20.3% cand=4.36 new0=0.0%→0.0% bias=(0,0) modes=Z1%/Nr10%/Na9%/Nw80%
#0014 [P] psnrY=39.84 psnrRGB=n/a dssim=0.00512 enc=475.08 ms dec=77.78 ms size=33.8 KiB mv=13.7 KiB (raw 34.0 KiB) res=20.2 KiB (raw 4.7 MiB) skip=32.9% mv0=18.8% cand=4.42 new0=0.0%→0.0% bias=(0,0) modes=Z1%/Nr10%/Na8%/Nw81%
#0015 [P] psnrY=39.89 psnrRGB=n/a dssim=0.00504 enc=467.00 ms dec=78.83 ms size=36.8 KiB mv=13.9 KiB (raw 34.4 KiB) res=22.9 KiB (raw 4.9 MiB) skip=29.8% mv0=16.7% cand=4.50 new0=0.0%→0.0% bias=(0,0) modes=Z1%/Nr9%/Na7%/Nw83%
#0016 [P] psnrY=39.34 psnrRGB=n/a dssim=0.00575 enc=465.78 ms dec=90.63 ms size=53.2 KiB mv=14.2 KiB (raw 34.4 KiB) res=39.0 KiB (raw 5.8 MiB) skip=17.0% mv0=16.3% cand=4.53 new0=0.0%→0.0% bias=(0,0) modes=Z1%/Nr9%/Na6%/Nw84%
#0017 [P] psnrY=39.59 psnrRGB=n/a dssim=0.00550 enc=480.64 ms dec=81.11 ms size=36.8 KiB mv=13.6 KiB (raw 34.2 KiB) res=23.1 KiB (raw 5.1 MiB) skip=27.9% mv0=17.6% cand=4.49 new0=0.0%→0.0% bias=(0,0) modes=Z1%/Nr9%/Na7%/Nw82%
#0018 [P] psnrY=39.70 psnrRGB=n/a dssim=0.00533 enc=471.87 ms dec=82.96 ms size=38.9 KiB mv=13.7 KiB (raw 34.6 KiB) res=25.2 KiB (raw 5.1 MiB) skip=27.7% mv0=15.7% cand=4.50 new0=0.0%→0.0% bias=(0,0) modes=Z1%/Nr8%/Na7%/Nw84%
#0019 [P] psnrY=39.79 psnrRGB=n/a dssim=0.00536 enc=473.06 ms dec=84.13 ms size=39.6 KiB mv=13.8 KiB (raw 34.6 KiB) res=25.7 KiB (raw 5.5 MiB) skip=22.1% mv0=15.3% cand=4.52 new0=0.0%→0.0% bias=(0,0) modes=Z1%/Nr9%/Na6%/Nw85%
#0020 [P] psnrY=39.57 psnrRGB=n/a dssim=0.00527 enc=475.94 ms dec=84.33 ms size=39.6 KiB mv=13.7 KiB (raw 34.6 KiB) res=25.8 KiB (raw 5.5 MiB) skip=22.5% mv0=15.6% cand=4.49 new0=0.0%→0.0% bias=(0,0) modes=Z1%/Nr8%/Na6%/Nw84%
#0021 [P] psnrY=39.27 psnrRGB=n/a dssim=0.00631 enc=460.15 ms dec=94.87 ms size=60.8 KiB mv=14.0 KiB (raw 33.8 KiB) res=46.8 KiB (raw 6.2 MiB) skip=12.0% mv0=19.6% cand=4.46 new0=0.0%→0.0% bias=(0,0) modes=Z1%/Nr11%/Na8%/Nw80%
#0022 [P] psnrY=39.62 psnrRGB=n/a dssim=0.00598 enc=467.00 ms dec=83.27 ms size=39.0 KiB mv=13.6 KiB (raw 33.8 KiB) res=25.3 KiB (raw 5.3 MiB) skip=24.2% mv0=19.5% cand=4.43 new0=0.0%→0.0% bias=(0,0) modes=Z1%/Nr11%/Na8%/Nw80%
#0023 [P] psnrY=39.61 psnrRGB=n/a dssim=0.00561 enc=475.30 ms dec=84.03 ms size=39.4 KiB mv=13.1 KiB (raw 33.8 KiB) res=26.3 KiB (raw 5.4 MiB) skip=23.9% mv0=20.0% cand=4.36 new0=0.0%→0.0% bias=(0,0) modes=Z1%/Nr12%/Na8%/Nw80%
#0024 [P] psnrY=39.80 psnrRGB=n/a dssim=0.00550 enc=463.48 ms dec=83.20 ms size=38.2 KiB mv=13.3 KiB (raw 33.8 KiB) res=25.0 KiB (raw 5.3 MiB) skip=25.2% mv0=19.7% cand=4.36 new0=0.0%→0.0% bias=(0,0) modes=Z1%/Nr11%/Na8%/Nw80%
#0025 [P] psnrY=39.64 psnrRGB=n/a dssim=0.00532 enc=465.74 ms dec=84.49 ms size=39.4 KiB mv=13.5 KiB (raw 34.4 KiB) res=25.9 KiB (raw 5.3 MiB) skip=24.7% mv0=16.7% cand=4.43 new0=0.0%→0.0% bias=(0,0) modes=Z1%/Nr9%/Na7%/Nw83%
#0026 [P] psnrY=39.26 psnrRGB=n/a dssim=0.00557 enc=469.54 ms dec=90.41 ms size=51.8 KiB mv=13.6 KiB (raw 34.0 KiB) res=38.2 KiB (raw 5.7 MiB) skip=19.2% mv0=18.8% cand=4.45 new0=0.0%→0.0% bias=(0,0) modes=Z1%/Nr11%/Na8%/Nw81%
#0027 [P] psnrY=39.52 psnrRGB=n/a dssim=0.00542 enc=476.27 ms dec=81.69 ms size=36.8 KiB mv=13.5 KiB (raw 34.7 KiB) res=23.2 KiB (raw 5.1 MiB) skip=26.8% mv0=14.9% cand=4.57 new0=0.0%→0.0% bias=(0,0) modes=Z1%/Nr8%/Na6%/Nw85%
#0028 [P] psnrY=39.54 psnrRGB=n/a dssim=0.00539 enc=468.75 ms dec=84.61 ms size=38.4 KiB mv=13.4 KiB (raw 34.4 KiB) res=25.0 KiB (raw 5.2 MiB) skip=25.8% mv0=16.3% cand=4.52 new0=0.0%→0.0% bias=(0,0) modes=Z1%/Nr8%/Na7%/Nw84%
#0029 [P] psnrY=39.54 psnrRGB=n/a dssim=0.00559 enc=483.20 ms dec=83.46 ms size=38.8 KiB mv=13.3 KiB (raw 34.0 KiB) res=25.4 KiB (raw 5.4 MiB) skip=23.6% mv0=18.9% cand=4.45 new0=0.0%→0.0% bias=(0,0) modes=Z1%/Nr11%/Na8%/Nw81%
#0030 [I] psnrY=48.17 psnrRGB=n/a dssim=0.00046 enc=53.99 ms dec=14.29 ms size=231.3 KiB mv=0 B (raw 0 B) res=231.3 KiB (raw -) skip=0.0% mv0=0.0% cand=- new0=- bias=(0,0) modes=-
#0031 [P] psnrY=40.10 psnrRGB=n/a dssim=0.00457 enc=453.29 ms dec=94.64 ms size=59.4 KiB mv=13.8 KiB (raw 33.2 KiB) res=45.6 KiB (raw 6.1 MiB) skip=13.5% mv0=23.0% cand=3.41 new0=0.0%→0.0% bias=(0,0) modes=Z1%/Nr15%/Na8%/Nw77%
#0032 [P] psnrY=40.08 psnrRGB=n/a dssim=0.00457 enc=556.25 ms dec=79.62 ms size=39.0 KiB mv=14.1 KiB (raw 34.7 KiB) res=24.9 KiB (raw 4.8 MiB) skip=31.6% mv0=14.8% cand=4.55 new0=0.0%→0.0% bias=(0,0) modes=Z1%/Nr8%/Na6%/Nw85%
#0033 [P] psnrY=39.69 psnrRGB=n/a dssim=0.00471 enc=556.48 ms dec=82.87 ms size=41.4 KiB mv=14.0 KiB (raw 34.5 KiB) res=27.4 KiB (raw 5.1 MiB) skip=27.6% mv0=16.2% cand=4.50 new0=0.0%→0.0% bias=(0,0) modes=Z1%/Nr8%/Na7%/Nw84%
#0034 [P] psnrY=39.90 psnrRGB=n/a dssim=0.00489 enc=483.05 ms dec=80.21 ms size=37.3 KiB mv=13.5 KiB (raw 33.6 KiB) res=23.8 KiB (raw 4.8 MiB) skip=32.0% mv0=20.8% cand=4.36 new0=0.0%→0.0% bias=(0,0) modes=Z1%/Nr12%/Na8%/Nw79%
#0035 [P] psnrY=39.79 psnrRGB=n/a dssim=0.00522 enc=465.85 ms dec=90.20 ms size=41.0 KiB mv=13.4 KiB (raw 33.2 KiB) res=27.5 KiB (raw 5.2 MiB) skip=25.8% mv0=23.1% cand=4.28 new0=0.0%→0.0% bias=(0,0) modes=Z1%/Nr14%/Na9%/Nw77%
#0036 [P] psnrY=39.30 psnrRGB=n/a dssim=0.00598 enc=459.76 ms dec=93.42 ms size=60.0 KiB mv=13.8 KiB (raw 33.7 KiB) res=46.2 KiB (raw 6.3 MiB) skip=10.3% mv0=20.4% cand=4.39 new0=0.0%→0.0% bias=(0,0) modes=Z1%/Nr12%/Na7%/Nw80%
#0037 [P] psnrY=39.53 psnrRGB=n/a dssim=0.00579 enc=485.60 ms dec=84.46 ms size=41.6 KiB mv=13.7 KiB (raw 34.3 KiB) res=27.9 KiB (raw 5.4 MiB) skip=23.7% mv0=17.1% cand=4.48 new0=0.0%→0.0% bias=(0,0) modes=Z1%/Nr9%/Na7%/Nw83%
#0038 [P] psnrY=39.64 psnrRGB=n/a dssim=0.00549 enc=473.63 ms dec=84.60 ms size=42.1 KiB mv=13.6 KiB (raw 34.0 KiB) res=28.5 KiB (raw 5.4 MiB) skip=23.5% mv0=18.7% cand=4.39 new0=0.0%→0.0% bias=(0,0) modes=Z1%/Nr10%/Na8%/Nw81%
#0039 [P] psnrY=39.55 psnrRGB=n/a dssim=0.00566 enc=466.02 ms dec=85.65 ms size=42.2 KiB mv=13.6 KiB (raw 34.0 KiB) res=28.5 KiB (raw 5.4 MiB) skip=23.0% mv0=18.7% cand=4.39 new0=0.0%→0.0% bias=(0,0) modes=Z1%/Nr10%/Na8%/Nw81%
#0040 [P] psnrY=39.58 psnrRGB=n/a dssim=0.00547 enc=498.38 ms dec=82.61 ms size=40.6 KiB mv=13.5 KiB (raw 34.1 KiB) res=27.0 KiB (raw 5.3 MiB) skip=25.2% mv0=18.0% cand=4.40 new0=0.0%→0.0% bias=(0,0) modes=Z1%/Nr9%/Na8%/Nw82%
#0041 [P] psnrY=39.13 psnrRGB=n/a dssim=0.00654 enc=456.22 ms dec=93.67 ms size=59.8 KiB mv=13.5 KiB (raw 33.0 KiB) res=46.3 KiB (raw 6.1 MiB) skip=13.2% mv0=24.0% cand=4.31 new0=0.0%→0.0% bias=(0,0) modes=Z1%/Nr15%/Na9%/Nw76%
#0042 [P] psnrY=39.54 psnrRGB=n/a dssim=0.00601 enc=485.34 ms dec=84.10 ms size=37.8 KiB mv=13.6 KiB (raw 34.3 KiB) res=24.2 KiB (raw 5.3 MiB) skip=24.4% mv0=16.8% cand=4.52 new0=0.0%→0.0% bias=(0,0) modes=Z1%/Nr9%/Na7%/Nw83%
#0043 [P] psnrY=39.71 psnrRGB=n/a dssim=0.00555 enc=493.07 ms dec=82.43 ms size=35.1 KiB mv=13.4 KiB (raw 34.0 KiB) res=21.7 KiB (raw 5.1 MiB) skip=28.1% mv0=18.9% cand=4.42 new0=0.0%→0.0% bias=(0,0) modes=Z1%/Nr10%/Na8%/Nw81%
#0044 [P] psnrY=39.87 psnrRGB=n/a dssim=0.00534 enc=475.71 ms dec=84.38 ms size=33.5 KiB mv=13.2 KiB (raw 33.8 KiB) res=20.3 KiB (raw 4.9 MiB) skip=29.7% mv0=19.9% cand=4.40 new0=0.0%→0.0% bias=(0,0) modes=Z1%/Nr11%/Na8%/Nw80%
#0045 [P] psnrY=39.90 psnrRGB=n/a dssim=0.00504 enc=471.91 ms dec=79.29 ms size=34.2 KiB mv=13.0 KiB (raw 33.8 KiB) res=21.1 KiB (raw 4.8 MiB) skip=31.3% mv0=19.8% cand=4.39 new0=0.0%→0.0% bias=(0,0) modes=Z1%/Nr11%/Na8%/Nw80%
#0046 [P] psnrY=38.29 psnrRGB=n/a dssim=0.00903 enc=472.58 ms dec=105.10 ms size=103.4 KiB mv=13.3 KiB (raw 32.3 KiB) res=90.0 KiB (raw 7.0 MiB) skip=0.0% mv0=27.5% cand=4.27 new0=0.0%→0.0% bias=(0,0) modes=Z1%/Nr18%/Na9%/Nw72%
#0047 [P] psnrY=39.68 psnrRGB=n/a dssim=0.00657 enc=469.65 ms dec=70.47 ms size=24.7 KiB mv=14.4 KiB (raw 34.1 KiB) res=10.3 KiB (raw 3.5 MiB) skip=50.1% mv0=18.2% cand=4.49 new0=0.0%→0.0% bias=(0,0) modes=Z1%/Nr10%/Na7%/Nw82%
#0048 [P] psnrY=40.41 psnrRGB=n/a dssim=0.00551 enc=475.22 ms dec=96.38 ms size=24.5 KiB mv=14.3 KiB (raw 34.0 KiB) res=10.2 KiB (raw 3.5 MiB) skip=50.6% mv0=18.6% cand=4.35 new0=0.0%→0.0% bias=(0,0) modes=Z1%/Nr10%/Na7%/Nw81%
#0049 [P] psnrY=40.66 psnrRGB=n/a dssim=0.00516 enc=472.16 ms dec=74.09 ms size=28.2 KiB mv=14.4 KiB (raw 34.1 KiB) res=13.7 KiB (raw 3.8 MiB) skip=46.5% mv0=18.0% cand=4.49 new0=0.0%→0.0% bias=(0,0) modes=Z1%/Nr10%/Na7%/Nw82%
#0050 [P] psnrY=40.93 psnrRGB=n/a dssim=0.00488 enc=467.04 ms dec=69.85 ms size=25.2 KiB mv=14.2 KiB (raw 33.9 KiB) res=10.9 KiB (raw 3.8 MiB) skip=46.6% mv0=19.4% cand=4.44 new0=0.0%→0.0% bias=(0,0) modes=Z2%/Nr10%/Na7%/Nw81%
#0051 [P] psnrY=41.10 psnrRGB=n/a dssim=0.00471 enc=464.93 ms dec=68.67 ms size=25.4 KiB mv=14.2 KiB (raw 33.7 KiB) res=11.2 KiB (raw 3.8 MiB) skip=46.4% mv0=20.4% cand=4.27 new0=0.0%→0.0% bias=(0,0) modes=Z2%/Nr11%/Na8%/Nw80%
#0052 [P] psnrY=41.03 psnrRGB=n/a dssim=0.00483 enc=475.38 ms dec=69.38 ms size=26.5 KiB mv=14.2 KiB (raw 33.6 KiB) res=12.2 KiB (raw 3.9 MiB) skip=44.6% mv0=20.9% cand=4.26 new0=0.0%→0.0% bias=(0,0) modes=Z2%/Nr11%/Na8%/Nw79%
#0053 [P] psnrY=41.19 psnrRGB=n/a dssim=0.00466 enc=469.65 ms dec=69.43 ms size=25.4 KiB mv=14.1 KiB (raw 33.5 KiB) res=11.2 KiB (raw 3.6 MiB) skip=48.4% mv0=21.3% cand=4.24 new0=0.0%→0.0% bias=(0,0) modes=Z2%/Nr11%/Na8%/Nw79%
#0054 [P] psnrY=41.10 psnrRGB=n/a dssim=0.00467 enc=465.40 ms dec=69.42 ms size=29.5 KiB mv=14.3 KiB (raw 33.6 KiB) res=15.1 KiB (raw 4.0 MiB) skip=43.2% mv0=20.7% cand=4.42 new0=0.0%→0.0% bias=(0,0) modes=Z2%/Nr11%/Na8%/Nw79%
#0055 [P] psnrY=41.11 psnrRGB=n/a dssim=0.00470 enc=476.28 ms dec=66.70 ms size=26.9 KiB mv=14.3 KiB (raw 33.6 KiB) res=12.6 KiB (raw 3.7 MiB) skip=46.8% mv0=20.9% cand=4.39 new0=0.0%→0.0% bias=(0,0) modes=Z2%/Nr11%/Na8%/Nw79%
#0056 [P] psnrY=41.21 psnrRGB=n/a dssim=0.00469 enc=461.78 ms dec=70.49 ms size=26.3 KiB mv=14.2 KiB (raw 33.4 KiB) res=12.1 KiB (raw 3.7 MiB) skip=46.9% mv0=21.8% cand=4.26 new0=0.0%→0.0% bias=(0,0) modes=Z2%/Nr12%/Na8%/Nw78%
#0057 [P] psnrY=41.27 psnrRGB=n/a dssim=0.00473 enc=462.47 ms dec=67.66 ms size=26.3 KiB mv=14.3 KiB (raw 33.4 KiB) res=12.0 KiB (raw 3.8 MiB) skip=46.4% mv0=21.7% cand=4.30 new0=0.0%→0.0% bias=(0,0) modes=Z2%/Nr11%/Na8%/Nw78%
#0058 [P] psnrY=41.22 psnrRGB=n/a dssim=0.00470 enc=470.31 ms dec=69.05 ms size=26.4 KiB mv=14.3 KiB (raw 33.3 KiB) res=12.1 KiB (raw 3.7 MiB) skip=47.2% mv0=22.2% cand=4.23 new0=0.0%→0.0% bias=(0,0) modes=Z2%/Nr12%/Na8%/Nw78%
#0059 [P] psnrY=41.20 psnrRGB=n/a dssim=0.00494 enc=459.50 ms dec=69.21 ms size=29.2 KiB mv=14.2 KiB (raw 33.4 KiB) res=15.0 KiB (raw 3.9 MiB) skip=44.7% mv0=21.7% cand=4.39 new0=0.0%→0.0% bias=(0,0) modes=Z2%/Nr11%/Na8%/Nw78%
