ri-quality report
Input: ./peng.mp4
Frames processed: 60 (limit: 60), resolution: 1920x1280 @ 25 fps
Settings: intra=85 inter=80 search=12 skip=12 y-only=true per-frame=true
Encoded size: 2.7 MiB (2805961 bytes, 46766.02 bytes/frame, 0.152 bpp)
File skip rate: 29.08% blocks (167477 / 576000) — these motion-predicted blocks quantized to zero residual, so no residual bytes were stored for them

=== Quality Metrics ===
  PSNR-Y mean: 40.26 dB
  PSNR-RGB mean: n/a dB
  DSSIM mean: 0.00513

=== Performance ===
  Encode: total 20053.2 ms (I 111.5 ms / P 19941.8 ms) | 2.99 fps
  Decode: total 4592.0 ms (I 27.1 ms / P 4564.9 ms) | 13.07 fps

=== Efficiency Metrics ===
  Bytes × DSSIM: 14393
  Bytes per PSNR-Y dB: 69701.29
  Bytes per PSNR-RGB dB: n/a
  Encode quality throughput (dB·fps): 120.45
  Decode quality throughput (dB·fps): 526.01

=== Data Breakdown ===
  Motion vectors: raw 1.9 MiB -> compressed 801.1 KiB (ratio 2.45:1), 29.2% of file
  Residuals total: 1.9 MiB (70.7% of file)
    I-frame JPEG: 451.6 KiB (16.5% of file)
    P-frame residual: 1.5 MiB (54.2% of file)
    Residual raw 285.1 MiB -> compressed 1.5 MiB (ratio 196.46:1)

=== Block Stats ===
  Skip rate: 29.08% (167477 / 576000)
  MV zero-delta: 18.69% (107672 / 576000)

=== Motion-Vector Diagnostics ===
  Mode split: Zero 1.1% (5985 blocks) | Nearest 10.8% (59919 blocks) | Near 7.5% (41768 blocks) | New 80.7% (449128 blocks)
  Predictor richness: avg 4.38 unique/block (min 1 max 5)
  NEW zero share: pre 0.0% → post 0.0% | axis-zero X 13.2% Y 10.7% | NEAR ref 46.2%
  NEW delta magnitude: mean 5.21px, stddev 4.74px (449128 blocks)
  Magnitude classes (per-axis): C0:24.0% | C1:26.2% | C2:21.2% | C3:16.5% | C4:10.4% | C5:1.7%
  Bias (Δx, Δy): avg (0.0, 0.0) | dx range 0..0 | dy range 0..0

=== Per-frame breakdown ===
#0000 [I] psnrY=48.66 psnrRGB=n/a dssim=0.00042 enc=57.79 ms dec=13.24 ms size=220.3 KiB mv=0 B (raw 0 B) res=220.3 KiB (raw -) skip=0.0% mv0=0.0% cand=- new0=- bias=(0,0) modes=-
#0001 [P] psnrY=41.85 psnrRGB=n/a dssim=0.00285 enc=329.06 ms dec=63.60 ms size=35.0 KiB mv=12.7 KiB (raw 32.2 KiB) res=22.3 KiB (raw 3.5 MiB) skip=50.8% mv0=28.2% cand=3.32 new0=0.0%→0.0% bias=(0,0) modes=Z2%/Nr16%/Na11%/Nw72%
#0002 [P] psnrY=41.34 psnrRGB=n/a dssim=0.00344 enc=321.86 ms dec=66.55 ms size=28.8 KiB mv=13.1 KiB (raw 32.3 KiB) res=15.7 KiB (raw 3.8 MiB) skip=45.4% mv0=27.5% cand=4.28 new0=0.0%→0.0% bias=(0,0) modes=Z2%/Nr15%/Na11%/Nw73%
#0003 [P] psnrY=40.88 psnrRGB=n/a dssim=0.00367 enc=319.29 ms dec=69.60 ms size=29.3 KiB mv=13.3 KiB (raw 32.7 KiB) res=16.0 KiB (raw 4.1 MiB) skip=41.2% mv0=25.4% cand=4.29 new0=0.0%→0.0% bias=(0,0) modes=Z2%/Nr14%/Na10%/Nw75%
#0004 [P] psnrY=40.81 psnrRGB=n/a dssim=0.00385 enc=336.25 ms dec=70.63 ms size=30.4 KiB mv=13.7 KiB (raw 33.5 KiB) res=16.7 KiB (raw 4.2 MiB) skip=40.1% mv0=21.1% cand=4.42 new0=0.0%→0.0% bias=(0,0) modes=Z1%/Nr11%/Na9%/Nw79%
#0005 [P] psnrY=40.37 psnrRGB=n/a dssim=0.00409 enc=331.99 ms dec=76.15 ms size=35.3 KiB mv=13.9 KiB (raw 34.4 KiB) res=21.4 KiB (raw 4.6 MiB) skip=34.1% mv0=16.3% cand=4.51 new0=0.0%→0.0% bias=(0,0) modes=Z1%/Nr8%/Na7%/Nw84%
#0006 [P] psnrY=39.41 psnrRGB=n/a dssim=0.00528 enc=340.13 ms dec=89.72 ms size=58.8 KiB mv=13.8 KiB (raw 33.3 KiB) res=45.0 KiB (raw 6.1 MiB) skip=13.3% mv0=22.2% cand=4.39 new0=0.0%→0.0% bias=(0,0) modes=Z1%/Nr13%/Na8%/Nw78%
#0007 [P] psnrY=39.55 psnrRGB=n/a dssim=0.00537 enc=336.47 ms dec=82.97 ms size=42.6 KiB mv=13.8 KiB (raw 34.3 KiB) res=28.8 KiB (raw 5.4 MiB) skip=23.6% mv0=17.0% cand=4.47 new0=0.0%→0.0% bias=(0,0) modes=Z1%/Nr9%/Na7%/Nw83%
#0008 [P] psnrY=39.54 psnrRGB=n/a dssim=0.00563 enc=338.22 ms dec=86.38 ms size=45.8 KiB mv=13.7 KiB (raw 33.7 KiB) res=32.1 KiB (raw 5.7 MiB) skip=19.0% mv0=20.3% cand=4.34 new0=0.0%→0.0% bias=(0,0) modes=Z1%/Nr12%/Na7%/Nw80%
#0009 [P] psnrY=39.62 psnrRGB=n/a dssim=0.00585 enc=339.23 ms dec=85.53 ms size=43.5 KiB mv=13.8 KiB (raw 33.9 KiB) res=29.7 KiB (raw 5.6 MiB) skip=20.2% mv0=19.0% cand=4.38 new0=0.0%→0.0% bias=(0,0) modes=Z1%/Nr11%/Na7%/Nw81%
#0010 [P] psnrY=39.52 psnrRGB=n/a dssim=0.00566 enc=344.60 ms dec=83.42 ms size=43.6 KiB mv=13.8 KiB (raw 34.0 KiB) res=29.8 KiB (raw 5.5 MiB) skip=21.8% mv0=18.7% cand=4.39 new0=0.0%→0.0% bias=(0,0) modes=Z1%/Nr10%/Na7%/Nw81%
#0011 [P] psnrY=39.20 psnrRGB=n/a dssim=0.00615 enc=341.14 ms dec=88.09 ms size=55.3 KiB mv=14.1 KiB (raw 34.0 KiB) res=41.2 KiB (raw 5.9 MiB) skip=16.7% mv0=18.8% cand=4.42 new0=0.0%→0.0% bias=(0,0) modes=Z1%/Nr11%/Na7%/Nw81%
#0012 [P] psnrY=39.44 psnrRGB=n/a dssim=0.00576 enc=342.83 ms dec=82.21 ms size=38.3 KiB mv=13.6 KiB (raw 33.7 KiB) res=24.7 KiB (raw 5.2 MiB) skip=25.8% mv0=20.2% cand=4.40 new0=0.0%→0.0% bias=(0,0) modes=Z1%/Nr11%/Na8%/Nw80%
#0013 [P] psnrY=39.65 psnrRGB=n/a dssim=0.00525 enc=374.19 ms dec=81.65 ms size=35.3 KiB mv=13.6 KiB (raw 33.8 KiB) res=21.7 KiB (raw 5.1 MiB) skip=27.8% mv0=19.9% cand=4.38 new0=0.0%→0.0% bias=(0,0) modes=Z1%/Nr11%/Na8%/Nw80%
#0014 [P] psnrY=39.84 psnrRGB=n/a dssim=0.00517 enc=348.39 ms dec=82.23 ms size=34.1 KiB mv=13.7 KiB (raw 34.0 KiB) res=20.4 KiB (raw 4.8 MiB) skip=31.8% mv0=18.6% cand=4.44 new0=0.0%→0.0% bias=(0,0) modes=Z1%/Nr10%/Na8%/Nw81%
#0015 [P] psnrY=39.87 psnrRGB=n/a dssim=0.00505 enc=348.18 ms dec=80.53 ms size=36.8 KiB mv=13.9 KiB (raw 34.5 KiB) res=22.9 KiB (raw 4.9 MiB) skip=29.8% mv0=16.2% cand=4.51 new0=0.0%→0.0% bias=(0,0) modes=Z1%/Nr8%/Na7%/Nw84%
#0016 [P] psnrY=39.30 psnrRGB=n/a dssim=0.00579 enc=352.76 ms dec=86.23 ms size=53.6 KiB mv=14.3 KiB (raw 34.4 KiB) res=39.2 KiB (raw 5.8 MiB) skip=17.3% mv0=16.3% cand=4.53 new0=0.0%→0.0% bias=(0,0) modes=Z1%/Nr9%/Na6%/Nw84%
#0017 [P] psnrY=39.55 psnrRGB=n/a dssim=0.00554 enc=420.14 ms dec=79.90 ms size=36.9 KiB mv=13.7 KiB (raw 34.3 KiB) res=23.2 KiB (raw 5.0 MiB) skip=28.5% mv0=16.8% cand=4.51 new0=0.0%→0.0% bias=(0,0) modes=Z1%/Nr9%/Na7%/Nw83%
#0018 [P] psnrY=39.66 psnrRGB=n/a dssim=0.00535 enc=350.63 ms dec=79.99 ms size=39.2 KiB mv=13.8 KiB (raw 34.7 KiB) res=25.4 KiB (raw 5.1 MiB) skip=27.5% mv0=15.2% cand=4.52 new0=0.0%→0.0% bias=(0,0) modes=Z1%/Nr8%/Na6%/Nw85%
#0019 [P] psnrY=39.72 psnrRGB=n/a dssim=0.00540 enc=346.82 ms dec=83.37 ms size=39.5 KiB mv=13.9 KiB (raw 34.7 KiB) res=25.5 KiB (raw 5.4 MiB) skip=23.2% mv0=14.7% cand=4.53 new0=0.0%→0.0% bias=(0,0) modes=Z1%/Nr8%/Na6%/Nw85%
#0020 [P] psnrY=39.54 psnrRGB=n/a dssim=0.00530 enc=338.69 ms dec=83.29 ms size=39.9 KiB mv=13.8 KiB (raw 34.5 KiB) res=26.1 KiB (raw 5.4 MiB) skip=22.6% mv0=15.8% cand=4.50 new0=0.0%→0.0% bias=(0,0) modes=Z1%/Nr8%/Na7%/Nw84%
#0021 [P] psnrY=39.21 psnrRGB=n/a dssim=0.00635 enc=343.39 ms dec=99.02 ms size=61.3 KiB mv=14.1 KiB (raw 33.8 KiB) res=47.2 KiB (raw 6.2 MiB) skip=11.9% mv0=19.8% cand=4.44 new0=0.0%→0.0% bias=(0,0) modes=Z1%/Nr12%/Na7%/Nw80%
#0022 [P] psnrY=39.57 psnrRGB=n/a dssim=0.00600 enc=356.78 ms dec=83.02 ms size=39.4 KiB mv=13.7 KiB (raw 34.0 KiB) res=25.7 KiB (raw 5.4 MiB) skip=23.3% mv0=18.4% cand=4.45 new0=0.0%→0.0% bias=(0,0) modes=Z1%/Nr10%/Na7%/Nw82%
#0023 [P] psnrY=39.56 psnrRGB=n/a dssim=0.00566 enc=356.62 ms dec=83.42 ms size=39.5 KiB mv=13.2 KiB (raw 33.9 KiB) res=26.3 KiB (raw 5.3 MiB) skip=24.1% mv0=19.4% cand=4.36 new0=0.0%→0.0% bias=(0,0) modes=Z1%/Nr11%/Na8%/Nw81%
#0024 [P] psnrY=39.76 psnrRGB=n/a dssim=0.00556 enc=428.66 ms dec=80.55 ms size=38.6 KiB mv=13.3 KiB (raw 33.8 KiB) res=25.2 KiB (raw 5.3 MiB) skip=24.9% mv0=19.8% cand=4.36 new0=0.0%→0.0% bias=(0,0) modes=Z1%/Nr11%/Na8%/Nw80%
#0025 [P] psnrY=39.61 psnrRGB=n/a dssim=0.00535 enc=590.79 ms dec=81.46 ms size=39.8 KiB mv=13.5 KiB (raw 34.4 KiB) res=26.2 KiB (raw 5.3 MiB) skip=24.7% mv0=16.6% cand=4.44 new0=0.0%→0.0% bias=(0,0) modes=Z1%/Nr9%/Na7%/Nw83%
#0026 [P] psnrY=39.22 psnrRGB=n/a dssim=0.00566 enc=443.09 ms dec=86.90 ms size=52.2 KiB mv=13.7 KiB (raw 33.8 KiB) res=38.5 KiB (raw 5.7 MiB) skip=19.2% mv0=19.7% cand=4.43 new0=0.0%→0.0% bias=(0,0) modes=Z1%/Nr11%/Na8%/Nw80%
#0027 [P] psnrY=39.48 psnrRGB=n/a dssim=0.00550 enc=339.69 ms dec=79.92 ms size=37.1 KiB mv=13.6 KiB (raw 34.7 KiB) res=23.5 KiB (raw 5.1 MiB) skip=27.2% mv0=15.0% cand=4.57 new0=0.0%→0.0% bias=(0,0) modes=Z1%/Nr7%/Na7%/Nw85%
#0028 [P] psnrY=39.50 psnrRGB=n/a dssim=0.00543 enc=337.99 ms dec=81.27 ms size=38.8 KiB mv=13.5 KiB (raw 34.4 KiB) res=25.3 KiB (raw 5.3 MiB) skip=25.2% mv0=16.3% cand=4.52 new0=0.0%→0.0% bias=(0,0) modes=Z1%/Nr9%/Na7%/Nw84%
#0029 [P] psnrY=39.51 psnrRGB=n/a dssim=0.00555 enc=343.54 ms dec=82.00 ms size=39.2 KiB mv=13.4 KiB (raw 34.1 KiB) res=25.7 KiB (raw 5.4 MiB) skip=23.6% mv0=18.0% cand=4.46 new0=0.0%→0.0% bias=(0,0) modes=Z1%/Nr10%/Na8%/Nw82%
#0030 [I] psnrY=48.17 psnrRGB=n/a dssim=0.00046 enc=53.68 ms dec=13.86 ms size=231.3 KiB mv=0 B (raw 0 B) res=231.3 KiB (raw -) skip=0.0% mv0=0.0% cand=- new0=- bias=(0,0) modes=-
#0031 [P] psnrY=40.06 psnrRGB=n/a dssim=0.00460 enc=339.32 ms dec=88.14 ms size=59.9 KiB mv=14.0 KiB (raw 33.2 KiB) res=45.9 KiB (raw 6.1 MiB) skip=13.8% mv0=22.7% cand=3.41 new0=0.0%→0.0% bias=(0,0) modes=Z1%/Nr15%/Na7%/Nw77%
#0032 [P] psnrY=40.06 psnrRGB=n/a dssim=0.00457 enc=331.21 ms dec=77.94 ms size=39.3 KiB mv=14.2 KiB (raw 34.8 KiB) res=25.1 KiB (raw 4.8 MiB) skip=32.2% mv0=14.2% cand=4.57 new0=0.0%→0.0% bias=(0,0) modes=Z1%/Nr7%/Na6%/Nw86%
#0033 [P] psnrY=39.66 psnrRGB=n/a dssim=0.00472 enc=338.26 ms dec=80.07 ms size=41.6 KiB mv=14.2 KiB (raw 34.6 KiB) res=27.5 KiB (raw 5.1 MiB) skip=27.9% mv0=15.5% cand=4.51 new0=0.0%→0.0% bias=(0,0) modes=Z1%/Nr8%/Na7%/Nw84%
#0034 [P] psnrY=39.87 psnrRGB=n/a dssim=0.00493 enc=326.46 ms dec=77.67 ms size=37.8 KiB mv=13.6 KiB (raw 33.6 KiB) res=24.2 KiB (raw 4.8 MiB) skip=32.1% mv0=20.6% cand=4.37 new0=0.0%→0.0% bias=(0,0) modes=Z1%/Nr12%/Na8%/Nw79%
#0035 [P] psnrY=39.75 psnrRGB=n/a dssim=0.00522 enc=329.28 ms dec=82.90 ms size=41.3 KiB mv=13.5 KiB (raw 33.3 KiB) res=27.8 KiB (raw 5.2 MiB) skip=26.2% mv0=22.4% cand=4.29 new0=0.0%→0.0% bias=(0,0) modes=Z1%/Nr13%/Na8%/Nw78%
#0036 [P] psnrY=39.24 psnrRGB=n/a dssim=0.00600 enc=345.68 ms dec=92.61 ms size=60.6 KiB mv=13.9 KiB (raw 33.7 KiB) res=46.6 KiB (raw 6.3 MiB) skip=10.8% mv0=20.2% cand=4.39 new0=0.0%→0.0% bias=(0,0) modes=Z1%/Nr12%/Na7%/Nw80%
#0037 [P] psnrY=39.47 psnrRGB=n/a dssim=0.00578 enc=332.36 ms dec=83.24 ms size=41.7 KiB mv=13.8 KiB (raw 34.5 KiB) res=27.8 KiB (raw 5.3 MiB) skip=24.5% mv0=16.2% cand=4.50 new0=0.0%→0.0% bias=(0,0) modes=Z1%/Nr9%/Na7%/Nw84%
#0038 [P] psnrY=39.59 psnrRGB=n/a dssim=0.00548 enc=331.73 ms dec=83.10 ms size=42.5 KiB mv=13.8 KiB (raw 34.2 KiB) res=28.7 KiB (raw 5.4 MiB) skip=23.2% mv0=17.6% cand=4.41 new0=0.0%→0.0% bias=(0,0) modes=Z1%/Nr10%/Na7%/Nw82%
#0039 [P] psnrY=39.52 psnrRGB=n/a dssim=0.00568 enc=331.53 ms dec=82.07 ms size=42.6 KiB mv=13.7 KiB (raw 34.2 KiB) res=28.8 KiB (raw 5.4 MiB) skip=23.2% mv0=17.4% cand=4.41 new0=0.0%→0.0% bias=(0,0) modes=Z1%/Nr10%/Na7%/Nw83%
#0040 [P] psnrY=39.56 psnrRGB=n/a dssim=0.00549 enc=331.16 ms dec=81.04 ms size=41.0 KiB mv=13.6 KiB (raw 34.2 KiB) res=27.4 KiB (raw 5.2 MiB) skip=25.6% mv0=17.7% cand=4.41 new0=0.0%→0.0% bias=(0,0) modes=Z1%/Nr9%/Na8%/Nw82%
#0041 [P] psnrY=39.07 psnrRGB=n/a dssim=0.00654 enc=330.71 ms dec=90.69 ms size=60.4 KiB mv=13.6 KiB (raw 33.2 KiB) res=46.8 KiB (raw 6.1 MiB) skip=13.4% mv0=23.2% cand=4.32 new0=0.0%→0.0% bias=(0,0) modes=Z1%/Nr14%/Na8%/Nw77%
#0042 [P] psnrY=39.48 psnrRGB=n/a dssim=0.00602 enc=331.49 ms dec=81.99 ms size=37.9 KiB mv=13.6 KiB (raw 34.5 KiB) res=24.3 KiB (raw 5.2 MiB) skip=25.6% mv0=15.9% cand=4.53 new0=0.0%→0.0% bias=(0,0) modes=Z1%/Nr9%/Na6%/Nw84%
#0043 [P] psnrY=39.67 psnrRGB=n/a dssim=0.00556 enc=327.91 ms dec=78.24 ms size=35.2 KiB mv=13.4 KiB (raw 34.0 KiB) res=21.8 KiB (raw 5.0 MiB) skip=28.6% mv0=18.4% cand=4.43 new0=0.0%→0.0% bias=(0,0) modes=Z1%/Nr10%/Na8%/Nw82%
#0044 [P] psnrY=39.82 psnrRGB=n/a dssim=0.00539 enc=322.42 ms dec=77.40 ms size=33.6 KiB mv=13.1 KiB (raw 33.7 KiB) res=20.4 KiB (raw 4.9 MiB) skip=30.2% mv0=20.5% cand=4.39 new0=0.0%→0.0% bias=(0,0) modes=Z1%/Nr11%/Na8%/Nw79%
#0045 [P] psnrY=39.85 psnrRGB=n/a dssim=0.00506 enc=323.22 ms dec=77.24 ms size=34.5 KiB mv=13.2 KiB (raw 33.8 KiB) res=21.3 KiB (raw 4.9 MiB) skip=30.9% mv0=19.5% cand=4.41 new0=0.0%→0.0% bias=(0,0) modes=Z1%/Nr11%/Na8%/Nw80%
#0046 [P] psnrY=38.21 psnrRGB=n/a dssim=0.00906 enc=349.68 ms dec=101.75 ms size=104.4 KiB mv=13.4 KiB (raw 32.2 KiB) res=91.0 KiB (raw 7.0 MiB) skip=0.0% mv0=28.3% cand=4.25 new0=0.0%→0.0% bias=(0,0) modes=Z1%/Nr19%/Na9%/Nw72%
#0047 [P] psnrY=39.65 psnrRGB=n/a dssim=0.00658 enc=325.68 ms dec=66.86 ms size=24.9 KiB mv=14.4 KiB (raw 34.2 KiB) res=10.4 KiB (raw 3.4 MiB) skip=51.1% mv0=17.6% cand=4.50 new0=0.0%→0.0% bias=(0,0) modes=Z1%/Nr10%/Na6%/Nw82%
#0048 [P] psnrY=40.39 psnrRGB=n/a dssim=0.00549 enc=324.50 ms dec=65.65 ms size=24.8 KiB mv=14.3 KiB (raw 34.0 KiB) res=10.4 KiB (raw 3.5 MiB) skip=50.2% mv0=18.8% cand=4.35 new0=0.0%→0.0% bias=(0,0) modes=Z1%/Nr10%/Na7%/Nw81%
#0049 [P] psnrY=40.65 psnrRGB=n/a dssim=0.00515 enc=324.33 ms dec=67.63 ms size=28.1 KiB mv=14.5 KiB (raw 34.2 KiB) res=13.6 KiB (raw 3.7 MiB) skip=47.6% mv0=17.4% cand=4.50 new0=0.0%→0.0% bias=(0,0) modes=Z1%/Nr9%/Na7%/Nw83%
#0050 [P] psnrY=40.91 psnrRGB=n/a dssim=0.00492 enc=323.72 ms dec=67.17 ms size=25.1 KiB mv=14.3 KiB (raw 33.9 KiB) res=10.8 KiB (raw 3.7 MiB) skip=47.0% mv0=19.3% cand=4.43 new0=0.0%→0.0% bias=(0,0) modes=Z2%/Nr11%/Na7%/Nw81%
#0051 [P] psnrY=41.04 psnrRGB=n/a dssim=0.00473 enc=322.10 ms dec=66.56 ms size=25.5 KiB mv=14.2 KiB (raw 33.7 KiB) res=11.2 KiB (raw 3.7 MiB) skip=47.4% mv0=20.2% cand=4.26 new0=0.0%→0.0% bias=(0,0) modes=Z2%/Nr11%/Na8%/Nw80%
#0052 [P] psnrY=40.98 psnrRGB=n/a dssim=0.00482 enc=321.82 ms dec=68.96 ms size=26.7 KiB mv=14.3 KiB (raw 33.7 KiB) res=12.4 KiB (raw 3.9 MiB) skip=43.9% mv0=20.4% cand=4.27 new0=0.0%→0.0% bias=(0,0) modes=Z2%/Nr11%/Na8%/Nw80%
#0053 [P] psnrY=41.16 psnrRGB=n/a dssim=0.00467 enc=317.69 ms dec=64.86 ms size=25.5 KiB mv=14.2 KiB (raw 33.5 KiB) res=11.3 KiB (raw 3.6 MiB) skip=48.8% mv0=21.5% cand=4.25 new0=0.0%→0.0% bias=(0,0) modes=Z2%/Nr12%/Na8%/Nw79%
#0054 [P] psnrY=41.07 psnrRGB=n/a dssim=0.00474 enc=321.42 ms dec=68.77 ms size=29.7 KiB mv=14.4 KiB (raw 33.7 KiB) res=15.3 KiB (raw 3.9 MiB) skip=43.9% mv0=20.2% cand=4.42 new0=0.0%→0.0% bias=(0,0) modes=Z2%/Nr11%/Na8%/Nw80%
#0055 [P] psnrY=41.08 psnrRGB=n/a dssim=0.00478 enc=320.58 ms dec=66.35 ms size=26.8 KiB mv=14.4 KiB (raw 33.8 KiB) res=12.4 KiB (raw 3.7 MiB) skip=47.0% mv0=20.0% cand=4.41 new0=0.0%→0.0% bias=(0,0) modes=Z2%/Nr11%/Na7%/Nw80%
#0056 [P] psnrY=41.19 psnrRGB=n/a dssim=0.00474 enc=319.70 ms dec=66.33 ms size=26.6 KiB mv=14.3 KiB (raw 33.5 KiB) res=12.2 KiB (raw 3.7 MiB) skip=47.1% mv0=21.5% cand=4.27 new0=0.0%→0.0% bias=(0,0) modes=Z2%/Nr12%/Na8%/Nw78%
#0057 [P] psnrY=41.22 psnrRGB=n/a dssim=0.00483 enc=319.94 ms dec=67.11 ms size=26.4 KiB mv=14.4 KiB (raw 33.6 KiB) res=12.0 KiB (raw 3.7 MiB) skip=46.9% mv0=20.7% cand=4.31 new0=0.0%→0.0% bias=(0,0) modes=Z2%/Nr11%/Na8%/Nw79%
#0058 [P] psnrY=41.17 psnrRGB=n/a dssim=0.00479 enc=318.48 ms dec=65.68 ms size=26.6 KiB mv=14.3 KiB (raw 33.5 KiB) res=12.3 KiB (raw 3.7 MiB) skip=46.7% mv0=21.4% cand=4.24 new0=0.0%→0.0% bias=(0,0) modes=Z2%/Nr12%/Na8%/Nw79%
#0059 [P] psnrY=41.15 psnrRGB=n/a dssim=0.00505 enc=317.95 ms dec=67.28 ms size=29.5 KiB mv=14.3 KiB (raw 33.6 KiB) res=15.2 KiB (raw 3.9 MiB) skip=44.2% mv0=21.0% cand=4.41 new0=0.0%→0.0% bias=(0,0) modes=Z2%/Nr11%/Na8%/Nw79%
