ri-quality report
Input: ./peng.mp4
Frames processed: 60 (limit: 60), resolution: 1920x1280 @ 25 fps
Settings: intra=85 inter=80 search=12 skip=12 y-only=true per-frame=true
Encoded size: 2.6 MiB (2711727 bytes, 45195.45 bytes/frame, 0.147 bpp)
File skip rate: 24.82% blocks (142969 / 576000) — these motion-predicted blocks quantized to zero residual, so no residual bytes were stored for them

=== Quality Metrics ===
  PSNR-Y mean: 40.09 dB
  PSNR-RGB mean: n/a dB
  DSSIM mean: 0.00542

=== Performance ===
  Predecode (ffmpeg): total 942.6 ms
  Encode: total 7533.8 ms (I 81.7 ms / P 7452.1 ms) | 7.96 fps
  Decode: total 3530.4 ms (I 23.8 ms / P 3506.6 ms) | 17.00 fps

=== Efficiency Metrics ===
  Bytes × DSSIM: 14689
  Bytes per PSNR-Y dB: 67634.10
  Bytes per PSNR-RGB dB: n/a
  Encode quality throughput (dB·fps): 319.31
  Decode quality throughput (dB·fps): 681.41

=== Data Breakdown ===
  Motion vectors: raw 1.7 MiB -> compressed 671.8 KiB (ratio 2.62:1), 25.4% of file
  Residuals total: 1.9 MiB (74.6% of file)
    I-frame JPEG: 451.6 KiB (17.1% of file)
    P-frame residual: 1.5 MiB (57.5% of file)
    Residual raw 303.1 MiB -> compressed 1.5 MiB (ratio 203.71:1)

=== Block Stats ===
  Skip rate: 24.82% (142969 / 576000)
  MV zero-delta: 37.05% (213431 / 576000)

=== Motion-Vector Diagnostics ===
  Mode split: Zero 1.6% (8949 blocks) | Nearest 26.7% (148388 blocks) | Near 10.1% (56094 blocks) | New 61.7% (343369 blocks)
  Predictor richness: avg 3.69 unique/block (min 1 max 5)
  NEW zero share: pre 0.0% → post 0.0% | axis-zero X 14.5% Y 11.1% | NEAR ref 46.0%
  NEW delta magnitude: mean 4.26px, stddev 4.23px (343369 blocks)
  Magnitude classes (per-axis): C0:25.6% | C1:29.7% | C2:22.2% | C3:14.0% | C4:7.4% | C5:1.1%
  Bias (Δx, Δy): avg (0.0, 0.0) | dx range 0..0 | dy range 0..0

=== Per-frame breakdown ===
#0000 [I] psnrY=48.66 psnrRGB=n/a dssim=0.00042 enc=42.91 ms dec=10.39 ms size=220.3 KiB mv=0 B (raw 0 B) res=220.3 KiB (raw -) skip=0.0% mv0=0.0% cand=- new0=- bias=(0,0) modes=-
#0001 [P] psnrY=41.70 psnrRGB=n/a dssim=0.00301 enc=143.14 ms dec=51.90 ms size=34.8 KiB mv=11.5 KiB (raw 29.4 KiB) res=23.3 KiB (raw 4.1 MiB) skip=42.1% mv0=43.2% cand=2.92 new0=0.0%→0.0% bias=(0,0) modes=Z4%/Nr26%/Na13%/Nw57%
#0002 [P] psnrY=41.24 psnrRGB=n/a dssim=0.00362 enc=129.78 ms dec=54.91 ms size=27.2 KiB mv=10.6 KiB (raw 27.7 KiB) res=16.6 KiB (raw 4.5 MiB) skip=36.4% mv0=52.0% cand=3.38 new0=0.0%→0.0% bias=(0,0) modes=Z4%/Nr36%/Na12%/Nw48%
#0003 [P] psnrY=40.80 psnrRGB=n/a dssim=0.00384 enc=124.61 ms dec=54.47 ms size=27.5 KiB mv=10.7 KiB (raw 28.1 KiB) res=16.8 KiB (raw 4.6 MiB) skip=34.1% mv0=50.3% cand=3.30 new0=0.0%→0.0% bias=(0,0) modes=Z3%/Nr35%/Na12%/Nw50%
#0004 [P] psnrY=40.69 psnrRGB=n/a dssim=0.00402 enc=127.79 ms dec=55.92 ms size=28.8 KiB mv=11.1 KiB (raw 29.1 KiB) res=17.6 KiB (raw 4.7 MiB) skip=33.0% mv0=45.0% cand=3.49 new0=0.0%→0.0% bias=(0,0) modes=Z3%/Nr31%/Na11%/Nw55%
#0005 [P] psnrY=40.29 psnrRGB=n/a dssim=0.00424 enc=126.07 ms dec=59.36 ms size=33.9 KiB mv=11.8 KiB (raw 30.6 KiB) res=22.1 KiB (raw 4.9 MiB) skip=30.3% mv0=36.6% cand=3.74 new0=0.0%→0.0% bias=(0,0) modes=Z2%/Nr24%/Na10%/Nw63%
#0006 [P] psnrY=39.39 psnrRGB=n/a dssim=0.00536 enc=135.19 ms dec=69.16 ms size=58.5 KiB mv=12.8 KiB (raw 32.1 KiB) res=45.7 KiB (raw 6.3 MiB) skip=10.7% mv0=28.9% cand=4.10 new0=0.0%→0.0% bias=(0,0) modes=Z1%/Nr19%/Na9%/Nw71%
#0007 [P] psnrY=39.51 psnrRGB=n/a dssim=0.00547 enc=133.10 ms dec=63.36 ms size=41.9 KiB mv=12.3 KiB (raw 32.1 KiB) res=29.6 KiB (raw 5.7 MiB) skip=19.5% mv0=28.7% cand=4.08 new0=0.0%→0.0% bias=(0,0) modes=Z1%/Nr19%/Na8%/Nw71%
#0008 [P] psnrY=39.48 psnrRGB=n/a dssim=0.00569 enc=135.07 ms dec=63.95 ms size=44.9 KiB mv=12.2 KiB (raw 31.7 KiB) res=32.7 KiB (raw 5.9 MiB) skip=16.1% mv0=31.0% cand=3.96 new0=0.0%→0.0% bias=(0,0) modes=Z1%/Nr21%/Na9%/Nw69%
#0009 [P] psnrY=39.55 psnrRGB=n/a dssim=0.00593 enc=132.30 ms dec=64.11 ms size=42.6 KiB mv=12.5 KiB (raw 32.0 KiB) res=30.1 KiB (raw 5.8 MiB) skip=17.8% mv0=29.5% cand=4.02 new0=0.0%→0.0% bias=(0,0) modes=Z2%/Nr19%/Na9%/Nw70%
#0010 [P] psnrY=39.44 psnrRGB=n/a dssim=0.00577 enc=134.09 ms dec=62.60 ms size=42.7 KiB mv=12.3 KiB (raw 31.8 KiB) res=30.3 KiB (raw 5.7 MiB) skip=18.8% mv0=30.3% cand=4.00 new0=0.0%→0.0% bias=(0,0) modes=Z1%/Nr19%/Na10%/Nw70%
#0011 [P] psnrY=39.13 psnrRGB=n/a dssim=0.00620 enc=134.07 ms dec=65.08 ms size=54.5 KiB mv=12.9 KiB (raw 32.3 KiB) res=41.6 KiB (raw 6.0 MiB) skip=14.4% mv0=27.7% cand=4.11 new0=0.0%→0.0% bias=(0,0) modes=Z1%/Nr17%/Na9%/Nw72%
#0012 [P] psnrY=39.35 psnrRGB=n/a dssim=0.00590 enc=126.89 ms dec=61.24 ms size=37.1 KiB mv=11.8 KiB (raw 30.9 KiB) res=25.2 KiB (raw 5.4 MiB) skip=22.7% mv0=34.9% cand=3.94 new0=0.0%→0.0% bias=(0,0) modes=Z1%/Nr23%/Na11%/Nw65%
#0013 [P] psnrY=39.53 psnrRGB=n/a dssim=0.00547 enc=134.11 ms dec=59.36 ms size=33.9 KiB mv=11.8 KiB (raw 30.8 KiB) res=22.1 KiB (raw 5.2 MiB) skip=25.4% mv0=35.7% cand=3.81 new0=0.0%→0.0% bias=(0,0) modes=Z1%/Nr23%/Na11%/Nw64%
#0014 [P] psnrY=39.70 psnrRGB=n/a dssim=0.00537 enc=124.64 ms dec=59.34 ms size=33.0 KiB mv=11.8 KiB (raw 30.7 KiB) res=21.2 KiB (raw 5.1 MiB) skip=27.8% mv0=36.3% cand=3.81 new0=0.0%→0.0% bias=(0,0) modes=Z2%/Nr24%/Na10%/Nw64%
#0015 [P] psnrY=39.73 psnrRGB=n/a dssim=0.00528 enc=126.44 ms dec=60.04 ms size=36.0 KiB mv=12.2 KiB (raw 31.4 KiB) res=23.8 KiB (raw 5.1 MiB) skip=26.8% mv0=32.5% cand=3.91 new0=0.0%→0.0% bias=(0,0) modes=Z1%/Nr21%/Na10%/Nw68%
#0016 [P] psnrY=39.23 psnrRGB=n/a dssim=0.00586 enc=130.76 ms dec=65.79 ms size=52.9 KiB mv=13.0 KiB (raw 32.7 KiB) res=39.9 KiB (raw 6.0 MiB) skip=14.6% mv0=25.7% cand=4.16 new0=0.0%→0.0% bias=(0,0) modes=Z1%/Nr16%/Na8%/Nw74%
#0017 [P] psnrY=39.47 psnrRGB=n/a dssim=0.00562 enc=132.29 ms dec=59.70 ms size=35.5 KiB mv=11.9 KiB (raw 31.5 KiB) res=23.6 KiB (raw 5.1 MiB) skip=27.2% mv0=32.0% cand=4.00 new0=0.0%→0.0% bias=(0,0) modes=Z1%/Nr21%/Na9%/Nw68%
#0018 [P] psnrY=39.57 psnrRGB=n/a dssim=0.00553 enc=126.16 ms dec=65.90 ms size=37.9 KiB mv=12.2 KiB (raw 31.9 KiB) res=25.7 KiB (raw 5.3 MiB) skip=25.2% mv0=29.8% cand=3.99 new0=0.0%→0.0% bias=(0,0) modes=Z1%/Nr19%/Na9%/Nw70%
#0019 [P] psnrY=39.64 psnrRGB=n/a dssim=0.00555 enc=128.25 ms dec=61.74 ms size=39.0 KiB mv=12.5 KiB (raw 32.4 KiB) res=26.5 KiB (raw 5.6 MiB) skip=19.8% mv0=27.1% cand=4.08 new0=0.0%→0.0% bias=(0,0) modes=Z1%/Nr17%/Na9%/Nw73%
#0020 [P] psnrY=39.47 psnrRGB=n/a dssim=0.00545 enc=128.13 ms dec=62.17 ms size=39.1 KiB mv=12.3 KiB (raw 32.2 KiB) res=26.7 KiB (raw 5.7 MiB) skip=19.4% mv0=28.3% cand=4.05 new0=0.0%→0.0% bias=(0,0) modes=Z1%/Nr18%/Na9%/Nw72%
#0021 [P] psnrY=39.16 psnrRGB=n/a dssim=0.00638 enc=142.20 ms dec=67.42 ms size=61.0 KiB mv=13.2 KiB (raw 32.9 KiB) res=47.7 KiB (raw 6.3 MiB) skip=10.4% mv0=24.8% cand=4.24 new0=0.0%→0.0% bias=(0,0) modes=Z1%/Nr15%/Na9%/Nw75%
#0022 [P] psnrY=39.50 psnrRGB=n/a dssim=0.00609 enc=125.95 ms dec=62.13 ms size=38.3 KiB mv=12.2 KiB (raw 31.4 KiB) res=26.1 KiB (raw 5.5 MiB) skip=22.3% mv0=32.3% cand=4.04 new0=0.0%→0.0% bias=(0,0) modes=Z1%/Nr20%/Na11%/Nw68%
#0023 [P] psnrY=39.48 psnrRGB=n/a dssim=0.00579 enc=131.70 ms dec=63.17 ms size=38.5 KiB mv=11.8 KiB (raw 31.5 KiB) res=26.8 KiB (raw 5.4 MiB) skip=22.9% mv0=31.7% cand=3.93 new0=0.0%→0.0% bias=(0,0) modes=Z1%/Nr20%/Na10%/Nw68%
#0024 [P] psnrY=39.67 psnrRGB=n/a dssim=0.00568 enc=133.67 ms dec=63.31 ms size=37.8 KiB mv=12.2 KiB (raw 32.1 KiB) res=25.6 KiB (raw 5.4 MiB) skip=23.9% mv0=28.8% cand=4.03 new0=0.0%→0.0% bias=(0,0) modes=Z1%/Nr18%/Na10%/Nw71%
#0025 [P] psnrY=39.53 psnrRGB=n/a dssim=0.00548 enc=144.19 ms dec=61.15 ms size=38.9 KiB mv=12.3 KiB (raw 32.4 KiB) res=26.6 KiB (raw 5.4 MiB) skip=22.7% mv0=26.9% cand=4.07 new0=0.0%→0.0% bias=(0,0) modes=Z1%/Nr17%/Na9%/Nw73%
#0026 [P] psnrY=39.15 psnrRGB=n/a dssim=0.00572 enc=133.50 ms dec=63.45 ms size=51.3 KiB mv=12.3 KiB (raw 31.9 KiB) res=39.0 KiB (raw 5.8 MiB) skip=17.9% mv0=29.9% cand=4.07 new0=0.0%→0.0% bias=(0,0) modes=Z1%/Nr19%/Na10%/Nw70%
#0027 [P] psnrY=39.41 psnrRGB=n/a dssim=0.00556 enc=123.32 ms dec=60.66 ms size=35.9 KiB mv=12.0 KiB (raw 32.2 KiB) res=23.9 KiB (raw 5.2 MiB) skip=25.7% mv0=28.4% cand=4.10 new0=0.0%→0.0% bias=(0,0) modes=Z1%/Nr19%/Na9%/Nw72%
#0028 [P] psnrY=39.41 psnrRGB=n/a dssim=0.00556 enc=125.12 ms dec=61.14 ms size=37.7 KiB mv=12.0 KiB (raw 32.0 KiB) res=25.7 KiB (raw 5.4 MiB) skip=23.7% mv0=29.3% cand=4.03 new0=0.0%→0.0% bias=(0,0) modes=Z1%/Nr20%/Na9%/Nw71%
#0029 [P] psnrY=39.44 psnrRGB=n/a dssim=0.00571 enc=134.05 ms dec=62.14 ms size=37.8 KiB mv=11.6 KiB (raw 31.3 KiB) res=26.2 KiB (raw 5.6 MiB) skip=21.0% mv0=33.2% cand=3.93 new0=0.0%→0.0% bias=(0,0) modes=Z1%/Nr23%/Na10%/Nw67%
#0030 [I] psnrY=48.17 psnrRGB=n/a dssim=0.00046 enc=38.80 ms dec=13.38 ms size=231.3 KiB mv=0 B (raw 0 B) res=231.3 KiB (raw -) skip=0.0% mv0=0.0% cand=- new0=- bias=(0,0) modes=-
#0031 [P] psnrY=40.05 psnrRGB=n/a dssim=0.00459 enc=135.60 ms dec=67.12 ms size=59.5 KiB mv=13.1 KiB (raw 32.3 KiB) res=46.4 KiB (raw 6.3 MiB) skip=11.0% mv0=27.7% cand=3.29 new0=0.0%→0.0% bias=(0,0) modes=Z2%/Nr18%/Na8%/Nw72%
#0032 [P] psnrY=40.04 psnrRGB=n/a dssim=0.00466 enc=124.46 ms dec=61.06 ms size=38.8 KiB mv=12.8 KiB (raw 32.4 KiB) res=25.9 KiB (raw 5.2 MiB) skip=25.9% mv0=27.0% cand=4.19 new0=0.0%→0.0% bias=(0,0) modes=Z2%/Nr17%/Na8%/Nw73%
#0033 [P] psnrY=39.64 psnrRGB=n/a dssim=0.00481 enc=125.84 ms dec=61.07 ms size=41.0 KiB mv=12.7 KiB (raw 32.2 KiB) res=28.3 KiB (raw 5.5 MiB) skip=22.2% mv0=28.1% cand=4.06 new0=0.0%→0.0% bias=(0,0) modes=Z2%/Nr18%/Na9%/Nw72%
#0034 [P] psnrY=39.83 psnrRGB=n/a dssim=0.00503 enc=132.71 ms dec=60.41 ms size=36.5 KiB mv=11.7 KiB (raw 30.5 KiB) res=24.8 KiB (raw 5.2 MiB) skip=26.6% mv0=37.3% cand=3.81 new0=0.0%→0.0% bias=(0,0) modes=Z1%/Nr25%/Na11%/Nw63%
#0035 [P] psnrY=39.69 psnrRGB=n/a dssim=0.00535 enc=126.25 ms dec=61.57 ms size=40.1 KiB mv=11.8 KiB (raw 30.6 KiB) res=28.4 KiB (raw 5.5 MiB) skip=21.5% mv0=36.9% cand=3.77 new0=0.0%→0.0% bias=(0,0) modes=Z1%/Nr25%/Na10%/Nw63%
#0036 [P] psnrY=39.21 psnrRGB=n/a dssim=0.00606 enc=134.23 ms dec=68.53 ms size=60.2 KiB mv=13.2 KiB (raw 33.0 KiB) res=46.9 KiB (raw 6.4 MiB) skip=9.1% mv0=23.8% cand=4.22 new0=0.0%→0.0% bias=(0,0) modes=Z1%/Nr15%/Na8%/Nw76%
#0037 [P] psnrY=39.40 psnrRGB=n/a dssim=0.00591 enc=127.29 ms dec=61.49 ms size=40.8 KiB mv=12.3 KiB (raw 32.0 KiB) res=28.5 KiB (raw 5.5 MiB) skip=21.3% mv0=29.3% cand=4.12 new0=0.0%→0.0% bias=(0,0) modes=Z1%/Nr19%/Na9%/Nw71%
#0038 [P] psnrY=39.54 psnrRGB=n/a dssim=0.00560 enc=136.34 ms dec=62.01 ms size=41.6 KiB mv=12.3 KiB (raw 31.9 KiB) res=29.3 KiB (raw 5.6 MiB) skip=20.6% mv0=29.9% cand=3.97 new0=0.0%→0.0% bias=(0,0) modes=Z1%/Nr19%/Na10%/Nw70%
#0039 [P] psnrY=39.45 psnrRGB=n/a dssim=0.00582 enc=130.79 ms dec=61.96 ms size=41.7 KiB mv=12.3 KiB (raw 32.0 KiB) res=29.4 KiB (raw 5.6 MiB) skip=20.5% mv0=29.4% cand=4.00 new0=0.0%→0.0% bias=(0,0) modes=Z1%/Nr19%/Na10%/Nw71%
#0040 [P] psnrY=39.49 psnrRGB=n/a dssim=0.00554 enc=128.33 ms dec=60.51 ms size=40.3 KiB mv=12.3 KiB (raw 32.0 KiB) res=28.1 KiB (raw 5.5 MiB) skip=22.2% mv0=29.2% cand=4.00 new0=0.0%→0.0% bias=(0,0) modes=Z1%/Nr18%/Na10%/Nw71%
#0041 [P] psnrY=39.04 psnrRGB=n/a dssim=0.00664 enc=135.08 ms dec=66.70 ms size=59.8 KiB mv=12.7 KiB (raw 32.0 KiB) res=47.1 KiB (raw 6.2 MiB) skip=11.4% mv0=29.2% cand=4.10 new0=0.0%→0.0% bias=(0,0) modes=Z1%/Nr19%/Na10%/Nw71%
#0042 [P] psnrY=39.43 psnrRGB=n/a dssim=0.00616 enc=135.20 ms dec=61.81 ms size=37.2 KiB mv=12.4 KiB (raw 32.4 KiB) res=24.8 KiB (raw 5.4 MiB) skip=22.6% mv0=27.3% cand=4.20 new0=0.0%→0.0% bias=(0,0) modes=Z1%/Nr17%/Na10%/Nw73%
#0043 [P] psnrY=39.58 psnrRGB=n/a dssim=0.00575 enc=125.00 ms dec=61.75 ms size=33.9 KiB mv=11.6 KiB (raw 31.1 KiB) res=22.2 KiB (raw 5.3 MiB) skip=24.9% mv0=33.9% cand=3.91 new0=0.0%→0.0% bias=(0,0) modes=Z1%/Nr23%/Na10%/Nw66%
#0044 [P] psnrY=39.70 psnrRGB=n/a dssim=0.00555 enc=122.50 ms dec=59.49 ms size=32.4 KiB mv=11.5 KiB (raw 30.8 KiB) res=20.9 KiB (raw 5.0 MiB) skip=28.6% mv0=35.9% cand=3.83 new0=0.0%→0.0% bias=(0,0) modes=Z1%/Nr24%/Na11%/Nw64%
#0045 [P] psnrY=39.72 psnrRGB=n/a dssim=0.00529 enc=122.85 ms dec=57.97 ms size=33.5 KiB mv=11.7 KiB (raw 31.3 KiB) res=21.8 KiB (raw 5.0 MiB) skip=29.3% mv0=33.3% cand=3.88 new0=0.0%→0.0% bias=(0,0) modes=Z1%/Nr22%/Na10%/Nw67%
#0046 [P] psnrY=38.21 psnrRGB=n/a dssim=0.00910 enc=153.11 ms dec=75.62 ms size=104.2 KiB mv=13.2 KiB (raw 32.4 KiB) res=91.0 KiB (raw 7.0 MiB) skip=0.0% mv0=27.0% cand=4.26 new0=0.0%→0.0% bias=(0,0) modes=Z1%/Nr19%/Na8%/Nw73%
#0047 [P] psnrY=39.48 psnrRGB=n/a dssim=0.00696 enc=119.11 ms dec=50.97 ms size=22.9 KiB mv=12.4 KiB (raw 31.0 KiB) res=10.4 KiB (raw 3.6 MiB) skip=48.8% mv0=34.5% cand=4.07 new0=0.0%→0.0% bias=(0,0) modes=Z1%/Nr23%/Na10%/Nw66%
#0048 [P] psnrY=40.08 psnrRGB=n/a dssim=0.00618 enc=114.84 ms dec=52.97 ms size=21.3 KiB mv=10.5 KiB (raw 27.7 KiB) res=10.8 KiB (raw 3.9 MiB) skip=44.5% mv0=52.5% cand=3.24 new0=0.0%→0.0% bias=(0,0) modes=Z2%/Nr39%/Na12%/Nw48%
#0049 [P] psnrY=40.20 psnrRGB=n/a dssim=0.00600 enc=115.79 ms dec=53.75 ms size=24.4 KiB mv=9.8 KiB (raw 26.9 KiB) res=14.5 KiB (raw 4.2 MiB) skip=40.5% mv0=56.6% cand=3.07 new0=0.0%→0.0% bias=(0,0) modes=Z2%/Nr44%/Na11%/Nw43%
#0050 [P] psnrY=40.44 psnrRGB=n/a dssim=0.00586 enc=124.57 ms dec=55.51 ms size=21.2 KiB mv=9.3 KiB (raw 25.8 KiB) res=11.9 KiB (raw 4.4 MiB) skip=37.2% mv0=62.2% cand=2.86 new0=0.0%→0.0% bias=(0,0) modes=Z2%/Nr48%/Na12%/Nw38%
#0051 [P] psnrY=40.52 psnrRGB=n/a dssim=0.00576 enc=115.45 ms dec=54.79 ms size=21.1 KiB mv=8.9 KiB (raw 25.3 KiB) res=12.2 KiB (raw 4.3 MiB) skip=38.2% mv0=65.2% cand=2.59 new0=0.0%→0.0% bias=(0,0) modes=Z2%/Nr52%/Na11%/Nw35%
#0052 [P] psnrY=40.45 psnrRGB=n/a dssim=0.00583 enc=117.76 ms dec=56.09 ms size=22.8 KiB mv=9.2 KiB (raw 25.6 KiB) res=13.5 KiB (raw 4.7 MiB) skip=33.4% mv0=63.5% cand=2.62 new0=0.0%→0.0% bias=(0,0) modes=Z2%/Nr49%/Na12%/Nw37%
#0053 [P] psnrY=40.59 psnrRGB=n/a dssim=0.00570 enc=114.26 ms dec=52.30 ms size=20.8 KiB mv=8.7 KiB (raw 24.8 KiB) res=12.0 KiB (raw 4.1 MiB) skip=41.5% mv0=67.8% cand=2.50 new0=0.0%→0.0% bias=(0,0) modes=Z2%/Nr54%/Na11%/Nw32%
#0054 [P] psnrY=40.51 psnrRGB=n/a dssim=0.00573 enc=125.77 ms dec=56.30 ms size=26.0 KiB mv=9.5 KiB (raw 26.0 KiB) res=16.4 KiB (raw 4.7 MiB) skip=33.7% mv0=61.1% cand=2.81 new0=0.0%→0.0% bias=(0,0) modes=Z2%/Nr47%/Na11%/Nw39%
#0055 [P] psnrY=40.51 psnrRGB=n/a dssim=0.00577 enc=118.88 ms dec=53.59 ms size=22.1 KiB mv=8.8 KiB (raw 24.9 KiB) res=13.3 KiB (raw 4.3 MiB) skip=38.9% mv0=67.3% cand=2.67 new0=0.0%→0.0% bias=(0,0) modes=Z2%/Nr54%/Na11%/Nw33%
#0056 [P] psnrY=40.60 psnrRGB=n/a dssim=0.00575 enc=117.20 ms dec=54.65 ms size=22.1 KiB mv=9.0 KiB (raw 25.1 KiB) res=13.2 KiB (raw 4.5 MiB) skip=36.6% mv0=66.3% cand=2.54 new0=0.0%→0.0% bias=(0,0) modes=Z3%/Nr52%/Na11%/Nw34%
#0057 [P] psnrY=40.63 psnrRGB=n/a dssim=0.00583 enc=116.88 ms dec=57.39 ms size=22.3 KiB mv=9.1 KiB (raw 25.2 KiB) res=13.2 KiB (raw 4.5 MiB) skip=36.1% mv0=65.6% cand=2.60 new0=0.0%→0.0% bias=(0,0) modes=Z2%/Nr52%/Na11%/Nw34%
#0058 [P] psnrY=40.57 psnrRGB=n/a dssim=0.00578 enc=116.98 ms dec=57.52 ms size=22.6 KiB mv=9.1 KiB (raw 25.2 KiB) res=13.5 KiB (raw 4.5 MiB) skip=35.8% mv0=65.8% cand=2.56 new0=0.0%→0.0% bias=(0,0) modes=Z3%/Nr51%/Na12%/Nw34%
#0059 [P] psnrY=40.54 psnrRGB=n/a dssim=0.00596 enc=132.44 ms dec=57.06 ms size=26.3 KiB mv=9.9 KiB (raw 26.5 KiB) res=16.4 KiB (raw 4.7 MiB) skip=33.8% mv0=58.5% cand=2.94 new0=0.0%→0.0% bias=(0,0) modes=Z2%/Nr44%/Na12%/Nw42%
