ri-quality report
Input: ./peng.mp4
Frames processed: 60 (limit: 60), resolution: 1920x1280 @ 25 fps
Settings: intra=85 inter=80 search=12 skip=12 y-only=true per-frame=true
Encoded size: 2.6 MiB (2756603 bytes, 45943.38 bytes/frame, 0.150 bpp)
File skip rate: 24.38% blocks (140433 / 576000) — these motion-predicted blocks quantized to zero residual, so no residual bytes were stored for them

=== Quality Metrics ===
  PSNR-Y mean: 40.07 dB
  PSNR-RGB mean: n/a dB
  DSSIM mean: 0.00543

=== Performance ===
  Predecode (ffmpeg): total 974.2 ms
  Encode: total 5299.2 ms (I 86.9 ms / P 5212.3 ms) | 11.32 fps
  Decode: total 3599.9 ms (I 23.2 ms / P 3576.6 ms) | 16.67 fps

=== Efficiency Metrics ===
  Bytes × DSSIM: 14976
  Bytes per PSNR-Y dB: 68794.75
  Bytes per PSNR-RGB dB: n/a
  Encode quality throughput (dB·fps): 453.69
  Decode quality throughput (dB·fps): 667.86

=== Data Breakdown ===
  Motion vectors: raw 1.7 MiB -> compressed 683.9 KiB (ratio 2.60:1), 25.4% of file
  Residuals total: 2.0 MiB (74.5% of file)
    I-frame JPEG: 451.6 KiB (16.8% of file)
    P-frame residual: 1.5 MiB (57.8% of file)
    Residual raw 305.0 MiB -> compressed 1.5 MiB (ratio 200.79:1)

=== Block Stats ===
  Skip rate: 24.38% (140433 / 576000)
  MV zero-delta: 35.34% (203532 / 576000)

=== Motion-Vector Diagnostics ===
  Mode split: Zero 1.6% (9089 blocks) | Nearest 26.0% (144707 blocks) | Near 8.9% (49736 blocks) | New 63.4% (353268 blocks)
  Predictor richness: avg 3.73 unique/block (min 1 max 5)
  NEW zero share: pre 0.0% → post 0.0% | axis-zero X 14.1% Y 10.9% | NEAR ref 42.7%
  NEW delta magnitude: mean 4.39px, stddev 4.26px (353268 blocks)
  Magnitude classes (per-axis): C0:25.0% | C1:28.9% | C2:22.4% | C3:14.8% | C4:7.9% | C5:1.1%
  Bias (Δx, Δy): avg (0.0, 0.0) | dx range 0..0 | dy range 0..0

=== Per-frame breakdown ===
#0000 [I] psnrY=48.66 psnrRGB=n/a dssim=0.00042 enc=44.30 ms dec=10.78 ms size=220.3 KiB mv=0 B (raw 0 B) res=220.3 KiB (raw -) skip=0.0% mv0=0.0% cand=- new0=- bias=(0,0) modes=-
#0001 [P] psnrY=41.59 psnrRGB=n/a dssim=0.00307 enc=95.15 ms dec=55.41 ms size=36.3 KiB mv=11.9 KiB (raw 29.9 KiB) res=24.3 KiB (raw 4.2 MiB) skip=40.9% mv0=40.3% cand=2.98 new0=0.0%→0.0% bias=(0,0) modes=Z4%/Nr25%/Na11%/Nw60%
#0002 [P] psnrY=41.16 psnrRGB=n/a dssim=0.00366 enc=82.14 ms dec=55.16 ms size=27.8 KiB mv=10.7 KiB (raw 28.1 KiB) res=17.1 KiB (raw 4.5 MiB) skip=35.9% mv0=50.2% cand=3.41 new0=0.0%→0.0% bias=(0,0) modes=Z4%/Nr35%/Na11%/Nw50%
#0003 [P] psnrY=40.73 psnrRGB=n/a dssim=0.00389 enc=82.05 ms dec=61.96 ms size=28.0 KiB mv=10.8 KiB (raw 28.2 KiB) res=17.2 KiB (raw 4.7 MiB) skip=33.0% mv0=49.3% cand=3.32 new0=0.0%→0.0% bias=(0,0) modes=Z3%/Nr35%/Na11%/Nw51%
#0004 [P] psnrY=40.66 psnrRGB=n/a dssim=0.00406 enc=81.89 ms dec=63.23 ms size=29.3 KiB mv=11.2 KiB (raw 29.3 KiB) res=18.0 KiB (raw 4.7 MiB) skip=32.6% mv0=43.6% cand=3.51 new0=0.0%→0.0% bias=(0,0) modes=Z2%/Nr30%/Na11%/Nw56%
#0005 [P] psnrY=40.23 psnrRGB=n/a dssim=0.00426 enc=83.72 ms dec=63.09 ms size=34.7 KiB mv=12.0 KiB (raw 30.8 KiB) res=22.7 KiB (raw 5.0 MiB) skip=28.9% mv0=35.5% cand=3.77 new0=0.0%→0.0% bias=(0,0) modes=Z2%/Nr24%/Na9%/Nw64%
#0006 [P] psnrY=39.37 psnrRGB=n/a dssim=0.00540 enc=94.95 ms dec=68.61 ms size=59.3 KiB mv=13.2 KiB (raw 32.9 KiB) res=46.2 KiB (raw 6.3 MiB) skip=10.7% mv0=24.6% cand=4.19 new0=0.0%→0.0% bias=(0,0) modes=Z1%/Nr17%/Na6%/Nw75%
#0007 [P] psnrY=39.48 psnrRGB=n/a dssim=0.00550 enc=94.61 ms dec=64.17 ms size=42.7 KiB mv=12.5 KiB (raw 32.4 KiB) res=30.1 KiB (raw 5.7 MiB) skip=19.4% mv0=27.4% cand=4.13 new0=0.0%→0.0% bias=(0,0) modes=Z1%/Nr18%/Na7%/Nw73%
#0008 [P] psnrY=39.46 psnrRGB=n/a dssim=0.00573 enc=98.41 ms dec=65.10 ms size=45.6 KiB mv=12.5 KiB (raw 32.2 KiB) res=33.1 KiB (raw 5.9 MiB) skip=15.9% mv0=28.4% cand=4.02 new0=0.0%→0.0% bias=(0,0) modes=Z1%/Nr19%/Na8%/Nw72%
#0009 [P] psnrY=39.53 psnrRGB=n/a dssim=0.00599 enc=98.21 ms dec=66.43 ms size=43.1 KiB mv=12.6 KiB (raw 32.2 KiB) res=30.5 KiB (raw 5.8 MiB) skip=17.1% mv0=28.4% cand=4.05 new0=0.0%→0.0% bias=(0,0) modes=Z2%/Nr19%/Na8%/Nw72%
#0010 [P] psnrY=39.42 psnrRGB=n/a dssim=0.00583 enc=86.76 ms dec=62.82 ms size=43.2 KiB mv=12.5 KiB (raw 32.2 KiB) res=30.6 KiB (raw 5.7 MiB) skip=18.3% mv0=28.3% cand=4.04 new0=0.0%→0.0% bias=(0,0) modes=Z1%/Nr19%/Na8%/Nw72%
#0011 [P] psnrY=39.12 psnrRGB=n/a dssim=0.00625 enc=93.95 ms dec=67.14 ms size=55.2 KiB mv=13.1 KiB (raw 32.7 KiB) res=42.1 KiB (raw 6.1 MiB) skip=13.8% mv0=25.6% cand=4.15 new0=0.0%→0.0% bias=(0,0) modes=Z1%/Nr17%/Na7%/Nw74%
#0012 [P] psnrY=39.35 psnrRGB=n/a dssim=0.00589 enc=92.04 ms dec=63.19 ms size=37.9 KiB mv=12.0 KiB (raw 31.4 KiB) res=25.9 KiB (raw 5.5 MiB) skip=21.8% mv0=32.5% cand=3.99 new0=0.0%→0.0% bias=(0,0) modes=Z1%/Nr22%/Na10%/Nw68%
#0013 [P] psnrY=39.52 psnrRGB=n/a dssim=0.00546 enc=86.82 ms dec=62.13 ms size=34.6 KiB mv=11.9 KiB (raw 31.0 KiB) res=22.7 KiB (raw 5.3 MiB) skip=24.7% mv0=34.8% cand=3.84 new0=0.0%→0.0% bias=(0,0) modes=Z2%/Nr23%/Na11%/Nw65%
#0014 [P] psnrY=39.69 psnrRGB=n/a dssim=0.00535 enc=90.22 ms dec=59.06 ms size=33.9 KiB mv=11.9 KiB (raw 31.0 KiB) res=21.9 KiB (raw 5.1 MiB) skip=27.6% mv0=34.8% cand=3.84 new0=0.0%→0.0% bias=(0,0) modes=Z2%/Nr24%/Na9%/Nw65%
#0015 [P] psnrY=39.71 psnrRGB=n/a dssim=0.00526 enc=83.69 ms dec=63.68 ms size=36.8 KiB mv=12.4 KiB (raw 31.7 KiB) res=24.4 KiB (raw 5.2 MiB) skip=26.2% mv0=31.2% cand=3.94 new0=0.0%→0.0% bias=(0,0) modes=Z2%/Nr21%/Na9%/Nw69%
#0016 [P] psnrY=39.20 psnrRGB=n/a dssim=0.00586 enc=94.49 ms dec=65.74 ms size=53.7 KiB mv=13.3 KiB (raw 32.9 KiB) res=40.4 KiB (raw 6.0 MiB) skip=14.0% mv0=24.4% cand=4.19 new0=0.0%→0.0% bias=(0,0) modes=Z1%/Nr16%/Na7%/Nw76%
#0017 [P] psnrY=39.45 psnrRGB=n/a dssim=0.00565 enc=89.71 ms dec=61.01 ms size=36.6 KiB mv=12.3 KiB (raw 31.8 KiB) res=24.3 KiB (raw 5.2 MiB) skip=26.2% mv0=30.2% cand=4.04 new0=0.0%→0.0% bias=(0,0) modes=Z1%/Nr20%/Na8%/Nw70%
#0018 [P] psnrY=39.54 psnrRGB=n/a dssim=0.00550 enc=85.45 ms dec=62.54 ms size=38.9 KiB mv=12.4 KiB (raw 32.3 KiB) res=26.5 KiB (raw 5.3 MiB) skip=24.6% mv0=27.6% cand=4.04 new0=0.0%→0.0% bias=(0,0) modes=Z1%/Nr18%/Na8%/Nw72%
#0019 [P] psnrY=39.61 psnrRGB=n/a dssim=0.00555 enc=88.71 ms dec=63.98 ms size=39.9 KiB mv=12.7 KiB (raw 32.6 KiB) res=27.2 KiB (raw 5.7 MiB) skip=19.3% mv0=26.1% cand=4.11 new0=0.0%→0.0% bias=(0,0) modes=Z1%/Nr17%/Na8%/Nw74%
#0020 [P] psnrY=39.44 psnrRGB=n/a dssim=0.00546 enc=92.18 ms dec=62.63 ms size=40.0 KiB mv=12.6 KiB (raw 32.4 KiB) res=27.4 KiB (raw 5.7 MiB) skip=19.1% mv0=27.0% cand=4.08 new0=0.0%→0.0% bias=(0,0) modes=Z1%/Nr17%/Na9%/Nw73%
#0021 [P] psnrY=39.12 psnrRGB=n/a dssim=0.00645 enc=96.39 ms dec=67.11 ms size=61.9 KiB mv=13.7 KiB (raw 33.5 KiB) res=48.2 KiB (raw 6.3 MiB) skip=10.6% mv0=21.6% cand=4.29 new0=0.0%→0.0% bias=(0,0) modes=Z1%/Nr14%/Na6%/Nw78%
#0022 [P] psnrY=39.46 psnrRGB=n/a dssim=0.00614 enc=87.85 ms dec=64.94 ms size=39.3 KiB mv=12.4 KiB (raw 31.8 KiB) res=26.9 KiB (raw 5.5 MiB) skip=21.2% mv0=30.4% cand=4.08 new0=0.0%→0.0% bias=(0,0) modes=Z1%/Nr20%/Na9%/Nw70%
#0023 [P] psnrY=39.45 psnrRGB=n/a dssim=0.00581 enc=85.46 ms dec=63.24 ms size=39.2 KiB mv=12.0 KiB (raw 31.8 KiB) res=27.2 KiB (raw 5.4 MiB) skip=22.7% mv0=30.3% cand=3.97 new0=0.0%→0.0% bias=(0,0) modes=Z1%/Nr20%/Na9%/Nw70%
#0024 [P] psnrY=39.65 psnrRGB=n/a dssim=0.00571 enc=86.22 ms dec=62.31 ms size=38.7 KiB mv=12.4 KiB (raw 32.4 KiB) res=26.3 KiB (raw 5.4 MiB) skip=23.1% mv0=27.4% cand=4.06 new0=0.0%→0.0% bias=(0,0) modes=Z1%/Nr18%/Na9%/Nw73%
#0025 [P] psnrY=39.51 psnrRGB=n/a dssim=0.00552 enc=91.36 ms dec=61.24 ms size=39.7 KiB mv=12.5 KiB (raw 32.8 KiB) res=27.1 KiB (raw 5.4 MiB) skip=22.5% mv0=24.9% cand=4.12 new0=0.0%→0.0% bias=(0,0) modes=Z1%/Nr16%/Na8%/Nw75%
#0026 [P] psnrY=39.15 psnrRGB=n/a dssim=0.00572 enc=89.67 ms dec=66.27 ms size=52.8 KiB mv=12.7 KiB (raw 32.5 KiB) res=40.1 KiB (raw 5.9 MiB) skip=16.5% mv0=26.5% cand=4.14 new0=0.0%→0.0% bias=(0,0) modes=Z1%/Nr18%/Na8%/Nw73%
#0027 [P] psnrY=39.38 psnrRGB=n/a dssim=0.00560 enc=89.29 ms dec=60.69 ms size=36.6 KiB mv=12.2 KiB (raw 32.2 KiB) res=24.5 KiB (raw 5.3 MiB) skip=24.2% mv0=28.0% cand=4.10 new0=0.0%→0.0% bias=(0,0) modes=Z1%/Nr19%/Na8%/Nw72%
#0028 [P] psnrY=39.38 psnrRGB=n/a dssim=0.00559 enc=93.79 ms dec=60.91 ms size=38.3 KiB mv=12.2 KiB (raw 32.1 KiB) res=26.1 KiB (raw 5.4 MiB) skip=23.5% mv0=29.0% cand=4.04 new0=0.0%→0.0% bias=(0,0) modes=Z1%/Nr20%/Na8%/Nw71%
#0029 [P] psnrY=39.40 psnrRGB=n/a dssim=0.00570 enc=87.51 ms dec=67.04 ms size=38.4 KiB mv=11.9 KiB (raw 31.5 KiB) res=26.5 KiB (raw 5.5 MiB) skip=21.2% mv0=31.9% cand=3.96 new0=0.0%→0.0% bias=(0,0) modes=Z1%/Nr22%/Na9%/Nw68%
#0030 [I] psnrY=48.17 psnrRGB=n/a dssim=0.00046 enc=42.60 ms dec=12.46 ms size=231.3 KiB mv=0 B (raw 0 B) res=231.3 KiB (raw -) skip=0.0% mv0=0.0% cand=- new0=- bias=(0,0) modes=-
#0031 [P] psnrY=40.04 psnrRGB=n/a dssim=0.00462 enc=101.48 ms dec=70.88 ms size=60.6 KiB mv=13.5 KiB (raw 33.1 KiB) res=47.1 KiB (raw 6.3 MiB) skip=10.7% mv0=23.5% cand=3.38 new0=0.0%→0.0% bias=(0,0) modes=Z2%/Nr16%/Na6%/Nw76%
#0032 [P] psnrY=40.03 psnrRGB=n/a dssim=0.00468 enc=86.95 ms dec=62.34 ms size=39.7 KiB mv=13.1 KiB (raw 32.7 KiB) res=26.6 KiB (raw 5.2 MiB) skip=25.5% mv0=25.5% cand=4.22 new0=0.0%→0.0% bias=(0,0) modes=Z2%/Nr16%/Na7%/Nw74%
#0033 [P] psnrY=39.62 psnrRGB=n/a dssim=0.00487 enc=94.23 ms dec=61.29 ms size=41.6 KiB mv=12.9 KiB (raw 32.4 KiB) res=28.7 KiB (raw 5.5 MiB) skip=21.8% mv0=27.0% cand=4.08 new0=0.0%→0.0% bias=(0,0) modes=Z2%/Nr17%/Na8%/Nw73%
#0034 [P] psnrY=39.81 psnrRGB=n/a dssim=0.00507 enc=88.78 ms dec=60.17 ms size=37.1 KiB mv=11.9 KiB (raw 30.8 KiB) res=25.2 KiB (raw 5.2 MiB) skip=26.0% mv0=35.7% cand=3.85 new0=0.0%→0.0% bias=(0,0) modes=Z1%/Nr25%/Na10%/Nw64%
#0035 [P] psnrY=39.68 psnrRGB=n/a dssim=0.00535 enc=86.55 ms dec=62.39 ms size=40.6 KiB mv=12.0 KiB (raw 30.9 KiB) res=28.6 KiB (raw 5.5 MiB) skip=21.8% mv0=35.0% cand=3.81 new0=0.0%→0.0% bias=(0,0) modes=Z1%/Nr24%/Na9%/Nw65%
#0036 [P] psnrY=39.20 psnrRGB=n/a dssim=0.00609 enc=96.00 ms dec=68.31 ms size=61.2 KiB mv=13.6 KiB (raw 33.5 KiB) res=47.6 KiB (raw 6.4 MiB) skip=8.6% mv0=21.1% cand=4.28 new0=0.0%→0.0% bias=(0,0) modes=Z1%/Nr14%/Na6%/Nw79%
#0037 [P] psnrY=39.40 psnrRGB=n/a dssim=0.00591 enc=92.92 ms dec=63.15 ms size=41.7 KiB mv=12.5 KiB (raw 32.4 KiB) res=29.2 KiB (raw 5.6 MiB) skip=20.4% mv0=27.1% cand=4.16 new0=0.0%→0.0% bias=(0,0) modes=Z1%/Nr18%/Na8%/Nw73%
#0038 [P] psnrY=39.53 psnrRGB=n/a dssim=0.00564 enc=104.28 ms dec=63.34 ms size=42.2 KiB mv=12.4 KiB (raw 32.2 KiB) res=29.8 KiB (raw 5.6 MiB) skip=20.4% mv0=28.1% cand=4.02 new0=0.0%→0.0% bias=(0,0) modes=Z1%/Nr19%/Na8%/Nw72%
#0039 [P] psnrY=39.45 psnrRGB=n/a dssim=0.00584 enc=95.23 ms dec=63.33 ms size=42.4 KiB mv=12.5 KiB (raw 32.4 KiB) res=29.8 KiB (raw 5.6 MiB) skip=20.0% mv0=27.2% cand=4.04 new0=0.0%→0.0% bias=(0,0) modes=Z1%/Nr18%/Na9%/Nw73%
#0040 [P] psnrY=39.48 psnrRGB=n/a dssim=0.00561 enc=102.61 ms dec=63.89 ms size=41.0 KiB mv=12.5 KiB (raw 32.4 KiB) res=28.5 KiB (raw 5.5 MiB) skip=22.0% mv0=27.1% cand=4.05 new0=0.0%→0.0% bias=(0,0) modes=Z1%/Nr17%/Na9%/Nw73%
#0041 [P] psnrY=39.03 psnrRGB=n/a dssim=0.00664 enc=99.56 ms dec=69.90 ms size=60.8 KiB mv=13.0 KiB (raw 32.6 KiB) res=47.8 KiB (raw 6.3 MiB) skip=10.9% mv0=25.9% cand=4.17 new0=0.0%→0.0% bias=(0,0) modes=Z1%/Nr17%/Na8%/Nw74%
#0042 [P] psnrY=39.41 psnrRGB=n/a dssim=0.00618 enc=87.63 ms dec=63.55 ms size=38.2 KiB mv=12.7 KiB (raw 32.8 KiB) res=25.5 KiB (raw 5.5 MiB) skip=21.4% mv0=25.1% cand=4.23 new0=0.0%→0.0% bias=(0,0) modes=Z1%/Nr16%/Na8%/Nw75%
#0043 [P] psnrY=39.56 psnrRGB=n/a dssim=0.00580 enc=90.68 ms dec=62.68 ms size=34.7 KiB mv=11.9 KiB (raw 31.5 KiB) res=22.8 KiB (raw 5.3 MiB) skip=25.2% mv0=32.2% cand=3.94 new0=0.0%→0.0% bias=(0,0) modes=Z1%/Nr22%/Na9%/Nw68%
#0044 [P] psnrY=39.69 psnrRGB=n/a dssim=0.00560 enc=87.66 ms dec=61.30 ms size=33.2 KiB mv=11.6 KiB (raw 31.1 KiB) res=21.6 KiB (raw 5.1 MiB) skip=27.3% mv0=33.9% cand=3.86 new0=0.0%→0.0% bias=(0,0) modes=Z1%/Nr23%/Na10%/Nw66%
#0045 [P] psnrY=39.71 psnrRGB=n/a dssim=0.00529 enc=89.28 ms dec=60.37 ms size=34.0 KiB mv=11.7 KiB (raw 31.3 KiB) res=22.3 KiB (raw 5.1 MiB) skip=27.7% mv0=32.9% cand=3.90 new0=0.0%→0.0% bias=(0,0) modes=Z1%/Nr22%/Na10%/Nw67%
#0046 [P] psnrY=38.24 psnrRGB=n/a dssim=0.00903 enc=106.83 ms dec=75.30 ms size=104.0 KiB mv=13.6 KiB (raw 33.2 KiB) res=90.4 KiB (raw 7.0 MiB) skip=0.0% mv0=22.9% cand=4.34 new0=0.0%→0.0% bias=(0,0) modes=Z1%/Nr17%/Na6%/Nw77%
#0047 [P] psnrY=39.46 psnrRGB=n/a dssim=0.00698 enc=75.00 ms dec=51.87 ms size=23.8 KiB mv=12.6 KiB (raw 31.2 KiB) res=11.2 KiB (raw 3.7 MiB) skip=48.0% mv0=33.7% cand=4.08 new0=0.0%→0.0% bias=(0,0) modes=Z1%/Nr23%/Na9%/Nw66%
#0048 [P] psnrY=40.05 psnrRGB=n/a dssim=0.00618 enc=82.48 ms dec=53.08 ms size=21.7 KiB mv=10.6 KiB (raw 27.8 KiB) res=11.1 KiB (raw 3.9 MiB) skip=44.5% mv0=51.8% cand=3.27 new0=0.0%→0.0% bias=(0,0) modes=Z2%/Nr39%/Na12%/Nw48%
#0049 [P] psnrY=40.18 psnrRGB=n/a dssim=0.00601 enc=83.62 ms dec=54.51 ms size=25.3 KiB mv=10.0 KiB (raw 27.1 KiB) res=15.3 KiB (raw 4.1 MiB) skip=41.1% mv0=55.5% cand=3.11 new0=0.0%→0.0% bias=(0,0) modes=Z2%/Nr44%/Na10%/Nw45%
#0050 [P] psnrY=40.39 psnrRGB=n/a dssim=0.00585 enc=80.52 ms dec=57.39 ms size=21.9 KiB mv=9.4 KiB (raw 26.0 KiB) res=12.4 KiB (raw 4.4 MiB) skip=37.2% mv0=61.3% cand=2.88 new0=0.0%→0.0% bias=(0,0) modes=Z2%/Nr48%/Na11%/Nw39%
#0051 [P] psnrY=40.48 psnrRGB=n/a dssim=0.00573 enc=129.19 ms dec=54.08 ms size=21.5 KiB mv=9.0 KiB (raw 25.5 KiB) res=12.5 KiB (raw 4.3 MiB) skip=38.6% mv0=64.0% cand=2.62 new0=0.0%→0.0% bias=(0,0) modes=Z2%/Nr51%/Na11%/Nw36%
#0052 [P] psnrY=40.43 psnrRGB=n/a dssim=0.00582 enc=95.92 ms dec=56.67 ms size=23.1 KiB mv=9.3 KiB (raw 25.7 KiB) res=13.8 KiB (raw 4.7 MiB) skip=33.6% mv0=63.0% cand=2.65 new0=0.0%→0.0% bias=(0,0) modes=Z2%/Nr49%/Na12%/Nw37%
#0053 [P] psnrY=40.57 psnrRGB=n/a dssim=0.00570 enc=76.71 ms dec=53.62 ms size=21.3 KiB mv=8.8 KiB (raw 25.1 KiB) res=12.5 KiB (raw 4.2 MiB) skip=40.1% mv0=66.4% cand=2.54 new0=0.0%→0.0% bias=(0,0) modes=Z2%/Nr54%/Na11%/Nw34%
#0054 [P] psnrY=40.49 psnrRGB=n/a dssim=0.00572 enc=80.35 ms dec=58.14 ms size=27.1 KiB mv=9.9 KiB (raw 26.6 KiB) res=17.2 KiB (raw 4.7 MiB) skip=33.3% mv0=58.4% cand=2.88 new0=0.0%→0.0% bias=(0,0) modes=Z2%/Nr46%/Na10%/Nw42%
#0055 [P] psnrY=40.49 psnrRGB=n/a dssim=0.00575 enc=77.12 ms dec=53.56 ms size=22.8 KiB mv=9.0 KiB (raw 25.3 KiB) res=13.8 KiB (raw 4.3 MiB) skip=38.2% mv0=65.1% cand=2.72 new0=0.0%→0.0% bias=(0,0) modes=Z2%/Nr53%/Na10%/Nw35%
#0056 [P] psnrY=40.56 psnrRGB=n/a dssim=0.00574 enc=77.40 ms dec=54.02 ms size=22.8 KiB mv=9.1 KiB (raw 25.3 KiB) res=13.7 KiB (raw 4.4 MiB) skip=37.2% mv0=65.0% cand=2.58 new0=0.0%→0.0% bias=(0,0) modes=Z3%/Nr52%/Na10%/Nw35%
#0057 [P] psnrY=40.58 psnrRGB=n/a dssim=0.00583 enc=77.53 ms dec=56.23 ms size=23.1 KiB mv=9.3 KiB (raw 25.6 KiB) res=13.8 KiB (raw 4.5 MiB) skip=35.8% mv0=63.7% cand=2.66 new0=0.0%→0.0% bias=(0,0) modes=Z3%/Nr50%/Na11%/Nw36%
#0058 [P] psnrY=40.53 psnrRGB=n/a dssim=0.00577 enc=80.04 ms dec=54.18 ms size=23.2 KiB mv=9.2 KiB (raw 25.4 KiB) res=13.9 KiB (raw 4.5 MiB) skip=36.4% mv0=64.7% cand=2.60 new0=0.0%→0.0% bias=(0,0) modes=Z3%/Nr51%/Na11%/Nw35%
#0059 [P] psnrY=40.51 psnrRGB=n/a dssim=0.00594 enc=83.01 ms dec=56.25 ms size=27.3 KiB mv=10.1 KiB (raw 26.8 KiB) res=17.1 KiB (raw 4.7 MiB) skip=33.5% mv0=57.1% cand=2.95 new0=0.0%→0.0% bias=(0,0) modes=Z3%/Nr44%/Na10%/Nw43%
