ri-quality report
Input: ./peng.mp4
Frames processed: 60 (limit: 60), resolution: 1920x1280 @ 25 fps
Settings: intra=85 inter=80 search=12 skip=12 y-only=true per-frame=true
Encoded size: 2.6 MiB (2758737 bytes, 45978.95 bytes/frame, 0.150 bpp)
File skip rate: 24.32% blocks (140066 / 576000) — these motion-predicted blocks quantized to zero residual, so no residual bytes were stored for them

=== Quality Metrics ===
  PSNR-Y mean: 40.07 dB
  PSNR-RGB mean: n/a dB
  DSSIM mean: 0.00543

=== Performance ===
  Predecode (ffmpeg): total 1143.1 ms
  Encode: total 5339.7 ms (I 88.6 ms / P 5251.1 ms) | 11.24 fps
  Decode: total 3874.6 ms (I 24.7 ms / P 3849.9 ms) | 15.49 fps

=== Efficiency Metrics ===
  Bytes × DSSIM: 14978
  Bytes per PSNR-Y dB: 68847.08
  Bytes per PSNR-RGB dB: n/a
  Encode quality throughput (dB·fps): 450.25
  Decode quality throughput (dB·fps): 620.51

=== Data Breakdown ===
  Motion vectors: raw 1.7 MiB -> compressed 684.6 KiB (ratio 2.60:1), 25.4% of file
  Residuals total: 2.0 MiB (74.5% of file)
    I-frame JPEG: 451.6 KiB (16.8% of file)
    P-frame residual: 1.5 MiB (57.8% of file)
    Residual raw 305.2 MiB -> compressed 1.5 MiB (ratio 200.78:1)

=== Block Stats ===
  Skip rate: 24.32% (140066 / 576000)
  MV zero-delta: 34.86% (200770 / 576000)

=== Motion-Vector Diagnostics ===
  Mode split: Zero 1.6% (8986 blocks) | Nearest 25.6% (142593 blocks) | Near 8.8% (49191 blocks) | New 63.9% (356030 blocks)
  Predictor richness: avg 3.74 unique/block (min 1 max 5)
  NEW zero share: pre 0.0% → post 0.0% | axis-zero X 14.2% Y 10.9% | NEAR ref 42.6%
  NEW delta magnitude: mean 4.35px, stddev 4.23px (356030 blocks)
  Magnitude classes (per-axis): C0:25.0% | C1:29.3% | C2:22.3% | C3:14.6% | C4:7.7% | C5:1.0%
  Bias (Δx, Δy): avg (0.0, 0.0) | dx range 0..0 | dy range 0..0

=== Per-frame breakdown ===
#0000 [I] psnrY=48.66 psnrRGB=n/a dssim=0.00042 enc=48.26 ms dec=11.85 ms size=220.3 KiB mv=0 B (raw 0 B) res=220.3 KiB (raw -) skip=0.0% mv0=0.0% cand=- new0=- bias=(0,0) modes=-
#0001 [P] psnrY=41.58 psnrRGB=n/a dssim=0.00307 enc=106.93 ms dec=59.32 ms size=36.3 KiB mv=12.0 KiB (raw 30.1 KiB) res=24.3 KiB (raw 4.2 MiB) skip=40.9% mv0=39.7% cand=2.99 new0=0.0%→0.0% bias=(0,0) modes=Z4%/Nr25%/Na11%/Nw60%
#0002 [P] psnrY=41.16 psnrRGB=n/a dssim=0.00367 enc=88.08 ms dec=56.24 ms size=27.9 KiB mv=10.7 KiB (raw 28.1 KiB) res=17.1 KiB (raw 4.5 MiB) skip=35.6% mv0=50.0% cand=3.41 new0=0.0%→0.0% bias=(0,0) modes=Z4%/Nr35%/Na11%/Nw50%
#0003 [P] psnrY=40.72 psnrRGB=n/a dssim=0.00387 enc=85.74 ms dec=61.62 ms size=28.0 KiB mv=10.8 KiB (raw 28.3 KiB) res=17.2 KiB (raw 4.7 MiB) skip=32.9% mv0=48.8% cand=3.33 new0=0.0%→0.0% bias=(0,0) modes=Z3%/Nr35%/Na11%/Nw51%
#0004 [P] psnrY=40.65 psnrRGB=n/a dssim=0.00406 enc=88.32 ms dec=63.44 ms size=29.3 KiB mv=11.2 KiB (raw 29.3 KiB) res=18.1 KiB (raw 4.8 MiB) skip=32.3% mv0=43.7% cand=3.51 new0=0.0%→0.0% bias=(0,0) modes=Z3%/Nr30%/Na11%/Nw56%
#0005 [P] psnrY=40.24 psnrRGB=n/a dssim=0.00428 enc=95.59 ms dec=61.27 ms size=34.7 KiB mv=12.0 KiB (raw 30.9 KiB) res=22.7 KiB (raw 5.0 MiB) skip=28.9% mv0=35.4% cand=3.77 new0=0.0%→0.0% bias=(0,0) modes=Z2%/Nr24%/Na9%/Nw65%
#0006 [P] psnrY=39.37 psnrRGB=n/a dssim=0.00539 enc=100.51 ms dec=67.83 ms size=59.4 KiB mv=13.2 KiB (raw 33.0 KiB) res=46.2 KiB (raw 6.3 MiB) skip=10.6% mv0=23.8% cand=4.21 new0=0.0%→0.0% bias=(0,0) modes=Z1%/Nr16%/Na6%/Nw76%
#0007 [P] psnrY=39.47 psnrRGB=n/a dssim=0.00552 enc=93.47 ms dec=64.49 ms size=42.7 KiB mv=12.5 KiB (raw 32.4 KiB) res=30.2 KiB (raw 5.7 MiB) skip=19.2% mv0=27.0% cand=4.14 new0=0.0%→0.0% bias=(0,0) modes=Z1%/Nr18%/Na8%/Nw73%
#0008 [P] psnrY=39.46 psnrRGB=n/a dssim=0.00575 enc=98.38 ms dec=65.82 ms size=45.6 KiB mv=12.5 KiB (raw 32.4 KiB) res=33.1 KiB (raw 5.9 MiB) skip=15.8% mv0=27.3% cand=4.04 new0=0.0%→0.0% bias=(0,0) modes=Z1%/Nr18%/Na8%/Nw73%
#0009 [P] psnrY=39.53 psnrRGB=n/a dssim=0.00594 enc=97.67 ms dec=66.29 ms size=43.2 KiB mv=12.7 KiB (raw 32.5 KiB) res=30.5 KiB (raw 5.9 MiB) skip=16.7% mv0=26.8% cand=4.08 new0=0.0%→0.0% bias=(0,0) modes=Z2%/Nr18%/Na8%/Nw73%
#0010 [P] psnrY=39.42 psnrRGB=n/a dssim=0.00580 enc=94.73 ms dec=69.71 ms size=43.2 KiB mv=12.5 KiB (raw 32.3 KiB) res=30.6 KiB (raw 5.8 MiB) skip=18.2% mv0=27.8% cand=4.06 new0=0.0%→0.0% bias=(0,0) modes=Z1%/Nr18%/Na8%/Nw72%
#0011 [P] psnrY=39.11 psnrRGB=n/a dssim=0.00624 enc=99.39 ms dec=75.46 ms size=55.3 KiB mv=13.2 KiB (raw 32.9 KiB) res=42.1 KiB (raw 6.1 MiB) skip=13.8% mv0=24.5% cand=4.18 new0=0.0%→0.0% bias=(0,0) modes=Z1%/Nr16%/Na7%/Nw75%
#0012 [P] psnrY=39.34 psnrRGB=n/a dssim=0.00591 enc=92.78 ms dec=66.78 ms size=37.9 KiB mv=11.9 KiB (raw 31.4 KiB) res=26.0 KiB (raw 5.5 MiB) skip=22.0% mv0=32.8% cand=3.98 new0=0.0%→0.0% bias=(0,0) modes=Z1%/Nr22%/Na10%/Nw67%
#0013 [P] psnrY=39.51 psnrRGB=n/a dssim=0.00548 enc=93.16 ms dec=62.67 ms size=34.6 KiB mv=11.9 KiB (raw 31.0 KiB) res=22.7 KiB (raw 5.3 MiB) skip=25.0% mv0=34.4% cand=3.84 new0=0.0%→0.0% bias=(0,0) modes=Z1%/Nr23%/Na11%/Nw66%
#0014 [P] psnrY=39.67 psnrRGB=n/a dssim=0.00540 enc=82.61 ms dec=63.92 ms size=33.7 KiB mv=11.9 KiB (raw 30.9 KiB) res=21.8 KiB (raw 5.1 MiB) skip=27.6% mv0=35.3% cand=3.84 new0=0.0%→0.0% bias=(0,0) modes=Z2%/Nr24%/Na10%/Nw65%
#0015 [P] psnrY=39.69 psnrRGB=n/a dssim=0.00532 enc=83.49 ms dec=63.93 ms size=36.9 KiB mv=12.4 KiB (raw 31.8 KiB) res=24.4 KiB (raw 5.2 MiB) skip=25.6% mv0=30.5% cand=3.96 new0=0.0%→0.0% bias=(0,0) modes=Z1%/Nr20%/Na9%/Nw70%
#0016 [P] psnrY=39.21 psnrRGB=n/a dssim=0.00589 enc=89.56 ms dec=68.38 ms size=53.7 KiB mv=13.4 KiB (raw 33.2 KiB) res=40.3 KiB (raw 6.0 MiB) skip=14.7% mv0=23.0% cand=4.22 new0=0.0%→0.0% bias=(0,0) modes=Z1%/Nr15%/Na7%/Nw77%
#0017 [P] psnrY=39.46 psnrRGB=n/a dssim=0.00566 enc=86.01 ms dec=68.76 ms size=36.5 KiB mv=12.2 KiB (raw 31.9 KiB) res=24.3 KiB (raw 5.2 MiB) skip=26.3% mv0=29.7% cand=4.05 new0=0.0%→0.0% bias=(0,0) modes=Z1%/Nr20%/Na8%/Nw70%
#0018 [P] psnrY=39.56 psnrRGB=n/a dssim=0.00551 enc=102.05 ms dec=65.55 ms size=38.9 KiB mv=12.4 KiB (raw 32.4 KiB) res=26.5 KiB (raw 5.3 MiB) skip=23.9% mv0=27.3% cand=4.05 new0=0.0%→0.0% bias=(0,0) modes=Z1%/Nr19%/Na8%/Nw73%
#0019 [P] psnrY=39.60 psnrRGB=n/a dssim=0.00557 enc=98.64 ms dec=67.91 ms size=40.0 KiB mv=12.6 KiB (raw 32.6 KiB) res=27.3 KiB (raw 5.7 MiB) skip=19.2% mv0=26.0% cand=4.11 new0=0.0%→0.0% bias=(0,0) modes=Z1%/Nr17%/Na8%/Nw74%
#0020 [P] psnrY=39.43 psnrRGB=n/a dssim=0.00548 enc=89.90 ms dec=68.34 ms size=40.0 KiB mv=12.6 KiB (raw 32.5 KiB) res=27.4 KiB (raw 5.7 MiB) skip=19.1% mv0=26.6% cand=4.10 new0=0.0%→0.0% bias=(0,0) modes=Z1%/Nr17%/Na9%/Nw73%
#0021 [P] psnrY=39.12 psnrRGB=n/a dssim=0.00645 enc=97.06 ms dec=71.29 ms size=62.0 KiB mv=13.7 KiB (raw 33.7 KiB) res=48.3 KiB (raw 6.3 MiB) skip=10.6% mv0=20.3% cand=4.32 new0=0.0%→0.0% bias=(0,0) modes=Z1%/Nr13%/Na6%/Nw80%
#0022 [P] psnrY=39.46 psnrRGB=n/a dssim=0.00613 enc=92.31 ms dec=66.20 ms size=39.5 KiB mv=12.5 KiB (raw 31.9 KiB) res=27.0 KiB (raw 5.5 MiB) skip=22.4% mv0=29.8% cand=4.09 new0=0.0%→0.0% bias=(0,0) modes=Z1%/Nr20%/Na9%/Nw70%
#0023 [P] psnrY=39.47 psnrRGB=n/a dssim=0.00580 enc=91.04 ms dec=66.82 ms size=39.3 KiB mv=12.0 KiB (raw 31.9 KiB) res=27.3 KiB (raw 5.5 MiB) skip=21.9% mv0=29.6% cand=3.98 new0=0.0%→0.0% bias=(0,0) modes=Z1%/Nr19%/Na9%/Nw70%
#0024 [P] psnrY=39.63 psnrRGB=n/a dssim=0.00573 enc=90.07 ms dec=66.44 ms size=38.7 KiB mv=12.3 KiB (raw 32.5 KiB) res=26.4 KiB (raw 5.4 MiB) skip=22.9% mv0=26.6% cand=4.09 new0=0.0%→0.0% bias=(0,0) modes=Z1%/Nr17%/Na9%/Nw73%
#0025 [P] psnrY=39.52 psnrRGB=n/a dssim=0.00551 enc=90.77 ms dec=63.22 ms size=39.5 KiB mv=12.4 KiB (raw 32.8 KiB) res=27.1 KiB (raw 5.4 MiB) skip=22.7% mv0=25.1% cand=4.13 new0=0.0%→0.0% bias=(0,0) modes=Z1%/Nr16%/Na8%/Nw75%
#0026 [P] psnrY=39.14 psnrRGB=n/a dssim=0.00577 enc=92.43 ms dec=69.26 ms size=52.8 KiB mv=12.8 KiB (raw 32.6 KiB) res=40.0 KiB (raw 5.8 MiB) skip=17.3% mv0=25.9% cand=4.16 new0=0.0%→0.0% bias=(0,0) modes=Z1%/Nr17%/Na8%/Nw74%
#0027 [P] psnrY=39.37 psnrRGB=n/a dssim=0.00563 enc=113.08 ms dec=63.89 ms size=36.7 KiB mv=12.2 KiB (raw 32.3 KiB) res=24.5 KiB (raw 5.3 MiB) skip=25.0% mv0=27.6% cand=4.12 new0=0.0%→0.0% bias=(0,0) modes=Z1%/Nr19%/Na8%/Nw72%
#0028 [P] psnrY=39.39 psnrRGB=n/a dssim=0.00560 enc=83.44 ms dec=66.43 ms size=38.3 KiB mv=12.2 KiB (raw 32.2 KiB) res=26.1 KiB (raw 5.4 MiB) skip=23.5% mv0=28.2% cand=4.06 new0=0.0%→0.0% bias=(0,0) modes=Z1%/Nr19%/Na8%/Nw72%
#0029 [P] psnrY=39.40 psnrRGB=n/a dssim=0.00571 enc=86.44 ms dec=65.58 ms size=38.4 KiB mv=11.9 KiB (raw 31.7 KiB) res=26.5 KiB (raw 5.6 MiB) skip=21.0% mv0=31.1% cand=3.98 new0=0.0%→0.0% bias=(0,0) modes=Z1%/Nr21%/Na9%/Nw69%
#0030 [I] psnrY=48.17 psnrRGB=n/a dssim=0.00046 enc=40.39 ms dec=12.86 ms size=231.3 KiB mv=0 B (raw 0 B) res=231.3 KiB (raw -) skip=0.0% mv0=0.0% cand=- new0=- bias=(0,0) modes=-
#0031 [P] psnrY=40.04 psnrRGB=n/a dssim=0.00462 enc=106.54 ms dec=70.29 ms size=60.7 KiB mv=13.6 KiB (raw 33.4 KiB) res=47.0 KiB (raw 6.3 MiB) skip=10.7% mv0=22.0% cand=3.41 new0=0.0%→0.0% bias=(0,0) modes=Z2%/Nr15%/Na6%/Nw78%
#0032 [P] psnrY=40.02 psnrRGB=n/a dssim=0.00469 enc=88.59 ms dec=66.29 ms size=39.8 KiB mv=13.1 KiB (raw 32.8 KiB) res=26.7 KiB (raw 5.2 MiB) skip=25.6% mv0=25.1% cand=4.23 new0=0.0%→0.0% bias=(0,0) modes=Z2%/Nr16%/Na7%/Nw75%
#0033 [P] psnrY=39.61 psnrRGB=n/a dssim=0.00487 enc=90.01 ms dec=67.49 ms size=41.7 KiB mv=12.9 KiB (raw 32.6 KiB) res=28.8 KiB (raw 5.5 MiB) skip=22.1% mv0=26.4% cand=4.10 new0=0.0%→0.0% bias=(0,0) modes=Z2%/Nr17%/Na8%/Nw74%
#0034 [P] psnrY=39.82 psnrRGB=n/a dssim=0.00506 enc=86.83 ms dec=63.74 ms size=37.2 KiB mv=11.9 KiB (raw 31.0 KiB) res=25.2 KiB (raw 5.2 MiB) skip=26.0% mv0=34.6% cand=3.87 new0=0.0%→0.0% bias=(0,0) modes=Z1%/Nr24%/Na9%/Nw65%
#0035 [P] psnrY=39.69 psnrRGB=n/a dssim=0.00535 enc=90.94 ms dec=66.53 ms size=40.5 KiB mv=12.0 KiB (raw 31.1 KiB) res=28.5 KiB (raw 5.5 MiB) skip=21.9% mv0=34.2% cand=3.82 new0=0.0%→0.0% bias=(0,0) modes=Z1%/Nr24%/Na9%/Nw66%
#0036 [P] psnrY=39.20 psnrRGB=n/a dssim=0.00607 enc=95.46 ms dec=75.27 ms size=61.2 KiB mv=13.6 KiB (raw 33.8 KiB) res=47.5 KiB (raw 6.4 MiB) skip=8.7% mv0=19.8% cand=4.32 new0=0.0%→0.0% bias=(0,0) modes=Z1%/Nr13%/Na6%/Nw80%
#0037 [P] psnrY=39.42 psnrRGB=n/a dssim=0.00588 enc=88.58 ms dec=65.53 ms size=41.9 KiB mv=12.5 KiB (raw 32.6 KiB) res=29.3 KiB (raw 5.6 MiB) skip=20.5% mv0=26.4% cand=4.18 new0=0.0%→0.0% bias=(0,0) modes=Z1%/Nr17%/Na8%/Nw74%
#0038 [P] psnrY=39.54 psnrRGB=n/a dssim=0.00559 enc=91.26 ms dec=84.29 ms size=42.4 KiB mv=12.5 KiB (raw 32.3 KiB) res=29.8 KiB (raw 5.6 MiB) skip=20.6% mv0=27.7% cand=4.03 new0=0.0%→0.0% bias=(0,0) modes=Z1%/Nr18%/Na8%/Nw72%
#0039 [P] psnrY=39.45 psnrRGB=n/a dssim=0.00575 enc=104.10 ms dec=67.07 ms size=42.7 KiB mv=12.6 KiB (raw 32.6 KiB) res=30.0 KiB (raw 5.6 MiB) skip=19.8% mv0=26.1% cand=4.06 new0=0.0%→0.0% bias=(0,0) modes=Z1%/Nr17%/Na8%/Nw74%
#0040 [P] psnrY=39.48 psnrRGB=n/a dssim=0.00557 enc=87.78 ms dec=68.89 ms size=40.9 KiB mv=12.4 KiB (raw 32.3 KiB) res=28.4 KiB (raw 5.5 MiB) skip=21.6% mv0=27.7% cand=4.05 new0=0.0%→0.0% bias=(0,0) modes=Z1%/Nr17%/Na9%/Nw72%
#0041 [P] psnrY=39.04 psnrRGB=n/a dssim=0.00657 enc=93.93 ms dec=85.47 ms size=60.8 KiB mv=13.1 KiB (raw 32.8 KiB) res=47.7 KiB (raw 6.3 MiB) skip=11.0% mv0=24.9% cand=4.20 new0=0.0%→0.0% bias=(0,0) modes=Z1%/Nr16%/Na8%/Nw75%
#0042 [P] psnrY=39.42 psnrRGB=n/a dssim=0.00618 enc=84.66 ms dec=67.37 ms size=38.2 KiB mv=12.7 KiB (raw 32.9 KiB) res=25.5 KiB (raw 5.5 MiB) skip=22.0% mv0=24.3% cand=4.25 new0=0.0%→0.0% bias=(0,0) modes=Z1%/Nr16%/Na8%/Nw76%
#0043 [P] psnrY=39.57 psnrRGB=n/a dssim=0.00575 enc=85.46 ms dec=65.60 ms size=34.7 KiB mv=11.9 KiB (raw 31.5 KiB) res=22.8 KiB (raw 5.3 MiB) skip=25.2% mv0=31.8% cand=3.95 new0=0.0%→0.0% bias=(0,0) modes=Z1%/Nr22%/Na9%/Nw68%
#0044 [P] psnrY=39.69 psnrRGB=n/a dssim=0.00554 enc=87.35 ms dec=65.38 ms size=33.3 KiB mv=11.7 KiB (raw 31.2 KiB) res=21.6 KiB (raw 5.1 MiB) skip=27.7% mv0=33.5% cand=3.88 new0=0.0%→0.0% bias=(0,0) modes=Z1%/Nr23%/Na9%/Nw66%
#0045 [P] psnrY=39.71 psnrRGB=n/a dssim=0.00527 enc=87.65 ms dec=60.08 ms size=34.2 KiB mv=11.8 KiB (raw 31.4 KiB) res=22.4 KiB (raw 5.1 MiB) skip=28.0% mv0=32.3% cand=3.90 new0=0.0%→0.0% bias=(0,0) modes=Z1%/Nr22%/Na9%/Nw68%
#0046 [P] psnrY=38.23 psnrRGB=n/a dssim=0.00902 enc=118.53 ms dec=82.45 ms size=104.2 KiB mv=13.7 KiB (raw 33.6 KiB) res=90.5 KiB (raw 7.0 MiB) skip=0.0% mv0=20.7% cand=4.39 new0=0.0%→0.0% bias=(0,0) modes=Z1%/Nr15%/Na5%/Nw79%
#0047 [P] psnrY=39.46 psnrRGB=n/a dssim=0.00692 enc=81.75 ms dec=56.10 ms size=23.9 KiB mv=12.6 KiB (raw 31.3 KiB) res=11.3 KiB (raw 3.7 MiB) skip=47.6% mv0=33.1% cand=4.10 new0=0.0%→0.0% bias=(0,0) modes=Z1%/Nr22%/Na9%/Nw67%
#0048 [P] psnrY=40.03 psnrRGB=n/a dssim=0.00616 enc=77.12 ms dec=56.79 ms size=21.7 KiB mv=10.5 KiB (raw 27.8 KiB) res=11.2 KiB (raw 4.0 MiB) skip=43.7% mv0=51.6% cand=3.28 new0=0.0%→0.0% bias=(0,0) modes=Z2%/Nr38%/Na12%/Nw48%
#0049 [P] psnrY=40.17 psnrRGB=n/a dssim=0.00601 enc=80.94 ms dec=60.02 ms size=25.7 KiB mv=10.0 KiB (raw 27.3 KiB) res=15.7 KiB (raw 4.2 MiB) skip=40.2% mv0=54.6% cand=3.12 new0=0.0%→0.0% bias=(0,0) modes=Z2%/Nr43%/Na10%/Nw45%
#0050 [P] psnrY=40.40 psnrRGB=n/a dssim=0.00582 enc=80.29 ms dec=57.97 ms size=22.1 KiB mv=9.4 KiB (raw 26.2 KiB) res=12.6 KiB (raw 4.5 MiB) skip=35.9% mv0=60.5% cand=2.90 new0=0.0%→0.0% bias=(0,0) modes=Z2%/Nr47%/Na11%/Nw39%
#0051 [P] psnrY=40.48 psnrRGB=n/a dssim=0.00570 enc=93.88 ms dec=73.43 ms size=21.7 KiB mv=9.1 KiB (raw 25.6 KiB) res=12.6 KiB (raw 4.3 MiB) skip=38.2% mv0=63.5% cand=2.63 new0=0.0%→0.0% bias=(0,0) modes=Z2%/Nr51%/Na10%/Nw37%
#0052 [P] psnrY=40.44 psnrRGB=n/a dssim=0.00580 enc=81.39 ms dec=60.40 ms size=23.0 KiB mv=9.3 KiB (raw 25.7 KiB) res=13.8 KiB (raw 4.7 MiB) skip=32.9% mv0=63.0% cand=2.65 new0=0.0%→0.0% bias=(0,0) modes=Z3%/Nr49%/Na11%/Nw37%
#0053 [P] psnrY=40.57 psnrRGB=n/a dssim=0.00568 enc=75.66 ms dec=57.68 ms size=21.1 KiB mv=8.7 KiB (raw 24.9 KiB) res=12.4 KiB (raw 4.1 MiB) skip=41.2% mv0=67.0% cand=2.52 new0=0.0%→0.0% bias=(0,0) modes=Z2%/Nr54%/Na11%/Nw33%
#0054 [P] psnrY=40.48 psnrRGB=n/a dssim=0.00575 enc=82.16 ms dec=61.02 ms size=27.0 KiB mv=9.8 KiB (raw 26.4 KiB) res=17.2 KiB (raw 4.7 MiB) skip=32.6% mv0=59.1% cand=2.86 new0=0.0%→0.0% bias=(0,0) modes=Z2%/Nr47%/Na10%/Nw41%
#0055 [P] psnrY=40.51 psnrRGB=n/a dssim=0.00580 enc=78.22 ms dec=63.48 ms size=22.8 KiB mv=9.0 KiB (raw 25.3 KiB) res=13.8 KiB (raw 4.3 MiB) skip=38.2% mv0=65.2% cand=2.71 new0=0.0%→0.0% bias=(0,0) modes=Z2%/Nr53%/Na10%/Nw35%
#0056 [P] psnrY=40.58 psnrRGB=n/a dssim=0.00578 enc=80.27 ms dec=98.31 ms size=22.8 KiB mv=9.0 KiB (raw 25.2 KiB) res=13.8 KiB (raw 4.5 MiB) skip=36.3% mv0=65.5% cand=2.56 new0=0.0%→0.0% bias=(0,0) modes=Z3%/Nr53%/Na10%/Nw34%
#0057 [P] psnrY=40.61 psnrRGB=n/a dssim=0.00582 enc=81.00 ms dec=58.57 ms size=22.8 KiB mv=9.2 KiB (raw 25.5 KiB) res=13.5 KiB (raw 4.5 MiB) skip=35.8% mv0=64.2% cand=2.65 new0=0.0%→0.0% bias=(0,0) modes=Z3%/Nr51%/Na11%/Nw36%
#0058 [P] psnrY=40.55 psnrRGB=n/a dssim=0.00579 enc=81.50 ms dec=57.32 ms size=22.9 KiB mv=9.2 KiB (raw 25.4 KiB) res=13.8 KiB (raw 4.5 MiB) skip=36.3% mv0=64.7% cand=2.60 new0=0.0%→0.0% bias=(0,0) modes=Z3%/Nr51%/Na11%/Nw35%
#0059 [P] psnrY=40.53 psnrRGB=n/a dssim=0.00595 enc=85.62 ms dec=60.18 ms size=27.4 KiB mv=10.1 KiB (raw 26.8 KiB) res=17.3 KiB (raw 4.7 MiB) skip=33.1% mv0=57.0% cand=2.95 new0=0.0%→0.0% bias=(0,0) modes=Z3%/Nr44%/Na11%/Nw43%
