ri-quality report
Input: ./peng.mp4
Frames processed: 60 (limit: 60), resolution: 1920x1280 @ 25 fps
Settings: intra=85 inter=80 search=12 skip=12 y-only=true per-frame=true lambda_mult=0.49
Encoded size: 2.6 MiB (2755737 bytes, 45928.95 bytes/frame, 0.150 bpp)
File skip rate: 24.38% blocks (140410 / 576000) — these motion-predicted blocks quantized to zero residual, so no residual bytes were stored for them

=== Quality Metrics ===
  PSNR-Y mean: 40.07 dB
  PSNR-RGB mean: n/a dB
  DSSIM mean: 0.00543

=== Performance ===
  Predecode (ffmpeg): total 1000.4 ms
  Encode: total 5166.6 ms (I 83.6 ms / P 5083.0 ms) | 11.61 fps
  Decode: total 3946.0 ms (I 25.9 ms / P 3920.1 ms) | 15.21 fps

=== Efficiency Metrics ===
  Bytes × DSSIM: 14975
  Bytes per PSNR-Y dB: 68770.06
  Bytes per PSNR-RGB dB: n/a
  Encode quality throughput (dB·fps): 465.36
  Decode quality throughput (dB·fps): 609.30

=== Data Breakdown ===
  Motion vectors: raw 1.7 MiB -> compressed 683.3 KiB (ratio 2.60:1), 25.4% of file
  Residuals total: 2.0 MiB (74.6% of file)
    I-frame JPEG: 451.6 KiB (16.8% of file)
    P-frame residual: 1.5 MiB (57.8% of file)
    Residual raw 305.0 MiB -> compressed 1.5 MiB (ratio 200.83:1)

=== Block Stats ===
  Skip rate: 24.38% (140410 / 576000)
  MV zero-delta: 35.41% (203963 / 576000)

=== Motion-Vector Diagnostics ===
  Mode split: Zero 1.7% (9189 blocks) | Nearest 26.0% (144927 blocks) | Near 9.0% (49847 blocks) | New 63.4% (352837 blocks)
  Predictor richness: avg 3.73 unique/block (min 1 max 5)
  NEW zero share: pre 0.0% → post 0.0% | axis-zero X 14.2% Y 10.9% | NEAR ref 42.7%
  NEW delta magnitude: mean 4.37px, stddev 4.24px (352837 blocks)
  Magnitude classes (per-axis): C0:25.1% | C1:29.0% | C2:22.4% | C3:14.7% | C4:7.9% | C5:1.1%
  Bias (Δx, Δy): avg (0.0, 0.0) | dx range 0..0 | dy range 0..0

=== Per-frame breakdown ===
#0000 [I] psnrY=48.66 psnrRGB=n/a dssim=0.00042 enc=43.08 ms dec=12.33 ms size=220.3 KiB mv=0 B (raw 0 B) res=220.3 KiB (raw -) skip=0.0% mv0=0.0% cand=- new0=- bias=(0,0) modes=-
#0001 [P] psnrY=41.58 psnrRGB=n/a dssim=0.00307 enc=94.78 ms dec=74.15 ms size=36.3 KiB mv=11.9 KiB (raw 29.9 KiB) res=24.3 KiB (raw 4.2 MiB) skip=40.9% mv0=40.3% cand=2.98 new0=0.0%→0.0% bias=(0,0) modes=Z4%/Nr25%/Na11%/Nw60%
#0002 [P] psnrY=41.16 psnrRGB=n/a dssim=0.00367 enc=81.81 ms dec=95.59 ms size=27.8 KiB mv=10.7 KiB (raw 28.1 KiB) res=17.1 KiB (raw 4.5 MiB) skip=35.9% mv0=50.3% cand=3.41 new0=0.0%→0.0% bias=(0,0) modes=Z4%/Nr35%/Na11%/Nw50%
#0003 [P] psnrY=40.73 psnrRGB=n/a dssim=0.00389 enc=81.81 ms dec=104.89 ms size=28.0 KiB mv=10.8 KiB (raw 28.3 KiB) res=17.3 KiB (raw 4.7 MiB) skip=32.8% mv0=49.2% cand=3.32 new0=0.0%→0.0% bias=(0,0) modes=Z3%/Nr35%/Na11%/Nw51%
#0004 [P] psnrY=40.66 psnrRGB=n/a dssim=0.00407 enc=82.56 ms dec=61.85 ms size=29.2 KiB mv=11.2 KiB (raw 29.3 KiB) res=18.0 KiB (raw 4.7 MiB) skip=32.5% mv0=43.6% cand=3.51 new0=0.0%→0.0% bias=(0,0) modes=Z2%/Nr30%/Na11%/Nw56%
#0005 [P] psnrY=40.23 psnrRGB=n/a dssim=0.00427 enc=83.97 ms dec=63.56 ms size=34.7 KiB mv=12.0 KiB (raw 30.8 KiB) res=22.7 KiB (raw 5.0 MiB) skip=28.7% mv0=35.7% cand=3.77 new0=0.0%→0.0% bias=(0,0) modes=Z2%/Nr24%/Na10%/Nw64%
#0006 [P] psnrY=39.36 psnrRGB=n/a dssim=0.00541 enc=89.46 ms dec=76.13 ms size=59.4 KiB mv=13.2 KiB (raw 32.8 KiB) res=46.2 KiB (raw 6.3 MiB) skip=10.6% mv0=24.9% cand=4.18 new0=0.0%→0.0% bias=(0,0) modes=Z1%/Nr17%/Na6%/Nw75%
#0007 [P] psnrY=39.48 psnrRGB=n/a dssim=0.00550 enc=87.72 ms dec=71.39 ms size=42.7 KiB mv=12.5 KiB (raw 32.4 KiB) res=30.2 KiB (raw 5.7 MiB) skip=19.6% mv0=27.5% cand=4.12 new0=0.0%→0.0% bias=(0,0) modes=Z1%/Nr19%/Na7%/Nw73%
#0008 [P] psnrY=39.48 psnrRGB=n/a dssim=0.00576 enc=93.88 ms dec=79.41 ms size=45.6 KiB mv=12.4 KiB (raw 32.1 KiB) res=33.1 KiB (raw 5.9 MiB) skip=15.8% mv0=28.9% cand=4.01 new0=0.0%→0.0% bias=(0,0) modes=Z2%/Nr20%/Na8%/Nw71%
#0009 [P] psnrY=39.53 psnrRGB=n/a dssim=0.00599 enc=88.75 ms dec=71.12 ms size=43.0 KiB mv=12.6 KiB (raw 32.2 KiB) res=30.4 KiB (raw 5.8 MiB) skip=17.1% mv0=28.1% cand=4.05 new0=0.0%→0.0% bias=(0,0) modes=Z2%/Nr19%/Na8%/Nw72%
#0010 [P] psnrY=39.42 psnrRGB=n/a dssim=0.00582 enc=89.88 ms dec=82.77 ms size=43.2 KiB mv=12.5 KiB (raw 32.2 KiB) res=30.7 KiB (raw 5.8 MiB) skip=18.1% mv0=28.2% cand=4.04 new0=0.0%→0.0% bias=(0,0) modes=Z2%/Nr18%/Na9%/Nw72%
#0011 [P] psnrY=39.12 psnrRGB=n/a dssim=0.00623 enc=88.12 ms dec=73.00 ms size=55.2 KiB mv=13.1 KiB (raw 32.8 KiB) res=42.0 KiB (raw 6.0 MiB) skip=14.1% mv0=25.1% cand=4.16 new0=0.0%→0.0% bias=(0,0) modes=Z1%/Nr16%/Na7%/Nw75%
#0012 [P] psnrY=39.36 psnrRGB=n/a dssim=0.00589 enc=86.50 ms dec=67.13 ms size=38.0 KiB mv=12.1 KiB (raw 31.5 KiB) res=25.9 KiB (raw 5.5 MiB) skip=22.3% mv0=31.9% cand=4.00 new0=0.0%→0.0% bias=(0,0) modes=Z1%/Nr21%/Na9%/Nw68%
#0013 [P] psnrY=39.52 psnrRGB=n/a dssim=0.00549 enc=82.92 ms dec=61.50 ms size=34.7 KiB mv=11.8 KiB (raw 31.0 KiB) res=22.8 KiB (raw 5.3 MiB) skip=24.6% mv0=34.6% cand=3.83 new0=0.0%→0.0% bias=(0,0) modes=Z1%/Nr23%/Na10%/Nw65%
#0014 [P] psnrY=39.68 psnrRGB=n/a dssim=0.00537 enc=96.34 ms dec=65.44 ms size=33.7 KiB mv=11.9 KiB (raw 30.9 KiB) res=21.7 KiB (raw 5.1 MiB) skip=28.0% mv0=35.0% cand=3.84 new0=0.0%→0.0% bias=(0,0) modes=Z2%/Nr24%/Na10%/Nw65%
#0015 [P] psnrY=39.72 psnrRGB=n/a dssim=0.00525 enc=83.25 ms dec=65.32 ms size=36.7 KiB mv=12.4 KiB (raw 31.6 KiB) res=24.2 KiB (raw 5.2 MiB) skip=25.8% mv0=31.3% cand=3.93 new0=0.0%→0.0% bias=(0,0) modes=Z2%/Nr21%/Na9%/Nw69%
#0016 [P] psnrY=39.21 psnrRGB=n/a dssim=0.00591 enc=93.95 ms dec=68.33 ms size=53.5 KiB mv=13.3 KiB (raw 33.0 KiB) res=40.2 KiB (raw 6.0 MiB) skip=14.4% mv0=23.8% cand=4.20 new0=0.0%→0.0% bias=(0,0) modes=Z1%/Nr16%/Na7%/Nw76%
#0017 [P] psnrY=39.47 psnrRGB=n/a dssim=0.00566 enc=89.29 ms dec=65.65 ms size=36.7 KiB mv=12.2 KiB (raw 31.7 KiB) res=24.5 KiB (raw 5.2 MiB) skip=25.5% mv0=31.0% cand=4.03 new0=0.0%→0.0% bias=(0,0) modes=Z1%/Nr21%/Na9%/Nw69%
#0018 [P] psnrY=39.56 psnrRGB=n/a dssim=0.00551 enc=85.25 ms dec=62.62 ms size=38.9 KiB mv=12.4 KiB (raw 32.3 KiB) res=26.5 KiB (raw 5.3 MiB) skip=25.1% mv0=27.7% cand=4.03 new0=0.0%→0.0% bias=(0,0) modes=Z1%/Nr19%/Na8%/Nw72%
#0019 [P] psnrY=39.60 psnrRGB=n/a dssim=0.00558 enc=86.44 ms dec=64.67 ms size=39.9 KiB mv=12.6 KiB (raw 32.6 KiB) res=27.2 KiB (raw 5.7 MiB) skip=19.0% mv0=26.3% cand=4.10 new0=0.0%→0.0% bias=(0,0) modes=Z1%/Nr18%/Na8%/Nw74%
#0020 [P] psnrY=39.42 psnrRGB=n/a dssim=0.00549 enc=93.57 ms dec=70.11 ms size=39.9 KiB mv=12.6 KiB (raw 32.5 KiB) res=27.4 KiB (raw 5.7 MiB) skip=19.4% mv0=26.6% cand=4.09 new0=0.0%→0.0% bias=(0,0) modes=Z1%/Nr17%/Na8%/Nw73%
#0021 [P] psnrY=39.13 psnrRGB=n/a dssim=0.00644 enc=93.80 ms dec=72.04 ms size=61.7 KiB mv=13.6 KiB (raw 33.5 KiB) res=48.1 KiB (raw 6.3 MiB) skip=10.5% mv0=21.6% cand=4.30 new0=0.0%→0.0% bias=(0,0) modes=Z1%/Nr14%/Na6%/Nw78%
#0022 [P] psnrY=39.48 psnrRGB=n/a dssim=0.00614 enc=93.91 ms dec=62.22 ms size=39.3 KiB mv=12.4 KiB (raw 31.8 KiB) res=26.9 KiB (raw 5.5 MiB) skip=21.8% mv0=30.3% cand=4.08 new0=0.0%→0.0% bias=(0,0) modes=Z1%/Nr20%/Na9%/Nw70%
#0023 [P] psnrY=39.47 psnrRGB=n/a dssim=0.00574 enc=86.54 ms dec=61.82 ms size=39.3 KiB mv=12.0 KiB (raw 31.8 KiB) res=27.3 KiB (raw 5.5 MiB) skip=22.4% mv0=30.2% cand=3.97 new0=0.0%→0.0% bias=(0,0) modes=Z1%/Nr20%/Na9%/Nw70%
#0024 [P] psnrY=39.65 psnrRGB=n/a dssim=0.00569 enc=86.36 ms dec=62.92 ms size=38.5 KiB mv=12.4 KiB (raw 32.5 KiB) res=26.0 KiB (raw 5.3 MiB) skip=24.0% mv0=26.9% cand=4.07 new0=0.0%→0.0% bias=(0,0) modes=Z1%/Nr17%/Na8%/Nw73%
#0025 [P] psnrY=39.52 psnrRGB=n/a dssim=0.00549 enc=88.42 ms dec=67.69 ms size=39.6 KiB mv=12.5 KiB (raw 32.7 KiB) res=27.1 KiB (raw 5.5 MiB) skip=22.1% mv0=25.7% cand=4.11 new0=0.0%→0.0% bias=(0,0) modes=Z1%/Nr16%/Na8%/Nw74%
#0026 [P] psnrY=39.13 psnrRGB=n/a dssim=0.00572 enc=87.17 ms dec=71.78 ms size=52.4 KiB mv=12.7 KiB (raw 32.4 KiB) res=39.7 KiB (raw 5.8 MiB) skip=17.2% mv0=27.2% cand=4.13 new0=0.0%→0.0% bias=(0,0) modes=Z1%/Nr18%/Na8%/Nw73%
#0027 [P] psnrY=39.37 psnrRGB=n/a dssim=0.00561 enc=81.68 ms dec=64.17 ms size=36.8 KiB mv=12.2 KiB (raw 32.2 KiB) res=24.6 KiB (raw 5.3 MiB) skip=24.6% mv0=28.3% cand=4.10 new0=0.0%→0.0% bias=(0,0) modes=Z1%/Nr19%/Na8%/Nw72%
#0028 [P] psnrY=39.39 psnrRGB=n/a dssim=0.00557 enc=83.80 ms dec=64.24 ms size=38.3 KiB mv=12.1 KiB (raw 32.0 KiB) res=26.1 KiB (raw 5.4 MiB) skip=23.3% mv0=29.1% cand=4.03 new0=0.0%→0.0% bias=(0,0) modes=Z1%/Nr20%/Na8%/Nw71%
#0029 [P] psnrY=39.40 psnrRGB=n/a dssim=0.00572 enc=84.45 ms dec=64.28 ms size=38.3 KiB mv=11.7 KiB (raw 31.4 KiB) res=26.6 KiB (raw 5.6 MiB) skip=20.8% mv0=32.4% cand=3.95 new0=0.0%→0.0% bias=(0,0) modes=Z1%/Nr22%/Na9%/Nw68%
#0030 [I] psnrY=48.17 psnrRGB=n/a dssim=0.00046 enc=40.49 ms dec=13.61 ms size=231.3 KiB mv=0 B (raw 0 B) res=231.3 KiB (raw -) skip=0.0% mv0=0.0% cand=- new0=- bias=(0,0) modes=-
#0031 [P] psnrY=40.04 psnrRGB=n/a dssim=0.00462 enc=93.39 ms dec=66.66 ms size=60.6 KiB mv=13.5 KiB (raw 33.1 KiB) res=47.1 KiB (raw 6.3 MiB) skip=10.7% mv0=23.7% cand=3.38 new0=0.0%→0.0% bias=(0,0) modes=Z2%/Nr16%/Na6%/Nw76%
#0032 [P] psnrY=40.03 psnrRGB=n/a dssim=0.00469 enc=87.59 ms dec=61.30 ms size=39.7 KiB mv=13.1 KiB (raw 32.7 KiB) res=26.6 KiB (raw 5.2 MiB) skip=25.4% mv0=25.6% cand=4.22 new0=0.0%→0.0% bias=(0,0) modes=Z2%/Nr16%/Na7%/Nw74%
#0033 [P] psnrY=39.62 psnrRGB=n/a dssim=0.00488 enc=93.52 ms dec=62.56 ms size=41.7 KiB mv=12.9 KiB (raw 32.5 KiB) res=28.7 KiB (raw 5.5 MiB) skip=21.7% mv0=26.8% cand=4.08 new0=0.0%→0.0% bias=(0,0) modes=Z2%/Nr17%/Na8%/Nw73%
#0034 [P] psnrY=39.81 psnrRGB=n/a dssim=0.00507 enc=86.11 ms dec=65.06 ms size=37.1 KiB mv=11.8 KiB (raw 30.7 KiB) res=25.2 KiB (raw 5.2 MiB) skip=25.9% mv0=36.0% cand=3.84 new0=0.0%→0.0% bias=(0,0) modes=Z1%/Nr25%/Na10%/Nw64%
#0035 [P] psnrY=39.69 psnrRGB=n/a dssim=0.00536 enc=90.21 ms dec=64.71 ms size=40.6 KiB mv=12.0 KiB (raw 31.0 KiB) res=28.7 KiB (raw 5.5 MiB) skip=21.7% mv0=34.8% cand=3.81 new0=0.0%→0.0% bias=(0,0) modes=Z1%/Nr24%/Na9%/Nw65%
#0036 [P] psnrY=39.20 psnrRGB=n/a dssim=0.00610 enc=98.02 ms dec=82.37 ms size=61.2 KiB mv=13.6 KiB (raw 33.6 KiB) res=47.6 KiB (raw 6.4 MiB) skip=8.5% mv0=20.9% cand=4.29 new0=0.0%→0.0% bias=(0,0) modes=Z1%/Nr14%/Na6%/Nw79%
#0037 [P] psnrY=39.41 psnrRGB=n/a dssim=0.00591 enc=95.25 ms dec=73.57 ms size=41.8 KiB mv=12.5 KiB (raw 32.4 KiB) res=29.3 KiB (raw 5.6 MiB) skip=20.2% mv0=27.3% cand=4.16 new0=0.0%→0.0% bias=(0,0) modes=Z1%/Nr18%/Na8%/Nw73%
#0038 [P] psnrY=39.52 psnrRGB=n/a dssim=0.00562 enc=89.57 ms dec=75.58 ms size=42.3 KiB mv=12.5 KiB (raw 32.2 KiB) res=29.8 KiB (raw 5.6 MiB) skip=19.9% mv0=28.3% cand=4.01 new0=0.0%→0.0% bias=(0,0) modes=Z1%/Nr19%/Na8%/Nw72%
#0039 [P] psnrY=39.45 psnrRGB=n/a dssim=0.00580 enc=92.12 ms dec=67.66 ms size=42.4 KiB mv=12.6 KiB (raw 32.5 KiB) res=29.8 KiB (raw 5.6 MiB) skip=19.8% mv0=26.5% cand=4.05 new0=0.0%→0.0% bias=(0,0) modes=Z1%/Nr17%/Na8%/Nw74%
#0040 [P] psnrY=39.48 psnrRGB=n/a dssim=0.00563 enc=89.64 ms dec=67.56 ms size=40.7 KiB mv=12.4 KiB (raw 32.3 KiB) res=28.3 KiB (raw 5.5 MiB) skip=22.0% mv0=27.5% cand=4.04 new0=0.0%→0.0% bias=(0,0) modes=Z1%/Nr18%/Na9%/Nw72%
#0041 [P] psnrY=39.02 psnrRGB=n/a dssim=0.00662 enc=98.94 ms dec=89.79 ms size=60.8 KiB mv=13.1 KiB (raw 32.7 KiB) res=47.8 KiB (raw 6.2 MiB) skip=11.1% mv0=25.6% cand=4.17 new0=0.0%→0.0% bias=(0,0) modes=Z1%/Nr17%/Na7%/Nw74%
#0042 [P] psnrY=39.41 psnrRGB=n/a dssim=0.00617 enc=90.85 ms dec=87.21 ms size=38.2 KiB mv=12.7 KiB (raw 32.8 KiB) res=25.5 KiB (raw 5.5 MiB) skip=22.3% mv0=25.2% cand=4.23 new0=0.0%→0.0% bias=(0,0) modes=Z1%/Nr16%/Na8%/Nw75%
#0043 [P] psnrY=39.56 psnrRGB=n/a dssim=0.00577 enc=89.51 ms dec=72.44 ms size=34.7 KiB mv=11.8 KiB (raw 31.5 KiB) res=22.9 KiB (raw 5.3 MiB) skip=24.8% mv0=32.1% cand=3.95 new0=0.0%→0.0% bias=(0,0) modes=Z1%/Nr22%/Na9%/Nw68%
#0044 [P] psnrY=39.70 psnrRGB=n/a dssim=0.00558 enc=85.87 ms dec=75.35 ms size=33.0 KiB mv=11.6 KiB (raw 31.0 KiB) res=21.4 KiB (raw 5.1 MiB) skip=27.7% mv0=34.6% cand=3.85 new0=0.0%→0.0% bias=(0,0) modes=Z1%/Nr24%/Na10%/Nw65%
#0045 [P] psnrY=39.69 psnrRGB=n/a dssim=0.00530 enc=82.47 ms dec=61.42 ms size=34.2 KiB mv=11.7 KiB (raw 31.3 KiB) res=22.4 KiB (raw 5.1 MiB) skip=27.9% mv0=32.9% cand=3.89 new0=0.0%→0.0% bias=(0,0) modes=Z1%/Nr22%/Na10%/Nw67%
#0046 [P] psnrY=38.23 psnrRGB=n/a dssim=0.00903 enc=105.98 ms dec=82.35 ms size=104.3 KiB mv=13.6 KiB (raw 33.3 KiB) res=90.6 KiB (raw 7.0 MiB) skip=0.0% mv0=22.4% cand=4.35 new0=0.0%→0.0% bias=(0,0) modes=Z1%/Nr16%/Na5%/Nw78%
#0047 [P] psnrY=39.46 psnrRGB=n/a dssim=0.00695 enc=78.62 ms dec=52.42 ms size=23.8 KiB mv=12.5 KiB (raw 31.3 KiB) res=11.2 KiB (raw 3.7 MiB) skip=47.1% mv0=33.1% cand=4.08 new0=0.0%→0.0% bias=(0,0) modes=Z1%/Nr23%/Na9%/Nw67%
#0048 [P] psnrY=40.02 psnrRGB=n/a dssim=0.00621 enc=79.30 ms dec=53.58 ms size=21.8 KiB mv=10.6 KiB (raw 27.8 KiB) res=11.2 KiB (raw 3.9 MiB) skip=44.3% mv0=51.9% cand=3.26 new0=0.0%→0.0% bias=(0,0) modes=Z2%/Nr38%/Na12%/Nw48%
#0049 [P] psnrY=40.18 psnrRGB=n/a dssim=0.00601 enc=81.80 ms dec=58.04 ms size=25.5 KiB mv=10.0 KiB (raw 27.1 KiB) res=15.4 KiB (raw 4.2 MiB) skip=40.7% mv0=55.4% cand=3.10 new0=0.0%→0.0% bias=(0,0) modes=Z2%/Nr43%/Na10%/Nw45%
#0050 [P] psnrY=40.38 psnrRGB=n/a dssim=0.00586 enc=85.96 ms dec=55.40 ms size=21.7 KiB mv=9.4 KiB (raw 26.0 KiB) res=12.3 KiB (raw 4.4 MiB) skip=37.2% mv0=61.3% cand=2.87 new0=0.0%→0.0% bias=(0,0) modes=Z2%/Nr48%/Na11%/Nw39%
#0051 [P] psnrY=40.48 psnrRGB=n/a dssim=0.00573 enc=80.24 ms dec=54.62 ms size=21.6 KiB mv=9.0 KiB (raw 25.4 KiB) res=12.5 KiB (raw 4.3 MiB) skip=38.2% mv0=64.6% cand=2.60 new0=0.0%→0.0% bias=(0,0) modes=Z2%/Nr52%/Na11%/Nw35%
#0052 [P] psnrY=40.44 psnrRGB=n/a dssim=0.00582 enc=84.20 ms dec=59.03 ms size=23.0 KiB mv=9.2 KiB (raw 25.7 KiB) res=13.8 KiB (raw 4.7 MiB) skip=33.3% mv0=62.9% cand=2.65 new0=0.0%→0.0% bias=(0,0) modes=Z2%/Nr49%/Na12%/Nw37%
#0053 [P] psnrY=40.56 psnrRGB=n/a dssim=0.00572 enc=76.91 ms dec=53.38 ms size=21.3 KiB mv=8.8 KiB (raw 24.9 KiB) res=12.5 KiB (raw 4.2 MiB) skip=40.7% mv0=67.1% cand=2.52 new0=0.0%→0.0% bias=(0,0) modes=Z3%/Nr54%/Na10%/Nw33%
#0054 [P] psnrY=40.47 psnrRGB=n/a dssim=0.00575 enc=84.02 ms dec=57.00 ms size=27.3 KiB mv=9.9 KiB (raw 26.5 KiB) res=17.4 KiB (raw 4.6 MiB) skip=33.9% mv0=58.6% cand=2.88 new0=0.0%→0.0% bias=(0,0) modes=Z3%/Nr45%/Na11%/Nw41%
#0055 [P] psnrY=40.49 psnrRGB=n/a dssim=0.00576 enc=81.16 ms dec=54.83 ms size=22.8 KiB mv=8.9 KiB (raw 25.1 KiB) res=13.9 KiB (raw 4.3 MiB) skip=38.8% mv0=66.2% cand=2.70 new0=0.0%→0.0% bias=(0,0) modes=Z2%/Nr54%/Na10%/Nw34%
#0056 [P] psnrY=40.60 psnrRGB=n/a dssim=0.00576 enc=77.66 ms dec=55.43 ms size=22.8 KiB mv=9.1 KiB (raw 25.3 KiB) res=13.6 KiB (raw 4.5 MiB) skip=36.6% mv0=65.3% cand=2.57 new0=0.0%→0.0% bias=(0,0) modes=Z3%/Nr52%/Na11%/Nw35%
#0057 [P] psnrY=40.61 psnrRGB=n/a dssim=0.00582 enc=85.94 ms dec=56.58 ms size=23.1 KiB mv=9.3 KiB (raw 25.5 KiB) res=13.8 KiB (raw 4.5 MiB) skip=35.7% mv0=64.1% cand=2.65 new0=0.0%→0.0% bias=(0,0) modes=Z3%/Nr50%/Na11%/Nw36%
#0058 [P] psnrY=40.56 psnrRGB=n/a dssim=0.00577 enc=86.32 ms dec=56.66 ms size=22.8 KiB mv=9.2 KiB (raw 25.3 KiB) res=13.7 KiB (raw 4.5 MiB) skip=36.5% mv0=65.0% cand=2.59 new0=0.0%→0.0% bias=(0,0) modes=Z3%/Nr51%/Na11%/Nw35%
#0059 [P] psnrY=40.53 psnrRGB=n/a dssim=0.00597 enc=85.47 ms dec=61.69 ms size=27.4 KiB mv=10.1 KiB (raw 26.8 KiB) res=17.3 KiB (raw 4.7 MiB) skip=32.6% mv0=57.3% cand=2.95 new0=0.0%→0.0% bias=(0,0) modes=Z3%/Nr44%/Na11%/Nw43%
