ri-quality report
Input: ./peng.mp4
Frames processed: 60 (limit: 60), resolution: 1920x1280 @ 25 fps
Settings: intra=85 inter=80 search=12 skip=12 y-only=true per-frame=true lambda_mult=0.49
Encoded size: 2.7 MiB (2806805 bytes, 46780.08 bytes/frame, 0.152 bpp)
File skip rate: 28.49% blocks (164081 / 576000) — these motion-predicted blocks quantized to zero residual, so no residual bytes were stored for them

=== Quality Metrics ===
  PSNR-Y mean: 40.21 dB
  PSNR-RGB mean: n/a dB
  DSSIM mean: 0.00520

=== Performance ===
  Predecode (ffmpeg): total 911.4 ms
  Encode: total 4986.9 ms (I 100.7 ms / P 4886.2 ms) | 12.03 fps
  Decode: total 3604.8 ms (I 23.4 ms / P 3581.4 ms) | 16.64 fps

=== Efficiency Metrics ===
  Bytes × DSSIM: 14584
  Bytes per PSNR-Y dB: 69798.73
  Bytes per PSNR-RGB dB: n/a
  Encode quality throughput (dB·fps): 483.83
  Decode quality throughput (dB·fps): 669.32

=== Data Breakdown ===
  Motion vectors: raw 1.9 MiB -> compressed 762.5 KiB (ratio 2.51:1), 27.8% of file
  Residuals total: 1.9 MiB (72.1% of file)
    I-frame JPEG: 451.6 KiB (16.5% of file)
    P-frame residual: 1.5 MiB (55.7% of file)
    Residual raw 287.6 MiB -> compressed 1.5 MiB (ratio 193.06:1)

=== Block Stats ===
  Skip rate: 28.49% (164081 / 576000)
  MV zero-delta: 23.30% (134193 / 576000)

=== Motion-Vector Diagnostics ===
  Mode split: Zero 1.3% (7154 blocks) | Nearest 12.4% (68926 blocks) | Near 7.3% (40661 blocks) | New 75.9% (422607 blocks) | Temporal 3.1% (17452 blocks)
  Predictor richness: avg 4.32 unique/block (min 1 max 5)
  NEW zero share: pre 0.0% → post 0.0% | axis-zero X 13.5% Y 11.1% | NEAR ref 42.2%
  NEW delta magnitude: mean 4.28px, stddev 4.10px (422607 blocks)
  Magnitude classes (per-axis): C0:24.6% | C1:29.6% | C2:22.6% | C3:14.7% | C4:7.5% | C5:0.9%
  Bias (Δx, Δy): avg (0.0, 0.0) | dx range 0..0 | dy range 0..0

=== Per-frame breakdown ===
#0000 [I] psnrY=48.66 psnrRGB=n/a dssim=0.00042 enc=42.64 ms dec=12.54 ms size=220.3 KiB mv=0 B (raw 0 B) res=220.3 KiB (raw -) skip=0.0% mv0=0.0% cand=- new0=- bias=(0,0) modes=-
#0001 [P] psnrY=41.76 psnrRGB=n/a dssim=0.00286 enc=90.08 ms dec=52.26 ms size=35.4 KiB mv=12.2 KiB (raw 31.6 KiB) res=23.2 KiB (raw 3.4 MiB) skip=51.1% mv0=31.3% cand=3.29 new0=0.0%→0.0% bias=(0,0) modes=Z2%/Nr18%/Na10%/Nw69%
#0002 [P] psnrY=41.27 psnrRGB=n/a dssim=0.00346 enc=75.68 ms dec=54.67 ms size=28.7 KiB mv=12.5 KiB (raw 31.7 KiB) res=16.2 KiB (raw 3.8 MiB) skip=45.6% mv0=30.9% cand=4.21 new0=0.0%→0.0% bias=(0,0) modes=Z2%/Nr17%/Na10%/Nw69%
#0003 [P] psnrY=40.82 psnrRGB=n/a dssim=0.00371 enc=76.69 ms dec=52.99 ms size=29.2 KiB mv=12.7 KiB (raw 31.7 KiB) res=16.4 KiB (raw 4.2 MiB) skip=40.9% mv0=30.8% cand=4.20 new0=0.0%→0.0% bias=(0,0) modes=Z2%/Nr16%/Na10%/Nw69%
#0004 [P] psnrY=40.73 psnrRGB=n/a dssim=0.00391 enc=77.55 ms dec=54.98 ms size=30.3 KiB mv=13.0 KiB (raw 32.5 KiB) res=17.3 KiB (raw 4.3 MiB) skip=39.5% mv0=26.5% cand=4.32 new0=0.0%→0.0% bias=(0,0) modes=Z2%/Nr13%/Na9%/Nw74%
#0005 [P] psnrY=40.32 psnrRGB=n/a dssim=0.00412 enc=80.80 ms dec=58.21 ms size=35.4 KiB mv=13.4 KiB (raw 33.6 KiB) res=21.9 KiB (raw 4.6 MiB) skip=34.5% mv0=20.7% cand=4.46 new0=0.0%→0.0% bias=(0,0) modes=Z2%/Nr10%/Na7%/Nw79%
#0006 [P] psnrY=39.39 psnrRGB=n/a dssim=0.00535 enc=94.36 ms dec=67.18 ms size=59.4 KiB mv=13.6 KiB (raw 33.5 KiB) res=45.8 KiB (raw 6.1 MiB) skip=12.8% mv0=21.6% cand=4.43 new0=0.0%→0.0% bias=(0,0) modes=Z1%/Nr13%/Na6%/Nw78%
#0007 [P] psnrY=39.53 psnrRGB=n/a dssim=0.00544 enc=89.46 ms dec=64.44 ms size=43.2 KiB mv=13.3 KiB (raw 33.6 KiB) res=29.9 KiB (raw 5.4 MiB) skip=22.6% mv0=21.0% cand=4.44 new0=0.0%→0.0% bias=(0,0) modes=Z1%/Nr11%/Na6%/Nw79%
#0008 [P] psnrY=39.52 psnrRGB=n/a dssim=0.00567 enc=91.39 ms dec=66.22 ms size=45.8 KiB mv=13.0 KiB (raw 32.7 KiB) res=32.7 KiB (raw 5.7 MiB) skip=19.2% mv0=25.7% cand=4.31 new0=0.0%→0.0% bias=(0,0) modes=Z1%/Nr14%/Na7%/Nw74%
#0009 [P] psnrY=39.61 psnrRGB=n/a dssim=0.00586 enc=87.53 ms dec=65.26 ms size=43.5 KiB mv=13.2 KiB (raw 33.0 KiB) res=30.3 KiB (raw 5.6 MiB) skip=20.1% mv0=23.8% cand=4.36 new0=0.0%→0.0% bias=(0,0) modes=Z1%/Nr12%/Na7%/Nw76%
#0010 [P] psnrY=39.49 psnrRGB=n/a dssim=0.00570 enc=83.07 ms dec=67.37 ms size=43.4 KiB mv=13.1 KiB (raw 33.1 KiB) res=30.3 KiB (raw 5.6 MiB) skip=21.0% mv0=23.4% cand=4.37 new0=0.0%→0.0% bias=(0,0) modes=Z1%/Nr11%/Na7%/Nw77%
#0011 [P] psnrY=39.18 psnrRGB=n/a dssim=0.00617 enc=88.41 ms dec=70.41 ms size=55.0 KiB mv=13.5 KiB (raw 33.3 KiB) res=41.5 KiB (raw 5.9 MiB) skip=16.7% mv0=22.4% cand=4.39 new0=0.0%→0.0% bias=(0,0) modes=Z1%/Nr12%/Na6%/Nw78%
#0012 [P] psnrY=39.41 psnrRGB=n/a dssim=0.00577 enc=89.58 ms dec=62.57 ms size=38.3 KiB mv=13.1 KiB (raw 33.3 KiB) res=25.2 KiB (raw 5.3 MiB) skip=25.2% mv0=22.4% cand=4.39 new0=0.0%→0.0% bias=(0,0) modes=Z1%/Nr12%/Na7%/Nw78%
#0013 [P] psnrY=39.61 psnrRGB=n/a dssim=0.00531 enc=88.41 ms dec=60.83 ms size=35.3 KiB mv=12.9 KiB (raw 32.7 KiB) res=22.3 KiB (raw 5.1 MiB) skip=27.5% mv0=25.9% cand=4.31 new0=0.0%→0.0% bias=(0,0) modes=Z1%/Nr12%/Na8%/Nw74%
#0014 [P] psnrY=39.78 psnrRGB=n/a dssim=0.00518 enc=85.87 ms dec=61.85 ms size=34.4 KiB mv=13.1 KiB (raw 33.1 KiB) res=21.3 KiB (raw 4.8 MiB) skip=31.4% mv0=23.7% cand=4.37 new0=0.0%→0.0% bias=(0,0) modes=Z1%/Nr11%/Na8%/Nw76%
#0015 [P] psnrY=39.80 psnrRGB=n/a dssim=0.00513 enc=85.58 ms dec=61.56 ms size=37.1 KiB mv=13.3 KiB (raw 33.6 KiB) res=23.8 KiB (raw 4.9 MiB) skip=29.8% mv0=20.8% cand=4.45 new0=0.0%→0.0% bias=(0,0) modes=Z1%/Nr10%/Na6%/Nw79%
#0016 [P] psnrY=39.29 psnrRGB=n/a dssim=0.00579 enc=88.99 ms dec=69.34 ms size=53.8 KiB mv=13.9 KiB (raw 34.1 KiB) res=39.9 KiB (raw 5.9 MiB) skip=16.0% mv0=17.9% cand=4.51 new0=0.0%→0.0% bias=(0,0) modes=Z1%/Nr10%/Na5%/Nw82%
#0017 [P] psnrY=39.53 psnrRGB=n/a dssim=0.00554 enc=85.90 ms dec=64.59 ms size=37.2 KiB mv=13.2 KiB (raw 33.8 KiB) res=24.0 KiB (raw 5.1 MiB) skip=27.3% mv0=19.5% cand=4.47 new0=0.0%→0.0% bias=(0,0) modes=Z1%/Nr10%/Na7%/Nw80%
#0018 [P] psnrY=39.63 psnrRGB=n/a dssim=0.00537 enc=86.49 ms dec=62.14 ms size=39.4 KiB mv=13.3 KiB (raw 34.0 KiB) res=26.0 KiB (raw 5.1 MiB) skip=27.4% mv0=18.6% cand=4.49 new0=0.0%→0.0% bias=(0,0) modes=Z1%/Nr9%/Na6%/Nw81%
#0019 [P] psnrY=39.69 psnrRGB=n/a dssim=0.00543 enc=87.17 ms dec=65.61 ms size=40.3 KiB mv=13.5 KiB (raw 34.2 KiB) res=26.8 KiB (raw 5.5 MiB) skip=21.5% mv0=17.5% cand=4.51 new0=0.0%→0.0% bias=(0,0) modes=Z1%/Nr9%/Na5%/Nw82%
#0020 [P] psnrY=39.52 psnrRGB=n/a dssim=0.00536 enc=85.28 ms dec=85.55 ms size=40.5 KiB mv=13.4 KiB (raw 33.9 KiB) res=27.1 KiB (raw 5.5 MiB) skip=21.8% mv0=19.2% cand=4.48 new0=0.0%→0.0% bias=(0,0) modes=Z1%/Nr9%/Na6%/Nw81%
#0021 [P] psnrY=39.18 psnrRGB=n/a dssim=0.00640 enc=93.13 ms dec=70.81 ms size=61.8 KiB mv=13.8 KiB (raw 33.8 KiB) res=47.9 KiB (raw 6.2 MiB) skip=11.5% mv0=19.6% cand=4.47 new0=0.0%→0.0% bias=(0,0) modes=Z1%/Nr12%/Na5%/Nw80%
#0022 [P] psnrY=39.55 psnrRGB=n/a dssim=0.00608 enc=84.15 ms dec=65.74 ms size=39.9 KiB mv=13.2 KiB (raw 33.3 KiB) res=26.6 KiB (raw 5.4 MiB) skip=23.8% mv0=22.2% cand=4.41 new0=0.0%→0.0% bias=(0,0) modes=Z1%/Nr12%/Na7%/Nw78%
#0023 [P] psnrY=39.53 psnrRGB=n/a dssim=0.00572 enc=90.04 ms dec=65.25 ms size=39.6 KiB mv=12.6 KiB (raw 33.0 KiB) res=27.0 KiB (raw 5.4 MiB) skip=23.8% mv0=24.0% cand=4.34 new0=0.0%→0.0% bias=(0,0) modes=Z1%/Nr13%/Na7%/Nw76%
#0024 [P] psnrY=39.73 psnrRGB=n/a dssim=0.00565 enc=82.42 ms dec=63.58 ms size=38.8 KiB mv=12.9 KiB (raw 33.3 KiB) res=25.8 KiB (raw 5.2 MiB) skip=25.8% mv0=22.2% cand=4.37 new0=0.0%→0.0% bias=(0,0) modes=Z1%/Nr12%/Na7%/Nw78%
#0025 [P] psnrY=39.57 psnrRGB=n/a dssim=0.00544 enc=87.94 ms dec=61.75 ms size=40.1 KiB mv=13.0 KiB (raw 33.6 KiB) res=27.0 KiB (raw 5.3 MiB) skip=24.1% mv0=20.8% cand=4.43 new0=0.0%→0.0% bias=(0,0) modes=Z1%/Nr10%/Na6%/Nw79%
#0026 [P] psnrY=39.19 psnrRGB=n/a dssim=0.00567 enc=86.19 ms dec=67.15 ms size=52.9 KiB mv=13.4 KiB (raw 33.9 KiB) res=39.4 KiB (raw 5.7 MiB) skip=18.5% mv0=19.1% cand=4.47 new0=0.0%→0.0% bias=(0,0) modes=Z1%/Nr10%/Na6%/Nw81%
#0027 [P] psnrY=39.44 psnrRGB=n/a dssim=0.00549 enc=83.31 ms dec=61.83 ms size=37.7 KiB mv=13.2 KiB (raw 34.3 KiB) res=24.5 KiB (raw 5.2 MiB) skip=25.5% mv0=17.0% cand=4.55 new0=0.0%→0.0% bias=(0,0) modes=Z1%/Nr9%/Na6%/Nw83%
#0028 [P] psnrY=39.46 psnrRGB=n/a dssim=0.00545 enc=85.61 ms dec=63.15 ms size=38.9 KiB mv=13.0 KiB (raw 33.7 KiB) res=25.9 KiB (raw 5.3 MiB) skip=24.4% mv0=20.3% cand=4.48 new0=0.0%→0.0% bias=(0,0) modes=Z1%/Nr10%/Na7%/Nw80%
#0029 [P] psnrY=39.49 psnrRGB=n/a dssim=0.00558 enc=93.27 ms dec=66.38 ms size=39.2 KiB mv=12.8 KiB (raw 33.4 KiB) res=26.3 KiB (raw 5.5 MiB) skip=22.3% mv0=21.7% cand=4.42 new0=0.0%→0.0% bias=(0,0) modes=Z1%/Nr12%/Na7%/Nw78%
#0030 [I] psnrY=48.17 psnrRGB=n/a dssim=0.00046 enc=58.03 ms dec=10.90 ms size=231.3 KiB mv=0 B (raw 0 B) res=231.3 KiB (raw -) skip=0.0% mv0=0.0% cand=- new0=- bias=(0,0) modes=-
#0031 [P] psnrY=40.05 psnrRGB=n/a dssim=0.00460 enc=97.57 ms dec=69.79 ms size=60.6 KiB mv=13.8 KiB (raw 33.5 KiB) res=46.8 KiB (raw 6.1 MiB) skip=13.5% mv0=21.6% cand=3.46 new0=0.0%→0.0% bias=(0,0) modes=Z1%/Nr14%/Na5%/Nw78%
#0032 [P] psnrY=40.05 psnrRGB=n/a dssim=0.00460 enc=81.37 ms dec=65.35 ms size=39.9 KiB mv=13.9 KiB (raw 34.3 KiB) res=26.0 KiB (raw 4.8 MiB) skip=31.8% mv0=16.9% cand=4.56 new0=0.0%→0.0% bias=(0,0) modes=Z1%/Nr8%/Na6%/Nw83%
#0033 [P] psnrY=39.64 psnrRGB=n/a dssim=0.00479 enc=85.26 ms dec=60.46 ms size=41.8 KiB mv=13.7 KiB (raw 33.7 KiB) res=28.1 KiB (raw 5.1 MiB) skip=27.5% mv0=20.1% cand=4.48 new0=0.0%→0.0% bias=(0,0) modes=Z1%/Nr9%/Na6%/Nw80%
#0034 [P] psnrY=39.85 psnrRGB=n/a dssim=0.00496 enc=81.27 ms dec=62.18 ms size=37.6 KiB mv=13.1 KiB (raw 32.9 KiB) res=24.6 KiB (raw 4.8 MiB) skip=32.2% mv0=24.4% cand=4.34 new0=0.0%→0.0% bias=(0,0) modes=Z1%/Nr13%/Na8%/Nw76%
#0035 [P] psnrY=39.74 psnrRGB=n/a dssim=0.00525 enc=84.33 ms dec=65.80 ms size=41.1 KiB mv=12.8 KiB (raw 32.3 KiB) res=28.2 KiB (raw 5.2 MiB) skip=25.5% mv0=27.5% cand=4.24 new0=0.0%→0.0% bias=(0,0) modes=Z1%/Nr15%/Na8%/Nw73%
#0036 [P] psnrY=39.24 psnrRGB=n/a dssim=0.00604 enc=89.74 ms dec=71.89 ms size=61.0 KiB mv=13.6 KiB (raw 33.6 KiB) res=47.3 KiB (raw 6.3 MiB) skip=9.8% mv0=20.9% cand=4.41 new0=0.0%→0.0% bias=(0,0) modes=Z1%/Nr13%/Na5%/Nw79%
#0037 [P] psnrY=39.47 psnrRGB=n/a dssim=0.00583 enc=86.37 ms dec=62.72 ms size=42.3 KiB mv=13.4 KiB (raw 33.9 KiB) res=28.9 KiB (raw 5.4 MiB) skip=23.5% mv0=19.1% cand=4.48 new0=0.0%→0.0% bias=(0,0) modes=Z1%/Nr10%/Na6%/Nw81%
#0038 [P] psnrY=39.60 psnrRGB=n/a dssim=0.00557 enc=86.48 ms dec=62.67 ms size=42.8 KiB mv=13.2 KiB (raw 33.4 KiB) res=29.6 KiB (raw 5.4 MiB) skip=23.2% mv0=21.7% cand=4.39 new0=0.0%→0.0% bias=(0,0) modes=Z1%/Nr11%/Na7%/Nw78%
#0039 [P] psnrY=39.50 psnrRGB=n/a dssim=0.00577 enc=86.91 ms dec=65.69 ms size=42.7 KiB mv=13.2 KiB (raw 33.5 KiB) res=29.5 KiB (raw 5.4 MiB) skip=23.1% mv0=21.5% cand=4.39 new0=0.0%→0.0% bias=(0,0) modes=Z1%/Nr11%/Na7%/Nw78%
#0040 [P] psnrY=39.54 psnrRGB=n/a dssim=0.00554 enc=87.22 ms dec=61.42 ms size=41.2 KiB mv=13.1 KiB (raw 33.4 KiB) res=28.0 KiB (raw 5.3 MiB) skip=24.7% mv0=22.0% cand=4.38 new0=0.0%→0.0% bias=(0,0) modes=Z1%/Nr11%/Na7%/Nw78%
#0041 [P] psnrY=39.07 psnrRGB=n/a dssim=0.00658 enc=89.02 ms dec=67.94 ms size=60.6 KiB mv=13.2 KiB (raw 33.0 KiB) res=47.4 KiB (raw 6.1 MiB) skip=12.6% mv0=23.9% cand=4.34 new0=0.0%→0.0% bias=(0,0) modes=Z1%/Nr15%/Na7%/Nw76%
#0042 [P] psnrY=39.49 psnrRGB=n/a dssim=0.00609 enc=88.52 ms dec=62.69 ms size=38.3 KiB mv=13.3 KiB (raw 34.1 KiB) res=25.0 KiB (raw 5.3 MiB) skip=24.5% mv0=18.2% cand=4.51 new0=0.0%→0.0% bias=(0,0) modes=Z1%/Nr10%/Na6%/Nw82%
#0043 [P] psnrY=39.66 psnrRGB=n/a dssim=0.00563 enc=85.45 ms dec=61.45 ms size=35.3 KiB mv=12.9 KiB (raw 33.4 KiB) res=22.4 KiB (raw 5.1 MiB) skip=28.1% mv0=21.9% cand=4.40 new0=0.0%→0.0% bias=(0,0) modes=Z1%/Nr11%/Na7%/Nw78%
#0044 [P] psnrY=39.80 psnrRGB=n/a dssim=0.00542 enc=81.46 ms dec=59.88 ms size=33.8 KiB mv=12.6 KiB (raw 33.0 KiB) res=21.1 KiB (raw 5.0 MiB) skip=29.3% mv0=24.1% cand=4.36 new0=0.0%→0.0% bias=(0,0) modes=Z1%/Nr12%/Na8%/Nw76%
#0045 [P] psnrY=39.81 psnrRGB=n/a dssim=0.00514 enc=84.76 ms dec=58.51 ms size=34.4 KiB mv=12.6 KiB (raw 33.1 KiB) res=21.7 KiB (raw 4.9 MiB) skip=30.9% mv0=23.5% cand=4.37 new0=0.0%→0.0% bias=(0,0) modes=Z1%/Nr12%/Na7%/Nw76%
#0046 [P] psnrY=38.26 psnrRGB=n/a dssim=0.00898 enc=101.42 ms dec=79.23 ms size=103.8 KiB mv=13.4 KiB (raw 32.8 KiB) res=90.4 KiB (raw 7.0 MiB) skip=0.0% mv0=25.1% cand=4.33 new0=0.0%→0.0% bias=(0,0) modes=Z1%/Nr18%/Na6%/Nw75%
#0047 [P] psnrY=39.53 psnrRGB=n/a dssim=0.00674 enc=72.31 ms dec=51.04 ms size=24.7 KiB mv=13.6 KiB (raw 33.4 KiB) res=11.1 KiB (raw 3.5 MiB) skip=50.7% mv0=21.9% cand=4.42 new0=0.0%→0.0% bias=(0,0) modes=Z1%/Nr12%/Na7%/Nw78%
#0048 [P] psnrY=40.25 psnrRGB=n/a dssim=0.00570 enc=75.48 ms dec=51.24 ms size=24.0 KiB mv=13.3 KiB (raw 32.3 KiB) res=10.6 KiB (raw 3.5 MiB) skip=50.6% mv0=27.5% cand=4.24 new0=0.0%→0.0% bias=(0,0) modes=Z1%/Nr13%/Na8%/Nw73%
#0049 [P] psnrY=40.48 psnrRGB=n/a dssim=0.00544 enc=73.52 ms dec=53.94 ms size=28.2 KiB mv=13.5 KiB (raw 33.1 KiB) res=14.7 KiB (raw 3.7 MiB) skip=47.5% mv0=23.7% cand=4.39 new0=0.0%→0.0% bias=(0,0) modes=Z2%/Nr12%/Na8%/Nw76%
#0050 [P] psnrY=40.77 psnrRGB=n/a dssim=0.00515 enc=79.11 ms dec=53.16 ms size=24.5 KiB mv=13.1 KiB (raw 32.2 KiB) res=11.4 KiB (raw 3.8 MiB) skip=46.1% mv0=28.1% cand=4.28 new0=0.0%→0.0% bias=(0,0) modes=Z2%/Nr14%/Na8%/Nw72%
#0051 [P] psnrY=40.94 psnrRGB=n/a dssim=0.00496 enc=75.63 ms dec=52.10 ms size=24.6 KiB mv=12.8 KiB (raw 31.2 KiB) res=11.8 KiB (raw 3.8 MiB) skip=46.1% mv0=33.7% cand=4.06 new0=0.0%→0.0% bias=(0,0) modes=Z2%/Nr16%/Na9%/Nw66%
#0052 [P] psnrY=40.88 psnrRGB=n/a dssim=0.00503 enc=77.70 ms dec=54.88 ms size=25.7 KiB mv=12.9 KiB (raw 31.2 KiB) res=12.8 KiB (raw 4.0 MiB) skip=42.9% mv0=33.7% cand=4.08 new0=0.0%→0.0% bias=(0,0) modes=Z2%/Nr15%/Na9%/Nw66%
#0053 [P] psnrY=41.07 psnrRGB=n/a dssim=0.00484 enc=74.08 ms dec=52.59 ms size=24.4 KiB mv=12.7 KiB (raw 31.1 KiB) res=11.7 KiB (raw 3.6 MiB) skip=48.4% mv0=34.3% cand=4.05 new0=0.0%→0.0% bias=(0,0) modes=Z2%/Nr15%/Na10%/Nw66%
#0054 [P] psnrY=40.95 psnrRGB=n/a dssim=0.00490 enc=77.13 ms dec=53.07 ms size=29.6 KiB mv=13.2 KiB (raw 32.1 KiB) res=16.4 KiB (raw 4.1 MiB) skip=41.9% mv0=28.5% cand=4.26 new0=0.0%→0.0% bias=(0,0) modes=Z2%/Nr14%/Na8%/Nw71%
#0055 [P] psnrY=40.99 psnrRGB=n/a dssim=0.00492 enc=75.27 ms dec=51.46 ms size=26.0 KiB mv=12.9 KiB (raw 31.6 KiB) res=13.1 KiB (raw 3.8 MiB) skip=46.2% mv0=31.4% cand=4.19 new0=0.0%→0.0% bias=(0,0) modes=Z2%/Nr15%/Na10%/Nw69%
#0056 [P] psnrY=41.09 psnrRGB=n/a dssim=0.00489 enc=73.67 ms dec=55.29 ms size=25.6 KiB mv=12.8 KiB (raw 31.2 KiB) res=12.8 KiB (raw 3.8 MiB) skip=46.2% mv0=33.6% cand=4.06 new0=0.0%→0.0% bias=(0,0) modes=Z2%/Nr16%/Na9%/Nw66%
#0057 [P] psnrY=41.13 psnrRGB=n/a dssim=0.00490 enc=73.55 ms dec=52.88 ms size=25.6 KiB mv=12.9 KiB (raw 31.3 KiB) res=12.7 KiB (raw 3.9 MiB) skip=43.9% mv0=33.1% cand=4.12 new0=0.0%→0.0% bias=(0,0) modes=Z2%/Nr16%/Na9%/Nw67%
#0058 [P] psnrY=41.06 psnrRGB=n/a dssim=0.00490 enc=79.29 ms dec=53.39 ms size=25.5 KiB mv=12.8 KiB (raw 30.8 KiB) res=12.7 KiB (raw 3.8 MiB) skip=45.4% mv0=35.7% cand=4.02 new0=0.0%→0.0% bias=(0,0) modes=Z2%/Nr16%/Na10%/Nw64%
#0059 [P] psnrY=41.03 psnrRGB=n/a dssim=0.00513 enc=77.97 ms dec=54.97 ms size=29.2 KiB mv=13.1 KiB (raw 31.9 KiB) res=16.1 KiB (raw 4.1 MiB) skip=41.6% mv0=30.1% cand=4.24 new0=0.0%→0.0% bias=(0,0) modes=Z2%/Nr15%/Na9%/Nw70%
