ri-quality report
Input: ./peng.mp4
Frames processed: 60 (limit: 60), resolution: 1920x1280 @ 25 fps
Settings: intra=85 inter=80 search=12 skip=12 y-only=true per-frame=true lambda_mult=0.49
Encoded size: 2.7 MiB (2798381 bytes, 46639.68 bytes/frame, 0.152 bpp)
File skip rate: 28.49% blocks (164081 / 576000) — these motion-predicted blocks quantized to zero residual, so no residual bytes were stored for them

=== Quality Metrics ===
  PSNR-Y mean: 40.21 dB
  PSNR-RGB mean: n/a dB
  DSSIM mean: 0.00520

=== Performance ===
  Predecode (ffmpeg): total 902.7 ms
  Encode: total 4909.6 ms (I 93.2 ms / P 4816.4 ms) | 12.22 fps
  Decode: total 3516.2 ms (I 24.7 ms / P 3491.5 ms) | 17.06 fps

=== Efficiency Metrics ===
  Bytes × DSSIM: 14540
  Bytes per PSNR-Y dB: 69589.24
  Bytes per PSNR-RGB dB: n/a
  Encode quality throughput (dB·fps): 491.44
  Decode quality throughput (dB·fps): 686.19

=== Data Breakdown ===
  Motion vectors: raw 2.0 MiB -> compressed 754.3 KiB (ratio 2.67:1), 27.6% of file
  Residuals total: 1.9 MiB (72.4% of file)
    I-frame JPEG: 451.6 KiB (16.5% of file)
    P-frame residual: 1.5 MiB (55.8% of file)
    Residual raw 287.6 MiB -> compressed 1.5 MiB (ratio 193.06:1)

=== Block Stats ===
  Skip rate: 28.49% (164081 / 576000)
  MV zero-delta: 21.57% (124236 / 576000)

=== Motion-Vector Diagnostics ===
  Mode split: Zero 1.3% (7154 blocks) | Nearest 7.2% (40367 blocks) | Near 4.4% (24681 blocks) | New 85.1% (473912 blocks) | Temporal 1.9% (10686 blocks)
  Predictor richness: avg 4.56 unique/block (min 1 max 5)
  NEW zero share: pre 8.7% → post 8.7% | axis-zero X 16.7% Y 14.5% | NEAR ref 41.2%
  NEW delta magnitude: mean 3.93px, stddev 4.13px (473912 blocks)
  Magnitude classes (per-axis): C0:31.2% | C1:27.0% | C2:20.5% | C3:13.5% | C4:7.0% | C5:0.9%
  Bias (Δx, Δy): avg (0.0, 0.0) | dx range 0..0 | dy range 0..0

=== Per-frame breakdown ===
#0000 [I] psnrY=48.66 psnrRGB=n/a dssim=0.00042 enc=50.46 ms dec=12.20 ms size=220.3 KiB mv=0 B (raw 0 B) res=220.3 KiB (raw -) skip=0.0% mv0=0.0% cand=- new0=- bias=(0,0) modes=-
#0001 [P] psnrY=41.76 psnrRGB=n/a dssim=0.00286 enc=96.59 ms dec=52.70 ms size=35.1 KiB mv=11.9 KiB (raw 34.3 KiB) res=23.2 KiB (raw 3.4 MiB) skip=51.1% mv0=29.5% cand=3.59 new0=15.2%→15.2% bias=(0,0) modes=Z2%/Nr9%/Na6%/Nw83%
#0002 [P] psnrY=41.27 psnrRGB=n/a dssim=0.00346 enc=80.60 ms dec=51.91 ms size=28.6 KiB mv=12.3 KiB (raw 34.4 KiB) res=16.2 KiB (raw 3.8 MiB) skip=45.6% mv0=29.7% cand=4.57 new0=15.8%→15.8% bias=(0,0) modes=Z2%/Nr8%/Na6%/Nw83%
#0003 [P] psnrY=40.82 psnrRGB=n/a dssim=0.00371 enc=82.76 ms dec=53.54 ms size=29.1 KiB mv=12.7 KiB (raw 34.5 KiB) res=16.4 KiB (raw 4.2 MiB) skip=40.9% mv0=28.3% cand=4.59 new0=14.9%→14.9% bias=(0,0) modes=Z2%/Nr7%/Na5%/Nw84%
#0004 [P] psnrY=40.73 psnrRGB=n/a dssim=0.00391 enc=78.00 ms dec=54.45 ms size=30.3 KiB mv=12.9 KiB (raw 34.9 KiB) res=17.3 KiB (raw 4.3 MiB) skip=39.5% mv0=24.5% cand=4.63 new0=12.2%→12.2% bias=(0,0) modes=Z2%/Nr6%/Na5%/Nw86%
#0005 [P] psnrY=40.32 psnrRGB=n/a dssim=0.00412 enc=77.46 ms dec=57.06 ms size=35.4 KiB mv=13.4 KiB (raw 35.3 KiB) res=21.9 KiB (raw 4.6 MiB) skip=34.5% mv0=19.1% cand=4.67 new0=8.2%→8.2% bias=(0,0) modes=Z2%/Nr5%/Na4%/Nw88%
#0006 [P] psnrY=39.39 psnrRGB=n/a dssim=0.00535 enc=87.85 ms dec=67.17 ms size=59.2 KiB mv=13.4 KiB (raw 34.6 KiB) res=45.8 KiB (raw 6.1 MiB) skip=12.8% mv0=20.7% cand=4.57 new0=5.9%→5.9% bias=(0,0) modes=Z1%/Nr10%/Na4%/Nw84%
#0007 [P] psnrY=39.53 psnrRGB=n/a dssim=0.00544 enc=85.27 ms dec=62.07 ms size=43.0 KiB mv=13.1 KiB (raw 34.8 KiB) res=29.9 KiB (raw 5.4 MiB) skip=22.6% mv0=19.9% cand=4.60 new0=6.5%→6.5% bias=(0,0) modes=Z1%/Nr7%/Na4%/Nw86%
#0008 [P] psnrY=39.52 psnrRGB=n/a dssim=0.00567 enc=101.41 ms dec=64.07 ms size=45.6 KiB mv=12.8 KiB (raw 34.1 KiB) res=32.7 KiB (raw 5.7 MiB) skip=19.2% mv0=24.0% cand=4.49 new0=6.9%→6.9% bias=(0,0) modes=Z1%/Nr9%/Na5%/Nw82%
#0009 [P] psnrY=39.61 psnrRGB=n/a dssim=0.00586 enc=90.59 ms dec=64.15 ms size=43.3 KiB mv=13.0 KiB (raw 34.4 KiB) res=30.3 KiB (raw 5.6 MiB) skip=20.1% mv0=22.3% cand=4.53 new0=6.9%→6.9% bias=(0,0) modes=Z1%/Nr8%/Na4%/Nw83%
#0010 [P] psnrY=39.49 psnrRGB=n/a dssim=0.00570 enc=90.99 ms dec=63.61 ms size=43.2 KiB mv=12.9 KiB (raw 34.5 KiB) res=30.3 KiB (raw 5.6 MiB) skip=21.0% mv0=21.7% cand=4.56 new0=7.1%→7.1% bias=(0,0) modes=Z1%/Nr8%/Na4%/Nw84%
#0011 [P] psnrY=39.18 psnrRGB=n/a dssim=0.00617 enc=88.86 ms dec=65.87 ms size=54.8 KiB mv=13.3 KiB (raw 34.5 KiB) res=41.5 KiB (raw 5.9 MiB) skip=16.7% mv0=21.2% cand=4.55 new0=6.3%→6.3% bias=(0,0) modes=Z1%/Nr9%/Na4%/Nw84%
#0012 [P] psnrY=39.41 psnrRGB=n/a dssim=0.00577 enc=83.90 ms dec=61.34 ms size=38.2 KiB mv=12.9 KiB (raw 34.8 KiB) res=25.2 KiB (raw 5.3 MiB) skip=25.2% mv0=21.3% cand=4.60 new0=8.3%→8.3% bias=(0,0) modes=Z1%/Nr7%/Na4%/Nw86%
#0013 [P] psnrY=39.61 psnrRGB=n/a dssim=0.00531 enc=83.06 ms dec=60.36 ms size=35.1 KiB mv=12.7 KiB (raw 34.5 KiB) res=22.3 KiB (raw 5.1 MiB) skip=27.5% mv0=24.0% cand=4.57 new0=9.5%→9.5% bias=(0,0) modes=Z1%/Nr7%/Na5%/Nw84%
#0014 [P] psnrY=39.78 psnrRGB=n/a dssim=0.00518 enc=83.37 ms dec=58.93 ms size=34.4 KiB mv=13.0 KiB (raw 35.0 KiB) res=21.3 KiB (raw 4.8 MiB) skip=31.4% mv0=21.8% cand=4.65 new0=10.0%→10.0% bias=(0,0) modes=Z1%/Nr6%/Na4%/Nw87%
#0015 [P] psnrY=39.80 psnrRGB=n/a dssim=0.00513 enc=84.92 ms dec=59.32 ms size=37.1 KiB mv=13.3 KiB (raw 35.2 KiB) res=23.8 KiB (raw 4.9 MiB) skip=29.8% mv0=18.9% cand=4.66 new0=7.4%→7.4% bias=(0,0) modes=Z1%/Nr6%/Na4%/Nw88%
#0016 [P] psnrY=39.29 psnrRGB=n/a dssim=0.00579 enc=91.96 ms dec=64.96 ms size=53.6 KiB mv=13.7 KiB (raw 35.1 KiB) res=39.9 KiB (raw 5.9 MiB) skip=16.0% mv0=17.0% cand=4.64 new0=5.0%→5.0% bias=(0,0) modes=Z1%/Nr7%/Na4%/Nw87%
#0017 [P] psnrY=39.53 psnrRGB=n/a dssim=0.00554 enc=81.97 ms dec=61.26 ms size=37.1 KiB mv=13.0 KiB (raw 35.4 KiB) res=24.0 KiB (raw 5.1 MiB) skip=27.3% mv0=18.7% cand=4.67 new0=8.2%→8.2% bias=(0,0) modes=Z1%/Nr5%/Na4%/Nw89%
#0018 [P] psnrY=39.63 psnrRGB=n/a dssim=0.00537 enc=80.96 ms dec=61.65 ms size=39.2 KiB mv=13.2 KiB (raw 35.5 KiB) res=26.0 KiB (raw 5.1 MiB) skip=27.4% mv0=17.1% cand=4.68 new0=7.1%→7.1% bias=(0,0) modes=Z1%/Nr5%/Na3%/Nw89%
#0019 [P] psnrY=39.69 psnrRGB=n/a dssim=0.00543 enc=82.62 ms dec=63.53 ms size=40.2 KiB mv=13.4 KiB (raw 35.4 KiB) res=26.8 KiB (raw 5.5 MiB) skip=21.5% mv0=16.3% cand=4.68 new0=5.8%→5.8% bias=(0,0) modes=Z1%/Nr6%/Na3%/Nw89%
#0020 [P] psnrY=39.52 psnrRGB=n/a dssim=0.00536 enc=84.47 ms dec=62.12 ms size=40.4 KiB mv=13.2 KiB (raw 35.3 KiB) res=27.1 KiB (raw 5.5 MiB) skip=21.8% mv0=17.6% cand=4.67 new0=6.8%→6.8% bias=(0,0) modes=Z1%/Nr6%/Na3%/Nw88%
#0021 [P] psnrY=39.18 psnrRGB=n/a dssim=0.00640 enc=99.29 ms dec=68.42 ms size=61.5 KiB mv=13.6 KiB (raw 34.8 KiB) res=47.9 KiB (raw 6.2 MiB) skip=11.5% mv0=18.6% cand=4.60 new0=4.8%→4.8% bias=(0,0) modes=Z1%/Nr9%/Na4%/Nw85%
#0022 [P] psnrY=39.55 psnrRGB=n/a dssim=0.00608 enc=85.66 ms dec=62.03 ms size=39.7 KiB mv=13.1 KiB (raw 34.9 KiB) res=26.6 KiB (raw 5.4 MiB) skip=23.8% mv0=21.2% cand=4.61 new0=8.3%→8.3% bias=(0,0) modes=Z1%/Nr7%/Na5%/Nw86%
#0023 [P] psnrY=39.53 psnrRGB=n/a dssim=0.00572 enc=83.91 ms dec=61.70 ms size=39.6 KiB mv=12.5 KiB (raw 34.5 KiB) res=27.0 KiB (raw 5.4 MiB) skip=23.8% mv0=22.4% cand=4.55 new0=7.8%→7.8% bias=(0,0) modes=Z1%/Nr8%/Na4%/Nw84%
#0024 [P] psnrY=39.73 psnrRGB=n/a dssim=0.00565 enc=83.68 ms dec=61.05 ms size=38.7 KiB mv=12.9 KiB (raw 34.8 KiB) res=25.8 KiB (raw 5.2 MiB) skip=25.8% mv0=20.6% cand=4.57 new0=7.0%→7.0% bias=(0,0) modes=Z1%/Nr7%/Na4%/Nw85%
#0025 [P] psnrY=39.57 psnrRGB=n/a dssim=0.00544 enc=83.92 ms dec=61.37 ms size=40.0 KiB mv=13.0 KiB (raw 35.1 KiB) res=27.0 KiB (raw 5.3 MiB) skip=24.1% mv0=18.7% cand=4.62 new0=6.9%→6.9% bias=(0,0) modes=Z1%/Nr6%/Na4%/Nw87%
#0026 [P] psnrY=39.19 psnrRGB=n/a dssim=0.00567 enc=90.13 ms dec=64.55 ms size=52.7 KiB mv=13.3 KiB (raw 35.0 KiB) res=39.4 KiB (raw 5.7 MiB) skip=18.5% mv0=18.4% cand=4.61 new0=5.8%→5.8% bias=(0,0) modes=Z1%/Nr7%/Na4%/Nw87%
#0027 [P] psnrY=39.44 psnrRGB=n/a dssim=0.00549 enc=93.33 ms dec=61.14 ms size=37.7 KiB mv=13.1 KiB (raw 35.5 KiB) res=24.5 KiB (raw 5.2 MiB) skip=25.5% mv0=16.2% cand=4.70 new0=6.4%→6.4% bias=(0,0) modes=Z1%/Nr5%/Na4%/Nw90%
#0028 [P] psnrY=39.46 psnrRGB=n/a dssim=0.00545 enc=89.75 ms dec=61.47 ms size=38.8 KiB mv=12.9 KiB (raw 35.2 KiB) res=25.9 KiB (raw 5.3 MiB) skip=24.4% mv0=18.9% cand=4.67 new0=7.4%→7.4% bias=(0,0) modes=Z1%/Nr6%/Na4%/Nw88%
#0029 [P] psnrY=39.49 psnrRGB=n/a dssim=0.00558 enc=88.92 ms dec=62.66 ms size=39.1 KiB mv=12.8 KiB (raw 35.1 KiB) res=26.3 KiB (raw 5.5 MiB) skip=22.3% mv0=20.5% cand=4.64 new0=8.8%→8.8% bias=(0,0) modes=Z1%/Nr7%/Na4%/Nw87%
#0030 [I] psnrY=48.17 psnrRGB=n/a dssim=0.00046 enc=42.76 ms dec=12.46 ms size=231.3 KiB mv=0 B (raw 0 B) res=231.3 KiB (raw -) skip=0.0% mv0=0.0% cand=- new0=- bias=(0,0) modes=-
#0031 [P] psnrY=40.05 psnrRGB=n/a dssim=0.00460 enc=90.59 ms dec=66.49 ms size=60.3 KiB mv=13.4 KiB (raw 34.7 KiB) res=46.8 KiB (raw 6.1 MiB) skip=13.5% mv0=20.4% cand=3.59 new0=6.4%→6.4% bias=(0,0) modes=Z1%/Nr10%/Na4%/Nw85%
#0032 [P] psnrY=40.05 psnrRGB=n/a dssim=0.00460 enc=85.09 ms dec=59.22 ms size=39.7 KiB mv=13.7 KiB (raw 35.7 KiB) res=26.0 KiB (raw 4.8 MiB) skip=31.8% mv0=16.0% cand=4.73 new0=7.0%→7.0% bias=(0,0) modes=Z1%/Nr4%/Na3%/Nw90%
#0033 [P] psnrY=39.64 psnrRGB=n/a dssim=0.00479 enc=86.83 ms dec=60.97 ms size=41.6 KiB mv=13.5 KiB (raw 35.3 KiB) res=28.1 KiB (raw 5.1 MiB) skip=27.5% mv0=18.1% cand=4.67 new0=7.2%→7.2% bias=(0,0) modes=Z1%/Nr5%/Na4%/Nw88%
#0034 [P] psnrY=39.85 psnrRGB=n/a dssim=0.00496 enc=88.41 ms dec=60.45 ms size=37.4 KiB mv=12.8 KiB (raw 34.7 KiB) res=24.6 KiB (raw 4.8 MiB) skip=32.2% mv0=22.8% cand=4.57 new0=9.0%→9.0% bias=(0,0) modes=Z1%/Nr8%/Na5%/Nw85%
#0035 [P] psnrY=39.74 psnrRGB=n/a dssim=0.00525 enc=85.64 ms dec=62.49 ms size=40.8 KiB mv=12.6 KiB (raw 34.1 KiB) res=28.2 KiB (raw 5.2 MiB) skip=25.5% mv0=25.7% cand=4.48 new0=9.2%→9.2% bias=(0,0) modes=Z1%/Nr10%/Na5%/Nw82%
#0036 [P] psnrY=39.24 psnrRGB=n/a dssim=0.00604 enc=92.16 ms dec=68.49 ms size=60.7 KiB mv=13.3 KiB (raw 34.6 KiB) res=47.3 KiB (raw 6.3 MiB) skip=9.8% mv0=20.3% cand=4.55 new0=5.5%→5.5% bias=(0,0) modes=Z1%/Nr9%/Na4%/Nw84%
#0037 [P] psnrY=39.47 psnrRGB=n/a dssim=0.00583 enc=83.45 ms dec=63.17 ms size=42.2 KiB mv=13.2 KiB (raw 35.3 KiB) res=28.9 KiB (raw 5.4 MiB) skip=23.5% mv0=18.1% cand=4.66 new0=7.1%→7.1% bias=(0,0) modes=Z1%/Nr6%/Na4%/Nw88%
#0038 [P] psnrY=39.60 psnrRGB=n/a dssim=0.00557 enc=83.30 ms dec=65.15 ms size=42.6 KiB mv=13.0 KiB (raw 34.8 KiB) res=29.6 KiB (raw 5.4 MiB) skip=23.2% mv0=20.1% cand=4.58 new0=6.7%→6.7% bias=(0,0) modes=Z1%/Nr7%/Na4%/Nw86%
#0039 [P] psnrY=39.50 psnrRGB=n/a dssim=0.00577 enc=81.76 ms dec=63.59 ms size=42.5 KiB mv=13.0 KiB (raw 34.9 KiB) res=29.5 KiB (raw 5.4 MiB) skip=23.1% mv0=19.8% cand=4.58 new0=7.1%→7.1% bias=(0,0) modes=Z1%/Nr7%/Na4%/Nw86%
#0040 [P] psnrY=39.54 psnrRGB=n/a dssim=0.00554 enc=81.19 ms dec=63.25 ms size=41.0 KiB mv=12.9 KiB (raw 35.0 KiB) res=28.0 KiB (raw 5.3 MiB) skip=24.7% mv0=20.2% cand=4.61 new0=8.0%→8.0% bias=(0,0) modes=Z1%/Nr6%/Na4%/Nw87%
#0041 [P] psnrY=39.07 psnrRGB=n/a dssim=0.00658 enc=87.02 ms dec=69.22 ms size=60.2 KiB mv=12.8 KiB (raw 34.0 KiB) res=47.4 KiB (raw 6.1 MiB) skip=12.6% mv0=23.0% cand=4.46 new0=5.2%→5.2% bias=(0,0) modes=Z1%/Nr12%/Na5%/Nw81%
#0042 [P] psnrY=39.49 psnrRGB=n/a dssim=0.00609 enc=82.44 ms dec=61.65 ms size=38.2 KiB mv=13.1 KiB (raw 35.3 KiB) res=25.0 KiB (raw 5.3 MiB) skip=24.5% mv0=17.6% cand=4.68 new0=6.7%→6.7% bias=(0,0) modes=Z1%/Nr6%/Na4%/Nw88%
#0043 [P] psnrY=39.66 psnrRGB=n/a dssim=0.00563 enc=79.23 ms dec=60.60 ms size=35.2 KiB mv=12.8 KiB (raw 35.1 KiB) res=22.4 KiB (raw 5.1 MiB) skip=28.1% mv0=20.4% cand=4.64 new0=9.0%→9.0% bias=(0,0) modes=Z1%/Nr6%/Na4%/Nw87%
#0044 [P] psnrY=39.80 psnrRGB=n/a dssim=0.00542 enc=77.89 ms dec=59.08 ms size=33.7 KiB mv=12.6 KiB (raw 34.8 KiB) res=21.1 KiB (raw 5.0 MiB) skip=29.3% mv0=22.3% cand=4.62 new0=9.4%→9.4% bias=(0,0) modes=Z1%/Nr6%/Na5%/Nw86%
#0045 [P] psnrY=39.81 psnrRGB=n/a dssim=0.00514 enc=77.35 ms dec=58.14 ms size=34.3 KiB mv=12.6 KiB (raw 35.0 KiB) res=21.7 KiB (raw 4.9 MiB) skip=30.9% mv0=21.8% cand=4.62 new0=9.5%→9.5% bias=(0,0) modes=Z1%/Nr7%/Na4%/Nw86%
#0046 [P] psnrY=38.26 psnrRGB=n/a dssim=0.00898 enc=98.51 ms dec=76.66 ms size=103.4 KiB mv=13.0 KiB (raw 33.7 KiB) res=90.4 KiB (raw 7.0 MiB) skip=0.0% mv0=24.5% cand=4.45 new0=5.3%→5.3% bias=(0,0) modes=Z1%/Nr14%/Na5%/Nw80%
#0047 [P] psnrY=39.53 psnrRGB=n/a dssim=0.00674 enc=70.07 ms dec=51.34 ms size=24.5 KiB mv=13.5 KiB (raw 35.0 KiB) res=11.1 KiB (raw 3.5 MiB) skip=50.7% mv0=21.0% cand=4.63 new0=8.6%→8.6% bias=(0,0) modes=Z1%/Nr7%/Na5%/Nw86%
#0048 [P] psnrY=40.25 psnrRGB=n/a dssim=0.00570 enc=70.66 ms dec=50.96 ms size=23.9 KiB mv=13.2 KiB (raw 34.3 KiB) res=10.6 KiB (raw 3.5 MiB) skip=50.6% mv0=24.8% cand=4.55 new0=9.0%→9.0% bias=(0,0) modes=Z1%/Nr7%/Na5%/Nw83%
#0049 [P] psnrY=40.48 psnrRGB=n/a dssim=0.00544 enc=70.57 ms dec=52.76 ms size=28.1 KiB mv=13.4 KiB (raw 34.9 KiB) res=14.7 KiB (raw 3.7 MiB) skip=47.5% mv0=21.9% cand=4.64 new0=9.2%→9.2% bias=(0,0) modes=Z2%/Nr6%/Na4%/Nw86%
#0050 [P] psnrY=40.77 psnrRGB=n/a dssim=0.00515 enc=73.20 ms dec=53.38 ms size=24.4 KiB mv=13.0 KiB (raw 34.4 KiB) res=11.4 KiB (raw 3.8 MiB) skip=46.1% mv0=26.0% cand=4.59 new0=11.4%→11.4% bias=(0,0) modes=Z2%/Nr7%/Na5%/Nw84%
#0051 [P] psnrY=40.94 psnrRGB=n/a dssim=0.00496 enc=72.99 ms dec=55.30 ms size=24.6 KiB mv=12.7 KiB (raw 33.7 KiB) res=11.8 KiB (raw 3.8 MiB) skip=46.1% mv0=29.6% cand=4.46 new0=11.7%→11.7% bias=(0,0) modes=Z2%/Nr8%/Na5%/Nw80%
#0052 [P] psnrY=40.88 psnrRGB=n/a dssim=0.00503 enc=71.93 ms dec=60.30 ms size=25.7 KiB mv=12.8 KiB (raw 33.9 KiB) res=12.8 KiB (raw 4.0 MiB) skip=42.9% mv0=29.4% cand=4.49 new0=12.5%→12.5% bias=(0,0) modes=Z2%/Nr7%/Na5%/Nw81%
#0053 [P] psnrY=41.07 psnrRGB=n/a dssim=0.00484 enc=70.95 ms dec=51.95 ms size=24.3 KiB mv=12.6 KiB (raw 33.8 KiB) res=11.7 KiB (raw 3.6 MiB) skip=48.4% mv0=30.1% cand=4.48 new0=13.0%→13.0% bias=(0,0) modes=Z2%/Nr8%/Na5%/Nw80%
#0054 [P] psnrY=40.95 psnrRGB=n/a dssim=0.00490 enc=75.13 ms dec=54.71 ms size=29.5 KiB mv=13.1 KiB (raw 34.5 KiB) res=16.4 KiB (raw 4.1 MiB) skip=41.9% mv0=25.8% cand=4.58 new0=11.5%→11.5% bias=(0,0) modes=Z2%/Nr7%/Na5%/Nw84%
#0055 [P] psnrY=40.99 psnrRGB=n/a dssim=0.00492 enc=72.80 ms dec=52.73 ms size=26.0 KiB mv=12.9 KiB (raw 34.3 KiB) res=13.1 KiB (raw 3.8 MiB) skip=46.2% mv0=28.4% cand=4.57 new0=13.7%→13.7% bias=(0,0) modes=Z2%/Nr7%/Na5%/Nw83%
#0056 [P] psnrY=41.09 psnrRGB=n/a dssim=0.00489 enc=71.81 ms dec=52.37 ms size=25.5 KiB mv=12.8 KiB (raw 33.9 KiB) res=12.8 KiB (raw 3.8 MiB) skip=46.2% mv0=29.6% cand=4.50 new0=12.9%→12.9% bias=(0,0) modes=Z2%/Nr8%/Na5%/Nw81%
#0057 [P] psnrY=41.13 psnrRGB=n/a dssim=0.00490 enc=72.30 ms dec=53.65 ms size=25.5 KiB mv=12.8 KiB (raw 34.1 KiB) res=12.7 KiB (raw 3.9 MiB) skip=43.9% mv0=29.1% cand=4.53 new0=13.3%→13.3% bias=(0,0) modes=Z2%/Nr8%/Na5%/Nw82%
#0058 [P] psnrY=41.06 psnrRGB=n/a dssim=0.00490 enc=70.80 ms dec=52.70 ms size=25.5 KiB mv=12.7 KiB (raw 33.7 KiB) res=12.7 KiB (raw 3.8 MiB) skip=45.4% mv0=31.1% cand=4.47 new0=13.9%→13.9% bias=(0,0) modes=Z2%/Nr8%/Na5%/Nw80%
#0059 [P] psnrY=41.03 psnrRGB=n/a dssim=0.00513 enc=76.13 ms dec=56.30 ms size=29.1 KiB mv=13.0 KiB (raw 34.3 KiB) res=16.1 KiB (raw 4.1 MiB) skip=41.6% mv0=27.2% cand=4.57 new0=12.2%→12.2% bias=(0,0) modes=Z2%/Nr8%/Na5%/Nw83%
