ri-quality report
Input: ./peng.mp4
Frames processed: 60 (limit: 60), resolution: 1920x1280 @ 25 fps
Settings: intra=85 inter=80 search=12 skip=12 y-only=true per-frame=true
Encoded size: 2.7 MiB (2790505 bytes, 46508.42 bytes/frame, 0.151 bpp)
File skip rate: 29.26% blocks (168545 / 576000) — these motion-predicted blocks quantized to zero residual, so no residual bytes were stored for them

=== Quality Metrics ===
  PSNR-Y mean: 39.80 dB
  PSNR-RGB mean: n/a dB
  DSSIM mean: 0.00544

=== Performance ===
  Encode: total 42822.0 ms (I 106.4 ms / P 42715.6 ms) | 1.40 fps
  Decode: total 8962.5 ms (I 28.2 ms / P 8934.3 ms) | 6.69 fps

=== Efficiency Metrics ===
  Bytes × DSSIM: 15178
  Bytes per PSNR-Y dB: 70116.31
  Bytes per PSNR-RGB dB: n/a
  Encode quality throughput (dB·fps): 55.76
  Decode quality throughput (dB·fps): 266.43

=== Data Breakdown ===
  Motion vectors: raw 1.6 MiB -> compressed 816.8 KiB (ratio 2.00:1), 30.0% of file
  Residuals total: 1.9 MiB (70.0% of file)
    I-frame JPEG: 451.6 KiB (16.6% of file)
    P-frame residual: 1.4 MiB (53.4% of file)
    Residual raw 284.4 MiB -> compressed 1.4 MiB (ratio 200.04:1)

=== Block Stats ===
  Skip rate: 29.26% (168545 / 576000)
  MV zero-delta: 10.67% (61435 / 576000)

=== Per-frame breakdown ===
#0000 [I] psnrY=48.66 psnrRGB=n/a dssim=0.00042 enc=52.51 ms dec=12.36 ms size=220.3 KiB mv=0 B (raw 0 B) res=220.3 KiB (raw -) skip=0.0% mv0=0.0%
#0001 [P] psnrY=40.84 psnrRGB=n/a dssim=0.00338 enc=741.26 ms dec=146.63 ms size=34.5 KiB mv=14.2 KiB (raw 28.1 KiB) res=20.3 KiB (raw 3.0 MiB) skip=56.8% mv0=16.1%
#0002 [P] psnrY=40.70 psnrRGB=n/a dssim=0.00377 enc=675.75 ms dec=127.52 ms size=29.0 KiB mv=13.9 KiB (raw 28.1 KiB) res=15.1 KiB (raw 3.6 MiB) skip=49.2% mv0=16.6%
#0003 [P] psnrY=40.28 psnrRGB=n/a dssim=0.00401 enc=673.16 ms dec=154.34 ms size=29.0 KiB mv=13.5 KiB (raw 28.1 KiB) res=15.6 KiB (raw 4.0 MiB) skip=43.5% mv0=16.5%
#0004 [P] psnrY=40.30 psnrRGB=n/a dssim=0.00414 enc=695.07 ms dec=157.83 ms size=30.1 KiB mv=13.6 KiB (raw 28.1 KiB) res=16.5 KiB (raw 4.2 MiB) skip=39.7% mv0=13.5%
#0005 [P] psnrY=39.99 psnrRGB=n/a dssim=0.00430 enc=719.49 ms dec=175.96 ms size=34.6 KiB mv=13.8 KiB (raw 28.1 KiB) res=20.8 KiB (raw 4.6 MiB) skip=34.5% mv0=10.0%
#0006 [P] psnrY=38.71 psnrRGB=n/a dssim=0.00628 enc=711.47 ms dec=174.05 ms size=58.4 KiB mv=14.9 KiB (raw 28.1 KiB) res=43.5 KiB (raw 5.9 MiB) skip=15.9% mv0=9.2%
#0007 [P] psnrY=39.08 psnrRGB=n/a dssim=0.00593 enc=714.53 ms dec=140.84 ms size=43.0 KiB mv=14.2 KiB (raw 28.1 KiB) res=28.7 KiB (raw 5.4 MiB) skip=23.8% mv0=9.1%
#0008 [P] psnrY=38.85 psnrRGB=n/a dssim=0.00640 enc=728.00 ms dec=144.38 ms size=45.4 KiB mv=13.9 KiB (raw 28.1 KiB) res=31.5 KiB (raw 5.6 MiB) skip=21.1% mv0=11.5%
#0009 [P] psnrY=39.06 psnrRGB=n/a dssim=0.00639 enc=733.94 ms dec=142.83 ms size=43.4 KiB mv=14.1 KiB (raw 28.1 KiB) res=29.3 KiB (raw 5.6 MiB) skip=20.9% mv0=10.2%
#0010 [P] psnrY=38.81 psnrRGB=n/a dssim=0.00628 enc=710.26 ms dec=145.22 ms size=43.0 KiB mv=13.9 KiB (raw 28.1 KiB) res=29.1 KiB (raw 5.5 MiB) skip=22.2% mv0=11.1%
#0011 [P] psnrY=38.57 psnrRGB=n/a dssim=0.00700 enc=739.21 ms dec=171.24 ms size=55.1 KiB mv=14.8 KiB (raw 28.1 KiB) res=40.2 KiB (raw 5.8 MiB) skip=18.1% mv0=9.0%
#0012 [P] psnrY=38.90 psnrRGB=n/a dssim=0.00624 enc=705.02 ms dec=164.96 ms size=38.6 KiB mv=14.1 KiB (raw 28.1 KiB) res=24.5 KiB (raw 5.2 MiB) skip=26.0% mv0=10.2%
#0013 [P] psnrY=39.06 psnrRGB=n/a dssim=0.00580 enc=702.68 ms dec=152.09 ms size=35.3 KiB mv=13.7 KiB (raw 28.1 KiB) res=21.6 KiB (raw 5.1 MiB) skip=27.8% mv0=12.2%
#0014 [P] psnrY=39.31 psnrRGB=n/a dssim=0.00546 enc=696.55 ms dec=152.60 ms size=34.1 KiB mv=13.9 KiB (raw 28.1 KiB) res=20.2 KiB (raw 4.9 MiB) skip=30.3% mv0=11.5%
#0015 [P] psnrY=39.23 psnrRGB=n/a dssim=0.00541 enc=703.22 ms dec=139.13 ms size=36.6 KiB mv=14.0 KiB (raw 28.1 KiB) res=22.6 KiB (raw 5.0 MiB) skip=29.4% mv0=9.6%
#0016 [P] psnrY=38.71 psnrRGB=n/a dssim=0.00630 enc=720.11 ms dec=147.03 ms size=53.1 KiB mv=14.8 KiB (raw 28.1 KiB) res=38.3 KiB (raw 5.8 MiB) skip=17.8% mv0=7.7%
#0017 [P] psnrY=39.32 psnrRGB=n/a dssim=0.00564 enc=704.16 ms dec=153.65 ms size=37.2 KiB mv=13.9 KiB (raw 28.1 KiB) res=23.2 KiB (raw 5.2 MiB) skip=26.6% mv0=9.0%
#0018 [P] psnrY=39.38 psnrRGB=n/a dssim=0.00549 enc=711.45 ms dec=154.47 ms size=38.8 KiB mv=13.8 KiB (raw 28.1 KiB) res=25.1 KiB (raw 5.2 MiB) skip=26.3% mv0=8.8%
#0019 [P] psnrY=39.41 psnrRGB=n/a dssim=0.00560 enc=709.05 ms dec=143.35 ms size=39.6 KiB mv=14.0 KiB (raw 28.1 KiB) res=25.5 KiB (raw 5.5 MiB) skip=22.0% mv0=8.2%
#0020 [P] psnrY=39.18 psnrRGB=n/a dssim=0.00557 enc=708.61 ms dec=146.33 ms size=39.5 KiB mv=13.8 KiB (raw 28.1 KiB) res=25.7 KiB (raw 5.5 MiB) skip=21.8% mv0=9.0%
#0021 [P] psnrY=38.72 psnrRGB=n/a dssim=0.00695 enc=726.04 ms dec=151.57 ms size=61.0 KiB mv=15.1 KiB (raw 28.1 KiB) res=45.8 KiB (raw 6.1 MiB) skip=13.0% mv0=7.7%
#0022 [P] psnrY=39.31 psnrRGB=n/a dssim=0.00615 enc=734.13 ms dec=154.45 ms size=39.9 KiB mv=14.2 KiB (raw 28.1 KiB) res=25.6 KiB (raw 5.5 MiB) skip=22.4% mv0=10.4%
#0023 [P] psnrY=39.30 psnrRGB=n/a dssim=0.00581 enc=703.95 ms dec=146.35 ms size=39.6 KiB mv=13.5 KiB (raw 28.1 KiB) res=26.1 KiB (raw 5.4 MiB) skip=23.3% mv0=12.3%
#0024 [P] psnrY=39.57 psnrRGB=n/a dssim=0.00555 enc=719.73 ms dec=155.24 ms size=38.8 KiB mv=13.6 KiB (raw 28.1 KiB) res=25.1 KiB (raw 5.4 MiB) skip=23.1% mv0=10.9%
#0025 [P] psnrY=39.41 psnrRGB=n/a dssim=0.00538 enc=708.39 ms dec=217.64 ms size=39.5 KiB mv=13.6 KiB (raw 28.1 KiB) res=25.9 KiB (raw 5.4 MiB) skip=23.6% mv0=9.4%
#0026 [P] psnrY=38.97 psnrRGB=n/a dssim=0.00584 enc=729.28 ms dec=168.10 ms size=52.2 KiB mv=14.3 KiB (raw 28.1 KiB) res=37.8 KiB (raw 5.7 MiB) skip=18.4% mv0=9.1%
#0027 [P] psnrY=39.30 psnrRGB=n/a dssim=0.00548 enc=712.62 ms dec=176.89 ms size=36.9 KiB mv=13.6 KiB (raw 28.1 KiB) res=23.2 KiB (raw 5.3 MiB) skip=24.3% mv0=7.7%
#0028 [P] psnrY=39.17 psnrRGB=n/a dssim=0.00558 enc=720.66 ms dec=167.60 ms size=38.3 KiB mv=13.4 KiB (raw 28.1 KiB) res=24.9 KiB (raw 5.4 MiB) skip=23.2% mv0=9.0%
#0029 [P] psnrY=39.22 psnrRGB=n/a dssim=0.00564 enc=714.89 ms dec=141.58 ms size=38.7 KiB mv=13.4 KiB (raw 28.1 KiB) res=25.3 KiB (raw 5.5 MiB) skip=21.9% mv0=10.5%
#0030 [I] psnrY=48.17 psnrRGB=n/a dssim=0.00046 enc=53.93 ms dec=15.89 ms size=231.3 KiB mv=0 B (raw 0 B) res=231.3 KiB (raw -) skip=0.0% mv0=0.0%
#0031 [P] psnrY=38.36 psnrRGB=n/a dssim=0.00671 enc=718.32 ms dec=182.16 ms size=58.1 KiB mv=15.5 KiB (raw 28.1 KiB) res=42.6 KiB (raw 5.3 MiB) skip=24.5% mv0=9.9%
#0032 [P] psnrY=39.33 psnrRGB=n/a dssim=0.00517 enc=704.86 ms dec=139.95 ms size=39.7 KiB mv=14.5 KiB (raw 28.1 KiB) res=25.2 KiB (raw 5.0 MiB) skip=29.6% mv0=7.8%
#0033 [P] psnrY=39.07 psnrRGB=n/a dssim=0.00506 enc=730.43 ms dec=166.68 ms size=41.0 KiB mv=14.1 KiB (raw 28.1 KiB) res=27.0 KiB (raw 5.1 MiB) skip=27.4% mv0=9.1%
#0034 [P] psnrY=39.43 psnrRGB=n/a dssim=0.00518 enc=710.86 ms dec=152.10 ms size=37.4 KiB mv=13.6 KiB (raw 28.1 KiB) res=23.8 KiB (raw 4.8 MiB) skip=31.7% mv0=12.6%
#0035 [P] psnrY=39.16 psnrRGB=n/a dssim=0.00577 enc=879.14 ms dec=152.90 ms size=41.0 KiB mv=13.8 KiB (raw 28.1 KiB) res=27.2 KiB (raw 5.2 MiB) skip=26.7% mv0=13.6%
#0036 [P] psnrY=37.99 psnrRGB=n/a dssim=0.00813 enc=861.97 ms dec=151.09 ms size=60.1 KiB mv=15.1 KiB (raw 28.1 KiB) res=45.0 KiB (raw 6.0 MiB) skip=14.7% mv0=9.1%
#0037 [P] psnrY=39.10 psnrRGB=n/a dssim=0.00618 enc=832.23 ms dec=143.03 ms size=42.7 KiB mv=14.3 KiB (raw 28.1 KiB) res=28.4 KiB (raw 5.5 MiB) skip=21.9% mv0=8.6%
#0038 [P] psnrY=39.28 psnrRGB=n/a dssim=0.00569 enc=790.52 ms dec=147.55 ms size=42.3 KiB mv=13.8 KiB (raw 28.1 KiB) res=28.5 KiB (raw 5.5 MiB) skip=21.9% mv0=10.6%
#0039 [P] psnrY=39.26 psnrRGB=n/a dssim=0.00581 enc=831.47 ms dec=145.23 ms size=42.5 KiB mv=13.8 KiB (raw 28.1 KiB) res=28.6 KiB (raw 5.5 MiB) skip=21.9% mv0=10.3%
#0040 [P] psnrY=39.20 psnrRGB=n/a dssim=0.00573 enc=918.10 ms dec=166.33 ms size=40.6 KiB mv=13.7 KiB (raw 28.1 KiB) res=27.0 KiB (raw 5.3 MiB) skip=24.4% mv0=10.8%
#0041 [P] psnrY=38.74 psnrRGB=n/a dssim=0.00685 enc=799.77 ms dec=152.04 ms size=60.3 KiB mv=14.6 KiB (raw 28.1 KiB) res=45.7 KiB (raw 6.1 MiB) skip=12.8% mv0=11.2%
#0042 [P] psnrY=39.21 psnrRGB=n/a dssim=0.00621 enc=719.09 ms dec=159.51 ms size=38.1 KiB mv=14.0 KiB (raw 28.1 KiB) res=24.1 KiB (raw 5.4 MiB) skip=23.5% mv0=8.0%
#0043 [P] psnrY=39.26 psnrRGB=n/a dssim=0.00581 enc=720.45 ms dec=139.45 ms size=34.9 KiB mv=13.5 KiB (raw 28.1 KiB) res=21.4 KiB (raw 5.1 MiB) skip=27.9% mv0=10.5%
#0044 [P] psnrY=39.52 psnrRGB=n/a dssim=0.00555 enc=701.40 ms dec=189.45 ms size=33.9 KiB mv=13.4 KiB (raw 28.1 KiB) res=20.5 KiB (raw 5.1 MiB) skip=28.1% mv0=11.1%
#0045 [P] psnrY=39.51 psnrRGB=n/a dssim=0.00531 enc=731.29 ms dec=163.73 ms size=34.6 KiB mv=13.5 KiB (raw 28.1 KiB) res=21.2 KiB (raw 5.0 MiB) skip=28.6% mv0=11.0%
#0046 [P] psnrY=38.18 psnrRGB=n/a dssim=0.00932 enc=773.25 ms dec=195.50 ms size=104.1 KiB mv=15.7 KiB (raw 28.1 KiB) res=88.4 KiB (raw 7.0 MiB) skip=0.7% mv0=8.9%
#0047 [P] psnrY=39.55 psnrRGB=n/a dssim=0.00656 enc=748.17 ms dec=150.40 ms size=25.1 KiB mv=14.8 KiB (raw 28.1 KiB) res=10.3 KiB (raw 3.6 MiB) skip=48.8% mv0=10.2%
#0048 [P] psnrY=40.15 psnrRGB=n/a dssim=0.00547 enc=769.13 ms dec=150.31 ms size=23.9 KiB mv=14.0 KiB (raw 28.1 KiB) res=9.9 KiB (raw 3.5 MiB) skip=50.5% mv0=13.5%
#0049 [P] psnrY=40.30 psnrRGB=n/a dssim=0.00519 enc=749.19 ms dec=131.84 ms size=27.8 KiB mv=14.4 KiB (raw 28.1 KiB) res=13.4 KiB (raw 3.6 MiB) skip=48.2% mv0=9.7%
#0050 [P] psnrY=40.57 psnrRGB=n/a dssim=0.00488 enc=731.54 ms dec=143.64 ms size=24.9 KiB mv=14.1 KiB (raw 28.1 KiB) res=10.8 KiB (raw 3.7 MiB) skip=47.3% mv0=11.6%
#0051 [P] psnrY=40.59 psnrRGB=n/a dssim=0.00478 enc=846.04 ms dec=124.37 ms size=24.7 KiB mv=13.9 KiB (raw 28.1 KiB) res=10.8 KiB (raw 3.6 MiB) skip=48.9% mv0=14.9%
#0052 [P] psnrY=40.51 psnrRGB=n/a dssim=0.00483 enc=732.01 ms dec=152.01 ms size=25.9 KiB mv=14.0 KiB (raw 28.1 KiB) res=11.9 KiB (raw 3.8 MiB) skip=45.6% mv0=14.6%
#0053 [P] psnrY=40.69 psnrRGB=n/a dssim=0.00464 enc=712.85 ms dec=140.50 ms size=25.0 KiB mv=14.0 KiB (raw 28.1 KiB) res=11.0 KiB (raw 3.6 MiB) skip=49.0% mv0=14.9%
#0054 [P] psnrY=40.59 psnrRGB=n/a dssim=0.00473 enc=733.88 ms dec=143.78 ms size=28.9 KiB mv=14.4 KiB (raw 28.1 KiB) res=14.5 KiB (raw 3.9 MiB) skip=45.1% mv0=11.9%
#0055 [P] psnrY=40.57 psnrRGB=n/a dssim=0.00477 enc=751.63 ms dec=129.02 ms size=26.6 KiB mv=14.3 KiB (raw 28.1 KiB) res=12.2 KiB (raw 3.6 MiB) skip=48.1% mv0=12.0%
#0056 [P] psnrY=40.57 psnrRGB=n/a dssim=0.00476 enc=714.28 ms dec=149.24 ms size=25.6 KiB mv=14.1 KiB (raw 28.1 KiB) res=11.5 KiB (raw 3.6 MiB) skip=48.3% mv0=15.1%
#0057 [P] psnrY=40.64 psnrRGB=n/a dssim=0.00480 enc=716.14 ms dec=183.36 ms size=25.7 KiB mv=14.1 KiB (raw 28.1 KiB) res=11.6 KiB (raw 3.6 MiB) skip=48.2% mv0=14.2%
#0058 [P] psnrY=40.55 psnrRGB=n/a dssim=0.00475 enc=707.04 ms dec=142.27 ms size=25.8 KiB mv=14.0 KiB (raw 28.1 KiB) res=11.7 KiB (raw 3.6 MiB) skip=48.1% mv0=16.0%
#0059 [P] psnrY=40.50 psnrRGB=n/a dssim=0.00505 enc=707.86 ms dec=132.98 ms size=28.9 KiB mv=14.4 KiB (raw 28.1 KiB) res=14.6 KiB (raw 3.8 MiB) skip=46.4% mv0=12.6%
