ri-quality report
Input: ./peng.mp4
Frames processed: 60 (limit: 60), resolution: 1920x1280 @ 25 fps
Settings: intra=85 inter=80 search=12 skip=12 y-only=true per-frame=true lambda_mult=0.49
Encoded size: 3.4 MiB (3524059 bytes, 58734.32 bytes/frame, 0.191 bpp)
File skip rate: 25.89% blocks (149139 / 576000) — these motion-predicted blocks quantized to zero residual, so no residual bytes were stored for them

=== Quality Metrics ===
  PSNR-Y mean: 40.48 dB
  PSNR-RGB mean: n/a dB
  DSSIM mean: 0.00448

=== Performance ===
  Predecode (ffmpeg): total 734.1 ms
  Encode: total 5046.7 ms (I 63.1 ms / P 4983.6 ms) | 11.89 fps
  Decode: total 2990.1 ms (I 21.6 ms / P 2968.4 ms) | 20.07 fps

=== Efficiency Metrics ===
  Bytes × DSSIM: 15787
  Bytes per PSNR-Y dB: 87067.41
  Bytes per PSNR-RGB dB: n/a
  Encode quality throughput (dB·fps): 481.21
  Decode quality throughput (dB·fps): 812.19

=== Data Breakdown ===
  Motion vectors: raw 1.9 MiB -> compressed 749.0 KiB (ratio 2.64:1), 21.8% of file
  Residuals total: 2.6 MiB (78.2% of file)
    I-frame JPEG: 451.6 KiB (13.1% of file)
    P-frame residual: 2.2 MiB (65.1% of file)
    Residual raw 298.6 MiB -> compressed 2.2 MiB (ratio 136.51:1)

=== Block Stats ===
  Skip rate: 25.89% (149139 / 576000)
  MV zero-delta: 23.81% (137165 / 576000)

=== Motion-Vector Diagnostics ===
  Mode split: Zero 1.3% (7029 blocks) | Nearest 7.1% (39545 blocks) | Near 3.9% (21588 blocks) | TopR 1.8% (10225 blocks) | TopL 1.6% (9112 blocks) | New 82.2% (457430 blocks) | Temporal 2.1% (11871 blocks)
  Predictor richness: avg 4.57 unique/block (min 1 max 5)
  MV exact-match source (non-zero): Left 7.2% (39388) | Top 3.7% (20213) | TopR 2.0% (11238) | TopL 1.7% (9236) | Temporal 2.2% (12266) | None 83.2% (457430)
  MV exact-match (non-zero): spatial-any 14.6% | temporal-any 3.4%
  NEW zero share: pre 8.3% → post 8.3% | axis-zero X 16.8% Y 15.5%
  NEW base selector: Nearest 72.5% (331726) | Near 18.6% (84973) | TopR 3.9% (17713) | TopL 0.8% (3820) | Temporal 4.2% (19198)
  NEW best ref (ideal int-L1): Nearest 40.2% (183717) | Near 20.0% (91666) | TopR 12.0% (54723) | TopL 9.4% (42883) | Temporal 18.5% (84441)
  NEW best-ref L1 saved: avg 1.771px per NEW block
  NEW delta magnitude: mean 3.89px, stddev 4.04px (457430 blocks)
  Magnitude classes (per-axis): C0:32.3% | C1:27.8% | C2:20.4% | C3:12.4% | C4:6.3% | C5:0.8%
  Bias (Δx, Δy): avg (0.0, 0.0) | dx range 0..0 | dy range 0..0

=== Per-frame breakdown ===
#0000 [I] psnrY=48.66 psnrRGB=n/a dssim=0.00042 enc=34.85 ms dec=10.64 ms size=220.3 KiB mv=0 B (raw 0 B) res=220.3 KiB (raw -) skip=0.0% mv0=0.0% cand=- new0=- bias=(0,0) modes=-
#0001 [P] psnrY=41.88 psnrRGB=n/a dssim=0.00251 enc=103.92 ms dec=43.56 ms size=43.5 KiB mv=12.0 KiB (raw 33.7 KiB) res=31.5 KiB (raw 3.5 MiB) skip=50.2% mv0=30.4% cand=3.60 new0=12.5%→12.5% bias=(0,0) modes=Z2%/Nr9%/Na5%/TR2%/TL2%/Nw80%/T0%
#0002 [P] psnrY=41.39 psnrRGB=n/a dssim=0.00306 enc=84.33 ms dec=43.94 ms size=37.6 KiB mv=12.4 KiB (raw 33.7 KiB) res=25.2 KiB (raw 4.0 MiB) skip=43.5% mv0=30.5% cand=4.58 new0=12.8%→12.8% bias=(0,0) modes=Z3%/Nr8%/Na5%/TR2%/TL2%/Nw80%/T0%
#0003 [P] psnrY=40.98 psnrRGB=n/a dssim=0.00335 enc=86.61 ms dec=44.45 ms size=38.6 KiB mv=12.7 KiB (raw 33.9 KiB) res=26.0 KiB (raw 4.4 MiB) skip=37.1% mv0=30.0% cand=4.60 new0=13.4%→13.4% bias=(0,0) modes=Z2%/Nr7%/Na4%/TR2%/TL2%/Nw81%/T2%
#0004 [P] psnrY=40.86 psnrRGB=n/a dssim=0.00361 enc=84.63 ms dec=44.94 ms size=40.8 KiB mv=12.9 KiB (raw 34.3 KiB) res=27.9 KiB (raw 4.6 MiB) skip=35.0% mv0=26.2% cand=4.65 new0=10.8%→10.8% bias=(0,0) modes=Z2%/Nr6%/Na4%/TR2%/TL2%/Nw83%/T1%
#0005 [P] psnrY=40.51 psnrRGB=n/a dssim=0.00386 enc=87.69 ms dec=51.36 ms size=46.7 KiB mv=13.3 KiB (raw 34.8 KiB) res=33.4 KiB (raw 4.8 MiB) skip=31.1% mv0=21.4% cand=4.68 new0=8.1%→8.1% bias=(0,0) modes=Z2%/Nr5%/Na3%/TR2%/TL2%/Nw86%/T1%
#0006 [P] psnrY=39.64 psnrRGB=n/a dssim=0.00486 enc=93.23 ms dec=55.83 ms size=74.5 KiB mv=13.4 KiB (raw 34.4 KiB) res=61.1 KiB (raw 6.3 MiB) skip=10.6% mv0=21.5% cand=4.61 new0=5.8%→5.8% bias=(0,0) modes=Z1%/Nr9%/Na3%/TR1%/TL1%/Nw83%/T1%
#0007 [P] psnrY=39.77 psnrRGB=n/a dssim=0.00482 enc=92.14 ms dec=51.87 ms size=57.7 KiB mv=13.0 KiB (raw 34.3 KiB) res=44.7 KiB (raw 5.7 MiB) skip=18.8% mv0=22.5% cand=4.62 new0=6.5%→6.5% bias=(0,0) modes=Z1%/Nr7%/Na4%/TR2%/TL1%/Nw83%/T2%
#0008 [P] psnrY=39.73 psnrRGB=n/a dssim=0.00500 enc=95.48 ms dec=52.87 ms size=59.3 KiB mv=12.7 KiB (raw 33.7 KiB) res=46.6 KiB (raw 5.9 MiB) skip=16.6% mv0=26.4% cand=4.52 new0=7.4%→7.4% bias=(0,0) modes=Z1%/Nr9%/Na4%/TR2%/TL2%/Nw80%/T3%
#0009 [P] psnrY=39.82 psnrRGB=n/a dssim=0.00517 enc=89.23 ms dec=55.11 ms size=56.6 KiB mv=12.9 KiB (raw 33.9 KiB) res=43.7 KiB (raw 5.8 MiB) skip=17.9% mv0=23.7% cand=4.55 new0=5.8%→5.8% bias=(0,0) modes=Z1%/Nr9%/Na4%/TR2%/TL2%/Nw81%/T2%
#0010 [P] psnrY=39.78 psnrRGB=n/a dssim=0.00498 enc=88.93 ms dec=52.06 ms size=56.1 KiB mv=12.8 KiB (raw 34.0 KiB) res=43.3 KiB (raw 5.7 MiB) skip=18.5% mv0=24.2% cand=4.58 new0=7.0%→7.0% bias=(0,0) modes=Z1%/Nr8%/Na4%/TR2%/TL2%/Nw82%/T3%
#0011 [P] psnrY=39.45 psnrRGB=n/a dssim=0.00532 enc=88.19 ms dec=55.44 ms size=69.8 KiB mv=13.3 KiB (raw 34.1 KiB) res=56.5 KiB (raw 6.0 MiB) skip=14.7% mv0=23.0% cand=4.56 new0=6.1%→6.1% bias=(0,0) modes=Z1%/Nr8%/Na4%/TR2%/TL1%/Nw82%/T2%
#0012 [P] psnrY=39.71 psnrRGB=n/a dssim=0.00498 enc=86.13 ms dec=52.18 ms size=52.2 KiB mv=12.8 KiB (raw 34.2 KiB) res=39.3 KiB (raw 5.5 MiB) skip=22.4% mv0=24.2% cand=4.61 new0=8.0%→8.0% bias=(0,0) modes=Z1%/Nr7%/Na4%/TR2%/TL2%/Nw82%/T2%
#0013 [P] psnrY=39.89 psnrRGB=n/a dssim=0.00466 enc=90.78 ms dec=53.19 ms size=47.6 KiB mv=12.6 KiB (raw 33.9 KiB) res=35.0 KiB (raw 5.3 MiB) skip=24.2% mv0=25.8% cand=4.59 new0=8.3%→8.3% bias=(0,0) modes=Z1%/Nr6%/Na5%/TR2%/TL2%/Nw81%/T2%
#0014 [P] psnrY=40.03 psnrRGB=n/a dssim=0.00456 enc=88.42 ms dec=50.26 ms size=46.8 KiB mv=12.9 KiB (raw 34.3 KiB) res=33.9 KiB (raw 5.1 MiB) skip=27.8% mv0=24.1% cand=4.65 new0=8.4%→8.4% bias=(0,0) modes=Z1%/Nr6%/Na4%/TR2%/TL2%/Nw83%/T2%
#0015 [P] psnrY=40.07 psnrRGB=n/a dssim=0.00445 enc=88.82 ms dec=50.78 ms size=48.5 KiB mv=13.1 KiB (raw 34.6 KiB) res=35.3 KiB (raw 5.0 MiB) skip=28.6% mv0=21.8% cand=4.66 new0=7.2%→7.2% bias=(0,0) modes=Z1%/Nr6%/Na4%/TR2%/TL1%/Nw84%/T2%
#0016 [P] psnrY=39.55 psnrRGB=n/a dssim=0.00504 enc=93.36 ms dec=54.60 ms size=68.2 KiB mv=13.6 KiB (raw 34.8 KiB) res=54.5 KiB (raw 5.9 MiB) skip=15.9% mv0=18.8% cand=4.68 new0=5.4%→5.4% bias=(0,0) modes=Z1%/Nr7%/Na3%/TR2%/TL1%/Nw86%/T1%
#0017 [P] psnrY=39.83 psnrRGB=n/a dssim=0.00476 enc=88.07 ms dec=50.89 ms size=50.3 KiB mv=12.9 KiB (raw 34.8 KiB) res=37.4 KiB (raw 5.3 MiB) skip=24.3% mv0=20.9% cand=4.68 new0=7.7%→7.7% bias=(0,0) modes=Z1%/Nr5%/Na4%/TR2%/TL2%/Nw86%/T1%
#0018 [P] psnrY=39.90 psnrRGB=n/a dssim=0.00463 enc=84.49 ms dec=51.66 ms size=52.3 KiB mv=13.0 KiB (raw 34.8 KiB) res=39.3 KiB (raw 5.3 MiB) skip=24.7% mv0=20.3% cand=4.69 new0=7.1%→7.1% bias=(0,0) modes=Z1%/Nr5%/Na3%/TR2%/TL2%/Nw86%/T2%
#0019 [P] psnrY=39.92 psnrRGB=n/a dssim=0.00471 enc=89.66 ms dec=52.95 ms size=53.2 KiB mv=13.3 KiB (raw 34.9 KiB) res=39.9 KiB (raw 5.6 MiB) skip=20.6% mv0=19.2% cand=4.70 new0=6.2%→6.2% bias=(0,0) modes=Z1%/Nr6%/Na3%/TR2%/TL2%/Nw86%/T1%
#0020 [P] psnrY=39.80 psnrRGB=n/a dssim=0.00468 enc=85.30 ms dec=54.28 ms size=53.8 KiB mv=13.1 KiB (raw 34.7 KiB) res=40.7 KiB (raw 5.6 MiB) skip=19.9% mv0=20.6% cand=4.68 new0=6.8%→6.8% bias=(0,0) modes=Z1%/Nr6%/Na3%/TR2%/TL2%/Nw85%/T2%
#0021 [P] psnrY=39.40 psnrRGB=n/a dssim=0.00559 enc=88.13 ms dec=57.10 ms size=78.0 KiB mv=13.6 KiB (raw 34.5 KiB) res=64.4 KiB (raw 6.3 MiB) skip=9.8% mv0=20.2% cand=4.62 new0=4.9%→4.9% bias=(0,0) modes=Z1%/Nr8%/Na3%/TR2%/TL1%/Nw84%/T1%
#0022 [P] psnrY=39.78 psnrRGB=n/a dssim=0.00524 enc=87.03 ms dec=54.11 ms size=54.0 KiB mv=13.1 KiB (raw 34.6 KiB) res=40.9 KiB (raw 5.7 MiB) skip=19.5% mv0=21.4% cand=4.66 new0=7.2%→7.2% bias=(0,0) modes=Z1%/Nr6%/Na4%/TR2%/TL1%/Nw85%/T1%
#0023 [P] psnrY=39.81 psnrRGB=n/a dssim=0.00495 enc=85.25 ms dec=53.53 ms size=52.7 KiB mv=12.5 KiB (raw 34.2 KiB) res=40.2 KiB (raw 5.5 MiB) skip=21.2% mv0=23.8% cand=4.59 new0=7.2%→7.2% bias=(0,0) modes=Z1%/Nr7%/Na4%/TR2%/TL2%/Nw82%/T2%
#0024 [P] psnrY=39.96 psnrRGB=n/a dssim=0.00492 enc=88.68 ms dec=54.18 ms size=51.7 KiB mv=12.8 KiB (raw 34.2 KiB) res=38.9 KiB (raw 5.5 MiB) skip=22.5% mv0=23.1% cand=4.59 new0=6.8%→6.8% bias=(0,0) modes=Z1%/Nr7%/Na4%/TR2%/TL2%/Nw83%/T2%
#0025 [P] psnrY=39.86 psnrRGB=n/a dssim=0.00475 enc=90.27 ms dec=51.57 ms size=52.5 KiB mv=12.8 KiB (raw 34.5 KiB) res=39.6 KiB (raw 5.4 MiB) skip=22.6% mv0=22.0% cand=4.64 new0=7.0%→7.0% bias=(0,0) modes=Z1%/Nr6%/Na4%/TR2%/TL2%/Nw84%/T3%
#0026 [P] psnrY=39.50 psnrRGB=n/a dssim=0.00490 enc=89.97 ms dec=53.29 ms size=68.3 KiB mv=13.5 KiB (raw 34.8 KiB) res=54.8 KiB (raw 5.8 MiB) skip=17.6% mv0=19.2% cand=4.66 new0=5.5%→5.5% bias=(0,0) modes=Z1%/Nr6%/Na3%/TR1%/TL2%/Nw85%/T1%
#0027 [P] psnrY=39.75 psnrRGB=n/a dssim=0.00473 enc=88.94 ms dec=51.94 ms size=51.5 KiB mv=13.1 KiB (raw 35.0 KiB) res=38.4 KiB (raw 5.4 MiB) skip=23.1% mv0=18.8% cand=4.71 new0=6.2%→6.2% bias=(0,0) modes=Z1%/Nr5%/Na3%/TR2%/TL2%/Nw87%/T1%
#0028 [P] psnrY=39.78 psnrRGB=n/a dssim=0.00462 enc=85.96 ms dec=51.31 ms size=51.5 KiB mv=12.9 KiB (raw 34.6 KiB) res=38.6 KiB (raw 5.4 MiB) skip=23.5% mv0=20.5% cand=4.67 new0=6.2%→6.2% bias=(0,0) modes=Z1%/Nr6%/Na4%/TR2%/TL2%/Nw85%/T2%
#0029 [P] psnrY=39.78 psnrRGB=n/a dssim=0.00475 enc=88.21 ms dec=51.93 ms size=52.2 KiB mv=12.8 KiB (raw 34.5 KiB) res=39.3 KiB (raw 5.5 MiB) skip=21.3% mv0=21.9% cand=4.65 new0=6.8%→6.8% bias=(0,0) modes=Z1%/Nr6%/Na4%/TR2%/TL2%/Nw84%/T1%
#0030 [I] psnrY=48.17 psnrRGB=n/a dssim=0.00046 enc=28.28 ms dec=11.00 ms size=231.3 KiB mv=0 B (raw 0 B) res=231.3 KiB (raw -) skip=0.0% mv0=0.0% cand=- new0=- bias=(0,0) modes=-
#0031 [P] psnrY=40.35 psnrRGB=n/a dssim=0.00418 enc=94.83 ms dec=54.98 ms size=73.1 KiB mv=13.4 KiB (raw 34.4 KiB) res=59.7 KiB (raw 6.2 MiB) skip=11.8% mv0=22.1% cand=3.62 new0=6.8%→6.8% bias=(0,0) modes=Z1%/Nr10%/Na4%/TR1%/TL1%/Nw84%/T0%
#0032 [P] psnrY=40.29 psnrRGB=n/a dssim=0.00418 enc=86.05 ms dec=49.73 ms size=52.9 KiB mv=13.6 KiB (raw 35.2 KiB) res=39.3 KiB (raw 5.3 MiB) skip=25.1% mv0=18.6% cand=4.73 new0=7.2%→7.2% bias=(0,0) modes=Z1%/Nr5%/Na3%/TR1%/TL1%/Nw88%/T1%
#0033 [P] psnrY=39.96 psnrRGB=n/a dssim=0.00428 enc=88.59 ms dec=56.21 ms size=55.0 KiB mv=13.4 KiB (raw 34.9 KiB) res=41.6 KiB (raw 5.5 MiB) skip=22.4% mv0=20.5% cand=4.69 new0=7.6%→7.6% bias=(0,0) modes=Z1%/Nr5%/Na3%/TR1%/TL1%/Nw86%/T2%
#0034 [P] psnrY=40.08 psnrRGB=n/a dssim=0.00440 enc=84.66 ms dec=52.23 ms size=50.4 KiB mv=12.6 KiB (raw 33.9 KiB) res=37.8 KiB (raw 5.2 MiB) skip=25.9% mv0=26.0% cand=4.57 new0=8.2%→8.2% bias=(0,0) modes=Z1%/Nr8%/Na4%/TR2%/TL2%/Nw81%/T2%
#0035 [P] psnrY=39.97 psnrRGB=n/a dssim=0.00464 enc=84.34 ms dec=55.41 ms size=54.0 KiB mv=12.4 KiB (raw 33.6 KiB) res=41.6 KiB (raw 5.6 MiB) skip=20.8% mv0=27.6% cand=4.51 new0=8.4%→8.4% bias=(0,0) modes=Z1%/Nr9%/Na4%/TR2%/TL2%/Nw79%/T2%
#0036 [P] psnrY=39.45 psnrRGB=n/a dssim=0.00529 enc=91.26 ms dec=58.38 ms size=76.8 KiB mv=13.4 KiB (raw 34.3 KiB) res=63.4 KiB (raw 6.5 MiB) skip=8.1% mv0=21.9% cand=4.59 new0=5.7%→5.7% bias=(0,0) modes=Z1%/Nr8%/Na3%/TR1%/TL1%/Nw83%/T2%
#0037 [P] psnrY=39.69 psnrRGB=n/a dssim=0.00506 enc=85.21 ms dec=53.33 ms size=57.1 KiB mv=13.1 KiB (raw 34.8 KiB) res=43.9 KiB (raw 5.7 MiB) skip=18.8% mv0=20.1% cand=4.67 new0=6.4%→6.4% bias=(0,0) modes=Z1%/Nr6%/Na3%/TR2%/TL2%/Nw85%/T2%
#0038 [P] psnrY=39.79 psnrRGB=n/a dssim=0.00487 enc=84.07 ms dec=56.54 ms size=55.9 KiB mv=12.8 KiB (raw 34.1 KiB) res=43.1 KiB (raw 5.7 MiB) skip=19.3% mv0=23.3% cand=4.58 new0=6.6%→6.6% bias=(0,0) modes=Z1%/Nr7%/Na4%/TR2%/TL2%/Nw82%/T2%
#0039 [P] psnrY=39.75 psnrRGB=n/a dssim=0.00489 enc=85.29 ms dec=55.49 ms size=56.5 KiB mv=12.9 KiB (raw 34.4 KiB) res=43.5 KiB (raw 5.7 MiB) skip=18.8% mv0=22.1% cand=4.60 new0=6.5%→6.5% bias=(0,0) modes=Z1%/Nr6%/Na4%/TR2%/TL2%/Nw83%/T2%
#0040 [P] psnrY=39.77 psnrRGB=n/a dssim=0.00468 enc=82.02 ms dec=57.30 ms size=54.5 KiB mv=12.8 KiB (raw 34.4 KiB) res=41.6 KiB (raw 5.5 MiB) skip=21.7% mv0=22.6% cand=4.61 new0=7.2%→7.2% bias=(0,0) modes=Z1%/Nr6%/Na4%/TR2%/TL2%/Nw83%/T2%
#0041 [P] psnrY=39.34 psnrRGB=n/a dssim=0.00547 enc=90.68 ms dec=58.49 ms size=76.6 KiB mv=12.8 KiB (raw 33.7 KiB) res=63.8 KiB (raw 6.3 MiB) skip=11.0% mv0=24.5% cand=4.51 new0=5.1%→5.1% bias=(0,0) modes=Z1%/Nr11%/Na5%/TR2%/TL1%/Nw80%/T1%
#0042 [P] psnrY=39.73 psnrRGB=n/a dssim=0.00504 enc=86.19 ms dec=59.40 ms size=52.9 KiB mv=13.0 KiB (raw 34.8 KiB) res=39.9 KiB (raw 5.6 MiB) skip=20.3% mv0=19.6% cand=4.68 new0=6.1%→6.1% bias=(0,0) modes=Z1%/Nr5%/Na3%/TR2%/TL2%/Nw86%/T1%
#0043 [P] psnrY=39.94 psnrRGB=n/a dssim=0.00470 enc=82.88 ms dec=51.86 ms size=48.1 KiB mv=12.7 KiB (raw 34.5 KiB) res=35.4 KiB (raw 5.4 MiB) skip=23.8% mv0=22.8% cand=4.64 new0=8.2%→8.2% bias=(0,0) modes=Z1%/Nr6%/Na4%/TR2%/TL2%/Nw84%/T2%
#0044 [P] psnrY=40.06 psnrRGB=n/a dssim=0.00457 enc=82.09 ms dec=54.43 ms size=45.4 KiB mv=12.5 KiB (raw 34.2 KiB) res=32.9 KiB (raw 5.1 MiB) skip=27.2% mv0=24.4% cand=4.62 new0=8.1%→8.1% bias=(0,0) modes=Z1%/Nr7%/Na4%/TR2%/TL2%/Nw82%/T2%
#0045 [P] psnrY=40.08 psnrRGB=n/a dssim=0.00441 enc=81.70 ms dec=50.01 ms size=45.8 KiB mv=12.5 KiB (raw 34.3 KiB) res=33.3 KiB (raw 5.1 MiB) skip=27.9% mv0=24.2% cand=4.63 new0=8.6%→8.6% bias=(0,0) modes=Z1%/Nr7%/Na4%/TR2%/TL2%/Nw83%/T2%
#0046 [P] psnrY=38.68 psnrRGB=n/a dssim=0.00779 enc=95.99 ms dec=61.01 ms size=124.7 KiB mv=13.0 KiB (raw 33.6 KiB) res=111.7 KiB (raw 7.0 MiB) skip=0.0% mv0=25.4% cand=4.49 new0=5.5%→5.5% bias=(0,0) modes=Z1%/Nr13%/Na4%/TR2%/TL1%/Nw79%/T0%
#0047 [P] psnrY=39.87 psnrRGB=n/a dssim=0.00580 enc=80.16 ms dec=48.58 ms size=38.3 KiB mv=13.1 KiB (raw 34.2 KiB) res=25.2 KiB (raw 4.9 MiB) skip=30.7% mv0=24.4% cand=4.62 new0=8.5%→8.5% bias=(0,0) modes=Z1%/Nr7%/Na4%/TR2%/TL2%/Nw83%/T1%
#0048 [P] psnrY=40.56 psnrRGB=n/a dssim=0.00483 enc=80.15 ms dec=44.74 ms size=32.7 KiB mv=12.8 KiB (raw 33.5 KiB) res=19.9 KiB (raw 4.0 MiB) skip=42.8% mv0=28.1% cand=4.53 new0=8.8%→8.8% bias=(0,0) modes=Z1%/Nr7%/Na5%/TR2%/TL2%/Nw79%/T4%
#0049 [P] psnrY=40.82 psnrRGB=n/a dssim=0.00452 enc=77.37 ms dec=45.45 ms size=37.5 KiB mv=13.2 KiB (raw 34.2 KiB) res=24.3 KiB (raw 4.1 MiB) skip=41.7% mv0=25.3% cand=4.64 new0=9.4%→9.4% bias=(0,0) modes=Z1%/Nr6%/Na4%/TR2%/TL2%/Nw82%/T3%
#0050 [P] psnrY=41.08 psnrRGB=n/a dssim=0.00427 enc=77.61 ms dec=43.81 ms size=32.7 KiB mv=12.9 KiB (raw 33.9 KiB) res=19.7 KiB (raw 4.0 MiB) skip=43.6% mv0=27.8% cand=4.62 new0=10.6%→10.6% bias=(0,0) modes=Z2%/Nr6%/Na4%/TR2%/TL2%/Nw81%/T3%
#0051 [P] psnrY=41.26 psnrRGB=n/a dssim=0.00406 enc=75.63 ms dec=43.99 ms size=32.0 KiB mv=12.5 KiB (raw 33.0 KiB) res=19.4 KiB (raw 3.9 MiB) skip=44.8% mv0=32.9% cand=4.48 new0=11.9%→11.9% bias=(0,0) modes=Z2%/Nr8%/Na5%/TR2%/TL2%/Nw76%/T5%
#0052 [P] psnrY=41.23 psnrRGB=n/a dssim=0.00409 enc=79.35 ms dec=43.31 ms size=33.0 KiB mv=12.6 KiB (raw 33.0 KiB) res=20.4 KiB (raw 4.0 MiB) skip=43.0% mv0=32.5% cand=4.50 new0=11.4%→11.4% bias=(0,0) modes=Z2%/Nr8%/Na4%/TR2%/TL2%/Nw76%/T6%
#0053 [P] psnrY=41.40 psnrRGB=n/a dssim=0.00397 enc=81.36 ms dec=46.74 ms size=31.1 KiB mv=12.4 KiB (raw 32.9 KiB) res=18.6 KiB (raw 3.7 MiB) skip=47.4% mv0=34.5% cand=4.49 new0=13.4%→13.4% bias=(0,0) modes=Z2%/Nr8%/Na5%/TR2%/TL2%/Nw76%/T5%
#0054 [P] psnrY=41.28 psnrRGB=n/a dssim=0.00408 enc=79.14 ms dec=44.92 ms size=37.4 KiB mv=13.1 KiB (raw 33.8 KiB) res=24.3 KiB (raw 4.0 MiB) skip=43.0% mv0=29.8% cand=4.61 new0=12.7%→12.7% bias=(0,0) modes=Z2%/Nr7%/Na4%/TR2%/TL2%/Nw80%/T3%
#0055 [P] psnrY=41.36 psnrRGB=n/a dssim=0.00404 enc=81.93 ms dec=48.47 ms size=33.6 KiB mv=12.8 KiB (raw 33.6 KiB) res=20.8 KiB (raw 3.8 MiB) skip=46.6% mv0=31.0% cand=4.59 new0=12.8%→12.8% bias=(0,0) modes=Z2%/Nr7%/Na4%/TR2%/TL2%/Nw79%/T3%
#0056 [P] psnrY=41.44 psnrRGB=n/a dssim=0.00402 enc=79.74 ms dec=43.01 ms size=32.6 KiB mv=12.6 KiB (raw 33.1 KiB) res=20.0 KiB (raw 3.8 MiB) skip=46.5% mv0=33.7% cand=4.52 new0=13.4%→13.4% bias=(0,0) modes=Z2%/Nr8%/Na5%/TR2%/TL2%/Nw77%/T5%
#0057 [P] psnrY=41.50 psnrRGB=n/a dssim=0.00407 enc=74.35 ms dec=42.86 ms size=32.6 KiB mv=12.8 KiB (raw 33.3 KiB) res=19.8 KiB (raw 3.8 MiB) skip=45.9% mv0=32.4% cand=4.54 new0=13.0%→13.0% bias=(0,0) modes=Z2%/Nr8%/Na4%/TR2%/TL2%/Nw78%/T4%
#0058 [P] psnrY=41.47 psnrRGB=n/a dssim=0.00403 enc=73.88 ms dec=42.25 ms size=32.7 KiB mv=12.6 KiB (raw 33.0 KiB) res=20.1 KiB (raw 3.8 MiB) skip=46.4% mv0=34.3% cand=4.50 new0=13.9%→13.9% bias=(0,0) modes=Z2%/Nr8%/Na4%/TR2%/TL2%/Nw76%/T6%
#0059 [P] psnrY=41.38 psnrRGB=n/a dssim=0.00422 enc=75.17 ms dec=44.32 ms size=37.2 KiB mv=12.9 KiB (raw 33.6 KiB) res=24.2 KiB (raw 3.9 MiB) skip=44.8% mv0=30.4% cand=4.60 new0=12.0%→12.0% bias=(0,0) modes=Z2%/Nr7%/Na4%/TR2%/TL2%/Nw79%/T4%
