ri-quality report
Input: ./peng.mp4
Frames processed: 60 (limit: 60), resolution: 1920x1280 @ 25 fps
Settings: intra=85 inter=80 search=12 skip=12 y-only=true per-frame=true lambda_mult=0.49
Encoded size: 3.3 MiB (3418155 bytes, 56969.25 bytes/frame, 0.185 bpp)
File skip rate: 33.76% blocks (194486 / 576000) — these motion-predicted blocks quantized to zero residual, so no residual bytes were stored for them

=== Quality Metrics ===
  PSNR-Y mean: 40.60 dB
  PSNR-RGB mean: n/a dB
  DSSIM mean: 0.00422

=== Performance ===
  Predecode (ffmpeg): total 710.8 ms
  Encode: total 4873.7 ms (I 70.5 ms / P 4803.2 ms) | 12.31 fps
  Decode: total 2768.4 ms (I 25.1 ms / P 2743.3 ms) | 21.67 fps

=== Efficiency Metrics ===
  Bytes × DSSIM: 14441
  Bytes per PSNR-Y dB: 84193.78
  Bytes per PSNR-RGB dB: n/a
  Encode quality throughput (dB·fps): 499.81
  Decode quality throughput (dB·fps): 879.92

=== Data Breakdown ===
  Motion vectors: raw 1.9 MiB -> compressed 747.8 KiB (ratio 2.64:1), 22.4% of file
  Residuals total: 2.5 MiB (77.6% of file)
    I-frame JPEG: 451.6 KiB (13.5% of file)
    P-frame residual: 2.1 MiB (64.0% of file)
    Residual raw 265.4 MiB -> compressed 2.1 MiB (ratio 127.13:1)

=== Block Stats ===
  Skip rate: 33.76% (194486 / 576000)
  MV zero-delta: 26.15% (150640 / 576000)

=== Motion-Vector Diagnostics ===
  Mode split: Zero 2.2% (12481 blocks) | Nearest 7.2% (39946 blocks) | Near 3.8% (21022 blocks) | TopR 1.8% (9821 blocks) | TopL 1.5% (8510 blocks) | New 81.5% (453739 blocks) | Temporal 2.0% (11281 blocks)
  Predictor richness: avg 4.57 unique/block (min 1 max 5)
  MV exact-match source (non-zero): Left 7.3% (39798) | Top 3.6% (19726) | TopR 2.0% (10773) | TopL 1.6% (8635) | Temporal 2.1% (11648) | None 83.4% (453739)
  MV exact-match (non-zero): spatial-any 14.5% | temporal-any 3.2%
  NEW zero share: pre 10.5% → post 10.5% | axis-zero X 18.1% Y 16.3%
  NEW base selector: Nearest 73.3% (332604) | Near 18.3% (82921) | TopR 3.7% (16752) | TopL 0.7% (3386) | Temporal 4.0% (18076)
  NEW best ref (ideal int-L1): Nearest 41.7% (189079) | Near 20.2% (91728) | TopR 11.8% (53731) | TopL 9.0% (40920) | Temporal 17.3% (78281)
  NEW best-ref L1 saved: avg 1.632px per NEW block
  NEW delta magnitude: mean 3.64px, stddev 3.97px (453739 blocks)
  Magnitude classes (per-axis): C0:34.4% | C1:28.0% | C2:19.7% | C3:11.5% | C4:5.6% | C5:0.8%
  Bias (Δx, Δy): avg (0.0, 0.0) | dx range 0..0 | dy range 0..0

=== Per-frame breakdown ===
#0000 [I] psnrY=46.11 psnrRGB=n/a dssim=0.00067 enc=39.89 ms dec=12.76 ms size=220.3 KiB mv=0 B (raw 0 B) res=220.3 KiB (raw -) skip=0.0% mv0=0.0% cand=- new0=- bias=(0,0) modes=-
#0001 [P] psnrY=41.87 psnrRGB=n/a dssim=0.00253 enc=93.27 ms dec=43.02 ms size=43.6 KiB mv=12.1 KiB (raw 33.8 KiB) res=31.5 KiB (raw 3.6 MiB) skip=49.4% mv0=31.4% cand=3.61 new0=14.5%→14.5% bias=(0,0) modes=Z3%/Nr8%/Na5%/TR2%/TL2%/Nw80%/T0%
#0002 [P] psnrY=41.62 psnrRGB=n/a dssim=0.00288 enc=78.99 ms dec=43.27 ms size=35.8 KiB mv=11.9 KiB (raw 33.2 KiB) res=23.9 KiB (raw 3.4 MiB) skip=51.1% mv0=35.8% cand=4.54 new0=16.9%→16.9% bias=(0,0) modes=Z4%/Nr8%/Na5%/TR2%/TL2%/Nw77%/T1%
#0003 [P] psnrY=41.34 psnrRGB=n/a dssim=0.00302 enc=82.61 ms dec=43.72 ms size=36.1 KiB mv=12.1 KiB (raw 33.4 KiB) res=24.0 KiB (raw 3.6 MiB) skip=48.4% mv0=33.8% cand=4.57 new0=15.3%→15.3% bias=(0,0) modes=Z4%/Nr7%/Na5%/TR2%/TL2%/Nw78%/T2%
#0004 [P] psnrY=41.23 psnrRGB=n/a dssim=0.00320 enc=89.60 ms dec=44.80 ms size=37.8 KiB mv=12.6 KiB (raw 34.0 KiB) res=25.2 KiB (raw 3.6 MiB) skip=48.4% mv0=30.1% cand=4.62 new0=14.1%→14.1% bias=(0,0) modes=Z4%/Nr7%/Na4%/TR2%/TL2%/Nw81%/T1%
#0005 [P] psnrY=40.82 psnrRGB=n/a dssim=0.00346 enc=85.60 ms dec=47.09 ms size=44.1 KiB mv=13.1 KiB (raw 34.6 KiB) res=30.9 KiB (raw 4.0 MiB) skip=42.8% mv0=25.3% cand=4.68 new0=11.6%→11.6% bias=(0,0) modes=Z3%/Nr5%/Na3%/TR1%/TL1%/Nw85%/T1%
#0006 [P] psnrY=39.82 psnrRGB=n/a dssim=0.00455 enc=92.66 ms dec=52.13 ms size=72.2 KiB mv=13.4 KiB (raw 34.1 KiB) res=58.8 KiB (raw 5.9 MiB) skip=16.5% mv0=24.2% cand=4.59 new0=7.3%→7.3% bias=(0,0) modes=Z2%/Nr9%/Na4%/TR2%/TL1%/Nw82%/T1%
#0007 [P] psnrY=39.97 psnrRGB=n/a dssim=0.00458 enc=90.36 ms dec=49.49 ms size=55.7 KiB mv=13.2 KiB (raw 34.4 KiB) res=42.4 KiB (raw 5.1 MiB) skip=27.6% mv0=23.4% cand=4.63 new0=8.2%→8.2% bias=(0,0) modes=Z2%/Nr6%/Na3%/TR2%/TL1%/Nw83%/T2%
#0008 [P] psnrY=39.94 psnrRGB=n/a dssim=0.00479 enc=86.73 ms dec=49.97 ms size=57.5 KiB mv=12.9 KiB (raw 33.5 KiB) res=44.7 KiB (raw 5.3 MiB) skip=24.2% mv0=27.9% cand=4.53 new0=8.6%→8.6% bias=(0,0) modes=Z2%/Nr9%/Na4%/TR2%/TL2%/Nw79%/T3%
#0009 [P] psnrY=40.02 psnrRGB=n/a dssim=0.00496 enc=83.99 ms dec=49.52 ms size=55.0 KiB mv=13.1 KiB (raw 34.0 KiB) res=41.8 KiB (raw 5.2 MiB) skip=25.5% mv0=25.1% cand=4.57 new0=8.2%→8.2% bias=(0,0) modes=Z2%/Nr8%/Na4%/TR2%/TL1%/Nw82%/T2%
#0010 [P] psnrY=39.99 psnrRGB=n/a dssim=0.00477 enc=86.08 ms dec=49.53 ms size=54.8 KiB mv=13.1 KiB (raw 34.2 KiB) res=41.7 KiB (raw 5.2 MiB) skip=25.9% mv0=24.6% cand=4.60 new0=8.7%→8.7% bias=(0,0) modes=Z2%/Nr7%/Na3%/TR1%/TL1%/Nw83%/T2%
#0011 [P] psnrY=39.59 psnrRGB=n/a dssim=0.00515 enc=89.20 ms dec=49.52 ms size=68.6 KiB mv=13.4 KiB (raw 34.1 KiB) res=55.1 KiB (raw 5.7 MiB) skip=19.4% mv0=24.9% cand=4.58 new0=8.4%→8.4% bias=(0,0) modes=Z2%/Nr9%/Na3%/TR1%/TL1%/Nw82%/T1%
#0012 [P] psnrY=39.89 psnrRGB=n/a dssim=0.00474 enc=88.30 ms dec=48.70 ms size=50.8 KiB mv=13.0 KiB (raw 34.3 KiB) res=37.7 KiB (raw 5.0 MiB) skip=29.6% mv0=24.7% cand=4.63 new0=9.3%→9.3% bias=(0,0) modes=Z2%/Nr7%/Na4%/TR2%/TL2%/Nw83%/T1%
#0013 [P] psnrY=40.08 psnrRGB=n/a dssim=0.00436 enc=80.46 ms dec=45.71 ms size=46.0 KiB mv=12.8 KiB (raw 34.1 KiB) res=33.1 KiB (raw 4.7 MiB) skip=33.4% mv0=27.2% cand=4.61 new0=11.0%→11.0% bias=(0,0) modes=Z2%/Nr6%/Na4%/TR2%/TL2%/Nw82%/T2%
#0014 [P] psnrY=40.28 psnrRGB=n/a dssim=0.00419 enc=81.07 ms dec=51.00 ms size=44.5 KiB mv=13.0 KiB (raw 34.3 KiB) res=31.5 KiB (raw 4.4 MiB) skip=38.1% mv0=26.0% cand=4.65 new0=10.5%→10.5% bias=(0,0) modes=Z3%/Nr6%/Na4%/TR2%/TL2%/Nw83%/T2%
#0015 [P] psnrY=40.32 psnrRGB=n/a dssim=0.00410 enc=80.58 ms dec=49.93 ms size=46.3 KiB mv=13.1 KiB (raw 34.4 KiB) res=33.2 KiB (raw 4.3 MiB) skip=38.5% mv0=24.0% cand=4.66 new0=9.2%→9.2% bias=(0,0) modes=Z2%/Nr6%/Na3%/TR2%/TL2%/Nw84%/T2%
#0016 [P] psnrY=39.77 psnrRGB=n/a dssim=0.00475 enc=87.88 ms dec=52.14 ms size=66.5 KiB mv=13.8 KiB (raw 34.8 KiB) res=52.7 KiB (raw 5.4 MiB) skip=22.5% mv0=20.9% cand=4.67 new0=7.3%→7.3% bias=(0,0) modes=Z2%/Nr7%/Na3%/TR1%/TL1%/Nw85%/T1%
#0017 [P] psnrY=40.01 psnrRGB=n/a dssim=0.00453 enc=82.62 ms dec=48.56 ms size=49.2 KiB mv=13.0 KiB (raw 34.7 KiB) res=36.1 KiB (raw 4.9 MiB) skip=30.3% mv0=23.8% cand=4.69 new0=10.1%→10.1% bias=(0,0) modes=Z2%/Nr6%/Na3%/TR2%/TL1%/Nw85%/T1%
#0018 [P] psnrY=40.07 psnrRGB=n/a dssim=0.00441 enc=81.67 ms dec=48.71 ms size=50.5 KiB mv=13.1 KiB (raw 34.7 KiB) res=37.4 KiB (raw 4.8 MiB) skip=31.4% mv0=23.9% cand=4.69 new0=10.3%→10.3% bias=(0,0) modes=Z2%/Nr5%/Na3%/TR2%/TL1%/Nw85%/T2%
#0019 [P] psnrY=40.13 psnrRGB=n/a dssim=0.00445 enc=80.58 ms dec=48.75 ms size=51.5 KiB mv=13.5 KiB (raw 34.9 KiB) res=38.0 KiB (raw 5.0 MiB) skip=28.7% mv0=21.1% cand=4.71 new0=8.6%→8.6% bias=(0,0) modes=Z2%/Nr5%/Na3%/TR2%/TL1%/Nw86%/T1%
#0020 [P] psnrY=39.99 psnrRGB=n/a dssim=0.00442 enc=81.00 ms dec=47.30 ms size=52.0 KiB mv=13.4 KiB (raw 34.8 KiB) res=38.6 KiB (raw 5.2 MiB) skip=26.3% mv0=21.8% cand=4.70 new0=8.4%→8.4% bias=(0,0) modes=Z2%/Nr5%/Na3%/TR2%/TL2%/Nw85%/T2%
#0021 [P] psnrY=39.56 psnrRGB=n/a dssim=0.00539 enc=87.83 ms dec=52.50 ms size=76.4 KiB mv=13.7 KiB (raw 34.4 KiB) res=62.6 KiB (raw 6.1 MiB) skip=13.8% mv0=22.6% cand=4.63 new0=7.4%→7.4% bias=(0,0) modes=Z1%/Nr8%/Na3%/TR1%/TL1%/Nw84%/T1%
#0022 [P] psnrY=39.98 psnrRGB=n/a dssim=0.00501 enc=83.35 ms dec=48.36 ms size=52.0 KiB mv=13.2 KiB (raw 34.4 KiB) res=38.7 KiB (raw 5.1 MiB) skip=27.0% mv0=24.7% cand=4.65 new0=9.5%→9.5% bias=(0,0) modes=Z2%/Nr7%/Na4%/TR2%/TL2%/Nw83%/T1%
#0023 [P] psnrY=40.00 psnrRGB=n/a dssim=0.00473 enc=79.31 ms dec=46.82 ms size=51.0 KiB mv=12.7 KiB (raw 34.0 KiB) res=38.3 KiB (raw 5.2 MiB) skip=26.5% mv0=27.3% cand=4.59 new0=10.6%→10.6% bias=(0,0) modes=Z2%/Nr8%/Na4%/TR2%/TL1%/Nw81%/T2%
#0024 [P] psnrY=40.12 psnrRGB=n/a dssim=0.00471 enc=79.84 ms dec=48.28 ms size=50.0 KiB mv=12.8 KiB (raw 34.0 KiB) res=37.3 KiB (raw 5.1 MiB) skip=27.4% mv0=26.9% cand=4.58 new0=10.1%→10.1% bias=(0,0) modes=Z2%/Nr8%/Na4%/TR2%/TL1%/Nw81%/T2%
#0025 [P] psnrY=39.99 psnrRGB=n/a dssim=0.00454 enc=80.09 ms dec=47.32 ms size=51.3 KiB mv=12.9 KiB (raw 34.5 KiB) res=38.3 KiB (raw 5.2 MiB) skip=26.5% mv0=25.0% cand=4.64 new0=10.4%→10.4% bias=(0,0) modes=Z2%/Nr6%/Na3%/TR2%/TL1%/Nw84%/T2%
#0026 [P] psnrY=39.63 psnrRGB=n/a dssim=0.00469 enc=87.55 ms dec=50.33 ms size=66.8 KiB mv=13.5 KiB (raw 34.7 KiB) res=53.2 KiB (raw 5.4 MiB) skip=23.4% mv0=22.2% cand=4.66 new0=8.2%→8.2% bias=(0,0) modes=Z1%/Nr7%/Na3%/TR1%/TL1%/Nw85%/T1%
#0027 [P] psnrY=39.88 psnrRGB=n/a dssim=0.00449 enc=83.61 ms dec=47.04 ms size=50.1 KiB mv=13.2 KiB (raw 34.9 KiB) res=36.9 KiB (raw 4.9 MiB) skip=30.4% mv0=21.7% cand=4.72 new0=9.3%→9.3% bias=(0,0) modes=Z2%/Nr5%/Na3%/TR1%/TL1%/Nw86%/T1%
#0028 [P] psnrY=39.93 psnrRGB=n/a dssim=0.00438 enc=84.30 ms dec=49.44 ms size=49.7 KiB mv=13.0 KiB (raw 34.5 KiB) res=36.6 KiB (raw 4.8 MiB) skip=31.3% mv0=22.9% cand=4.68 new0=8.5%→8.5% bias=(0,0) modes=Z2%/Nr6%/Na4%/TR2%/TL2%/Nw84%/T2%
#0029 [P] psnrY=40.00 psnrRGB=n/a dssim=0.00443 enc=82.38 ms dec=48.68 ms size=49.8 KiB mv=12.8 KiB (raw 34.4 KiB) res=36.9 KiB (raw 4.9 MiB) skip=30.6% mv0=24.7% cand=4.65 new0=9.6%→9.6% bias=(0,0) modes=Z2%/Nr6%/Na4%/TR2%/TL2%/Nw83%/T1%
#0030 [I] psnrY=45.94 psnrRGB=n/a dssim=0.00070 enc=30.64 ms dec=12.32 ms size=231.3 KiB mv=0 B (raw 0 B) res=231.3 KiB (raw -) skip=0.0% mv0=0.0% cand=- new0=- bias=(0,0) modes=-
#0031 [P] psnrY=40.37 psnrRGB=n/a dssim=0.00415 enc=88.83 ms dec=52.99 ms size=73.1 KiB mv=13.4 KiB (raw 34.2 KiB) res=59.7 KiB (raw 6.2 MiB) skip=11.7% mv0=22.1% cand=3.60 new0=5.8%→5.8% bias=(0,0) modes=Z1%/Nr10%/Na3%/TR1%/TL1%/Nw83%/T0%
#0032 [P] psnrY=40.35 psnrRGB=n/a dssim=0.00410 enc=80.86 ms dec=47.07 ms size=52.8 KiB mv=13.8 KiB (raw 35.4 KiB) res=38.9 KiB (raw 5.0 MiB) skip=28.2% mv0=19.0% cand=4.76 new0=8.7%→8.7% bias=(0,0) modes=Z2%/Nr4%/Na2%/TR1%/TL1%/Nw89%/T1%
#0033 [P] psnrY=39.97 psnrRGB=n/a dssim=0.00420 enc=82.81 ms dec=48.73 ms size=54.4 KiB mv=13.4 KiB (raw 34.8 KiB) res=41.0 KiB (raw 5.2 MiB) skip=25.7% mv0=22.8% cand=4.71 new0=9.9%→9.9% bias=(0,0) modes=Z2%/Nr5%/Na3%/TR1%/TL1%/Nw86%/T2%
#0034 [P] psnrY=40.20 psnrRGB=n/a dssim=0.00424 enc=81.83 ms dec=47.18 ms size=49.1 KiB mv=12.7 KiB (raw 33.9 KiB) res=36.3 KiB (raw 4.7 MiB) skip=32.9% mv0=28.6% cand=4.59 new0=11.7%→11.7% bias=(0,0) modes=Z2%/Nr8%/Na4%/TR2%/TL2%/Nw81%/T1%
#0035 [P] psnrY=40.14 psnrRGB=n/a dssim=0.00445 enc=86.80 ms dec=46.30 ms size=52.3 KiB mv=12.5 KiB (raw 33.6 KiB) res=39.7 KiB (raw 5.1 MiB) skip=27.3% mv0=28.9% cand=4.53 new0=10.4%→10.4% bias=(0,0) modes=Z2%/Nr9%/Na4%/TR2%/TL2%/Nw79%/T2%
#0036 [P] psnrY=39.63 psnrRGB=n/a dssim=0.00517 enc=85.56 ms dec=53.50 ms size=75.2 KiB mv=13.5 KiB (raw 34.2 KiB) res=61.7 KiB (raw 6.2 MiB) skip=11.3% mv0=21.9% cand=4.59 new0=5.5%→5.5% bias=(0,0) modes=Z1%/Nr9%/Na3%/TR2%/TL1%/Nw83%/T1%
#0037 [P] psnrY=39.86 psnrRGB=n/a dssim=0.00493 enc=84.57 ms dec=47.83 ms size=56.3 KiB mv=13.4 KiB (raw 34.9 KiB) res=42.9 KiB (raw 5.4 MiB) skip=23.8% mv0=21.7% cand=4.70 new0=8.9%→8.9% bias=(0,0) modes=Z1%/Nr5%/Na3%/TR2%/TL2%/Nw86%/T2%
#0038 [P] psnrY=39.95 psnrRGB=n/a dssim=0.00472 enc=85.16 ms dec=49.18 ms size=54.9 KiB mv=13.1 KiB (raw 34.3 KiB) res=41.8 KiB (raw 5.3 MiB) skip=25.0% mv0=24.7% cand=4.61 new0=9.2%→9.2% bias=(0,0) modes=Z1%/Nr7%/Na4%/TR2%/TL2%/Nw83%/T2%
#0039 [P] psnrY=39.91 psnrRGB=n/a dssim=0.00477 enc=84.41 ms dec=49.67 ms size=55.2 KiB mv=13.2 KiB (raw 34.5 KiB) res=42.0 KiB (raw 5.3 MiB) skip=25.0% mv0=23.4% cand=4.63 new0=8.8%→8.8% bias=(0,0) modes=Z1%/Nr6%/Na3%/TR2%/TL2%/Nw84%/T2%
#0040 [P] psnrY=39.96 psnrRGB=n/a dssim=0.00452 enc=83.38 ms dec=49.61 ms size=53.1 KiB mv=12.9 KiB (raw 34.5 KiB) res=40.2 KiB (raw 5.1 MiB) skip=28.0% mv0=24.4% cand=4.63 new0=9.9%→9.9% bias=(0,0) modes=Z1%/Nr6%/Na4%/TR2%/TL1%/Nw84%/T2%
#0041 [P] psnrY=39.49 psnrRGB=n/a dssim=0.00537 enc=89.32 ms dec=53.10 ms size=75.5 KiB mv=13.1 KiB (raw 33.8 KiB) res=62.4 KiB (raw 6.0 MiB) skip=15.4% mv0=25.9% cand=4.54 new0=7.4%→7.4% bias=(0,0) modes=Z1%/Nr10%/Na4%/TR2%/TL1%/Nw80%/T1%
#0042 [P] psnrY=39.95 psnrRGB=n/a dssim=0.00488 enc=81.51 ms dec=50.83 ms size=51.0 KiB mv=13.2 KiB (raw 34.8 KiB) res=37.8 KiB (raw 5.2 MiB) skip=26.7% mv0=21.5% cand=4.70 new0=8.2%→8.2% bias=(0,0) modes=Z1%/Nr5%/Na3%/TR2%/TL2%/Nw85%/T1%
#0043 [P] psnrY=40.15 psnrRGB=n/a dssim=0.00455 enc=81.07 ms dec=47.20 ms size=46.7 KiB mv=12.8 KiB (raw 34.4 KiB) res=33.9 KiB (raw 4.9 MiB) skip=30.5% mv0=25.2% cand=4.66 new0=10.6%→10.6% bias=(0,0) modes=Z2%/Nr6%/Na3%/TR2%/TL2%/Nw84%/T2%
#0044 [P] psnrY=40.29 psnrRGB=n/a dssim=0.00436 enc=80.85 ms dec=48.70 ms size=43.5 KiB mv=12.4 KiB (raw 34.0 KiB) res=31.0 KiB (raw 4.7 MiB) skip=33.4% mv0=28.1% cand=4.62 new0=11.3%→11.3% bias=(0,0) modes=Z2%/Nr7%/Na4%/TR2%/TL2%/Nw81%/T2%
#0045 [P] psnrY=40.29 psnrRGB=n/a dssim=0.00417 enc=82.70 ms dec=45.95 ms size=44.1 KiB mv=12.5 KiB (raw 34.2 KiB) res=31.7 KiB (raw 4.6 MiB) skip=34.3% mv0=27.2% cand=4.63 new0=11.7%→11.7% bias=(0,0) modes=Z2%/Nr7%/Na4%/TR2%/TL2%/Nw82%/T2%
#0046 [P] psnrY=38.82 psnrRGB=n/a dssim=0.00767 enc=96.33 ms dec=58.59 ms size=123.7 KiB mv=12.8 KiB (raw 33.1 KiB) res=110.8 KiB (raw 7.0 MiB) skip=0.0% mv0=26.6% cand=4.44 new0=4.2%→4.2% bias=(0,0) modes=Z1%/Nr16%/Na4%/TR1%/TL1%/Nw77%/T0%
#0047 [P] psnrY=40.06 psnrRGB=n/a dssim=0.00557 enc=78.48 ms dec=46.21 ms size=36.9 KiB mv=13.1 KiB (raw 34.1 KiB) res=23.7 KiB (raw 4.3 MiB) skip=38.2% mv0=26.8% cand=4.63 new0=10.6%→10.6% bias=(0,0) modes=Z2%/Nr7%/Na4%/TR2%/TL1%/Nw82%/T1%
#0048 [P] psnrY=40.77 psnrRGB=n/a dssim=0.00452 enc=79.14 ms dec=42.63 ms size=30.9 KiB mv=12.7 KiB (raw 33.3 KiB) res=18.2 KiB (raw 3.2 MiB) skip=54.0% mv0=31.0% cand=4.53 new0=11.1%→11.1% bias=(0,0) modes=Z2%/Nr8%/Na5%/TR2%/TL2%/Nw78%/T4%
#0049 [P] psnrY=41.03 psnrRGB=n/a dssim=0.00415 enc=77.11 ms dec=41.54 ms size=35.5 KiB mv=13.2 KiB (raw 34.0 KiB) res=22.3 KiB (raw 3.2 MiB) skip=55.0% mv0=27.6% cand=4.64 new0=11.0%→11.0% bias=(0,0) modes=Z2%/Nr6%/Na4%/TR2%/TL2%/Nw81%/T3%
#0050 [P] psnrY=41.33 psnrRGB=n/a dssim=0.00381 enc=74.70 ms dec=42.27 ms size=30.3 KiB mv=12.8 KiB (raw 33.7 KiB) res=17.5 KiB (raw 3.0 MiB) skip=56.7% mv0=30.1% cand=4.61 new0=12.3%→12.3% bias=(0,0) modes=Z2%/Nr7%/Na4%/TR2%/TL2%/Nw80%/T3%
#0051 [P] psnrY=41.53 psnrRGB=n/a dssim=0.00358 enc=82.36 ms dec=40.68 ms size=29.1 KiB mv=12.3 KiB (raw 32.8 KiB) res=16.8 KiB (raw 2.8 MiB) skip=60.3% mv0=35.6% cand=4.47 new0=14.1%→14.1% bias=(0,0) modes=Z3%/Nr8%/Na5%/TR2%/TL2%/Nw75%/T5%
#0052 [P] psnrY=41.52 psnrRGB=n/a dssim=0.00357 enc=79.14 ms dec=43.57 ms size=30.7 KiB mv=12.5 KiB (raw 33.0 KiB) res=18.2 KiB (raw 3.0 MiB) skip=57.2% mv0=34.3% cand=4.50 new0=13.4%→13.4% bias=(0,0) modes=Z3%/Nr7%/Na5%/TR2%/TL2%/Nw76%/T6%
#0053 [P] psnrY=41.74 psnrRGB=n/a dssim=0.00339 enc=75.27 ms dec=39.95 ms size=28.3 KiB mv=12.0 KiB (raw 32.7 KiB) res=16.3 KiB (raw 2.6 MiB) skip=63.7% mv0=38.0% cand=4.48 new0=16.4%→16.4% bias=(0,0) modes=Z3%/Nr8%/Na5%/TR2%/TL2%/Nw74%/T5%
#0054 [P] psnrY=41.63 psnrRGB=n/a dssim=0.00349 enc=74.20 ms dec=41.17 ms size=35.0 KiB mv=12.7 KiB (raw 33.6 KiB) res=22.3 KiB (raw 2.9 MiB) skip=58.8% mv0=31.6% cand=4.61 new0=13.7%→13.7% bias=(0,0) modes=Z3%/Nr7%/Na4%/TR2%/TL2%/Nw79%/T3%
#0055 [P] psnrY=41.69 psnrRGB=n/a dssim=0.00347 enc=73.34 ms dec=39.41 ms size=31.0 KiB mv=12.3 KiB (raw 33.2 KiB) res=18.7 KiB (raw 2.7 MiB) skip=61.5% mv0=35.1% cand=4.57 new0=15.9%→15.9% bias=(0,0) modes=Z4%/Nr7%/Na4%/TR2%/TL2%/Nw77%/T3%
#0056 [P] psnrY=41.83 psnrRGB=n/a dssim=0.00343 enc=73.78 ms dec=40.82 ms size=29.7 KiB mv=12.0 KiB (raw 32.6 KiB) res=17.6 KiB (raw 2.6 MiB) skip=62.6% mv0=37.4% cand=4.46 new0=15.4%→15.4% bias=(0,0) modes=Z4%/Nr9%/Na5%/TR2%/TL2%/Nw74%/T4%
#0057 [P] psnrY=41.89 psnrRGB=n/a dssim=0.00348 enc=73.02 ms dec=41.61 ms size=29.5 KiB mv=12.1 KiB (raw 32.8 KiB) res=17.4 KiB (raw 2.7 MiB) skip=62.0% mv0=37.0% cand=4.49 new0=15.9%→15.9% bias=(0,0) modes=Z4%/Nr8%/Na5%/TR2%/TL2%/Nw75%/T4%
#0058 [P] psnrY=41.89 psnrRGB=n/a dssim=0.00349 enc=76.27 ms dec=42.05 ms size=29.5 KiB mv=11.9 KiB (raw 32.3 KiB) res=17.6 KiB (raw 2.7 MiB) skip=61.5% mv0=39.2% cand=4.43 new0=16.0%→16.0% bias=(0,0) modes=Z5%/Nr8%/Na5%/TR2%/TL2%/Nw72%/T6%
#0059 [P] psnrY=41.80 psnrRGB=n/a dssim=0.00368 enc=78.92 ms dec=43.31 ms size=33.7 KiB mv=12.1 KiB (raw 33.0 KiB) res=21.6 KiB (raw 2.8 MiB) skip=60.4% mv0=35.4% cand=4.52 new0=14.8%→14.8% bias=(0,0) modes=Z5%/Nr9%/Na4%/TR2%/TL2%/Nw76%/T3%
